C51 COMPILER V9.54   MAIN                                                                  07/16/2026 16:11:57 PAGE 1   


C51 COMPILER V9.54, COMPILATION OF MODULE MAIN
OBJECT MODULE PLACED IN .\Objects\main.obj
COMPILER INVOKED BY: D:\Keil_v5\C51\BIN\C51.EXE main.c OPTIMIZE(8,SPEED) BROWSE DEBUG OBJECTEXTEND PRINT(.\Listings\main
                    -.lst) OBJECT(.\Objects\main.obj)

line level    source

   1          #include <REGX52.H>
   2          #include <INTRINS.H>
   3          #include <string.h>
   4          
   5          unsigned char str[8] = {0XFE,0XFD,0XFB,0XF7,0XEF,0XDF,0XBF,0X7F};
   6          
   7          void Delay500ms() //12MHZ   T = 12 / fosc = 12 / 12 000 000 = 1us
   8          { 
   9   1              unsigned char i,j,k;
  10   1              
  11   1              _nop_(); //空指令，占一个机器周期，1us
  12   1              i = 4;
  13   1              j = 205;
  14   1              k = 187;
  15   1              do{
  16   2                      do{
  17   3                              while (--k);
  18   3                      }while(--j);
  19   2              }while(--i);
  20   1      }
  21          
  22          
  23          void Mode1(){
  24   1              while(1){
  25   2                      P2 = 0XFE; // 1111 1110
  26   2                      Delay500ms();
  27   2                      P2 = 0XFD; // 1111 1101
  28   2                      Delay500ms();
  29   2                      P2 = 0XFB; // 1111 1011
  30   2                      Delay500ms(); 
  31   2                      P2 = 0XF7; // 1111 0111
  32   2                      Delay500ms();
  33   2                      P2 = 0XEF; // 1110 1111
  34   2                      Delay500ms();
  35   2                      P2 = 0XDF; // 1101 1111
  36   2                      Delay500ms();
  37   2                      P2 = 0XBF; // 1011 1111
  38   2                      Delay500ms();
  39   2                      P2 = 0X7F; // 0111 1111
  40   2                      Delay500ms();
  41   2              }
  42   1      }
  43          
  44          void Mode2(){
  45   1              P2 = 0XFE;
  46   1              while(1){
  47   2                      Delay500ms();
  48   2                      P2 = (P2 << 1) | 0x01; //左移后末尾补1
  49   2              
  50   2                      if(P2 == 0x7F){
  51   3                              P2 == 0x7F;
*** WARNING C275 IN LINE 51 OF main.c: expression with possibly no effect
  52   3                              Delay500ms();
  53   3                              P2 = 0xFE;
C51 COMPILER V9.54   MAIN                                                                  07/16/2026 16:11:57 PAGE 2   

  54   3                      }
  55   2              }
  56   1      }
  57          
  58          void Mode3(){
  59   1              P2 = 0XFE;
  60   1              while(1){
  61   2                      Delay500ms();
  62   2                      P2 = (P2 << 1) | 0x01; //左移后末尾补1
  63   2              
  64   2                      if(P2 == 0x7F){
  65   3                              while(1){
  66   4                                      Delay500ms();
  67   4                                      P2 = (P2 >> 1) | 0x80; //右移后首位补1
  68   4                                      if(P2 == 0xFE){
  69   5                                              break;
  70   5                                      }
  71   4                                      else{
  72   5                                              P2 == 0xFE;
*** WARNING C275 IN LINE 72 OF main.c: expression with possibly no effect
  73   5                                      }
  74   4                              }
  75   3                      }
  76   2                      else{
  77   3                              P2 == 0x7F;
*** WARNING C275 IN LINE 77 OF main.c: expression with possibly no effect
  78   3                      }
  79   2              }
  80   1      }
  81          
  82          void Mode4(){
  83   1              while(1){
  84   2                      int i = 0;
  85   2                      for(;i < strlen(str);i ++){
  86   3                              P2 = str[i];
  87   3                              Delay500ms();
  88   3                      }
  89   2                      for(i = strlen(str) - 1;i >= 0;i --){
  90   3                              P2 = str[i];
  91   3                              Delay500ms();
  92   3                      }
  93   2              }
  94   1              
  95   1      }
  96          
  97          
  98          void main(){
  99   1              //Mode1();
 100   1              //Mode2();
 101   1              //Mode3();
 102   1              Mode4();
 103   1      }


MODULE INFORMATION:   STATIC OVERLAYABLE
   CODE SIZE        =    220    ----
   CONSTANT SIZE    =   ----    ----
   XDATA SIZE       =   ----    ----
   PDATA SIZE       =   ----    ----
   DATA SIZE        =      8       2
   IDATA SIZE       =   ----    ----
   BIT SIZE         =   ----    ----
C51 COMPILER V9.54   MAIN                                                                  07/16/2026 16:11:57 PAGE 3   

END OF MODULE INFORMATION.


C51 COMPILATION COMPLETE.  3 WARNING(S),  0 ERROR(S)
