Copyright 1986-2021 Xilinx, Inc. All Rights Reserved.
--------------------------------------------------------------------------------------------------------------------------------------------------------------------------------------------
| Tool Version : Vivado v.2021.1 (win64) Build 3247384 Thu Jun 10 19:36:33 MDT 2021
| Date         : Sun Jul 26 16:59:58 2026
| Host         : DESKTOP-6T21VQQ running 64-bit major release  (build 9200)
| Command      : report_timing_summary -max_paths 10 -file top_key_timing_summary_routed.rpt -pb top_key_timing_summary_routed.pb -rpx top_key_timing_summary_routed.rpx -warn_on_violation
| Design       : top_key
| Device       : 7z015-clg485
| Speed File   : -2  PRODUCTION 1.12 2019-11-22
--------------------------------------------------------------------------------------------------------------------------------------------------------------------------------------------

Timing Summary Report

------------------------------------------------------------------------------------------------
| Timer Settings
| --------------
------------------------------------------------------------------------------------------------

  Enable Multi Corner Analysis               :  Yes
  Enable Pessimism Removal                   :  Yes
  Pessimism Removal Resolution               :  Nearest Common Node
  Enable Input Delay Default Clock           :  No
  Enable Preset / Clear Arcs                 :  No
  Disable Flight Delays                      :  No
  Ignore I/O Paths                           :  No
  Timing Early Launch at Borrowing Latches   :  No
  Borrow Time for Max Delay Exceptions       :  Yes
  Merge Timing Exceptions                    :  Yes

  Corner  Analyze    Analyze    
  Name    Max Paths  Min Paths  
  ------  ---------  ---------  
  Slow    Yes        Yes        
  Fast    Yes        Yes        


------------------------------------------------------------------------------------------------
| Report Methodology
| ------------------
------------------------------------------------------------------------------------------------

Rule       Severity  Description                    Violations  
---------  --------  -----------------------------  ----------  
TIMING-18  Warning   Missing input or output delay  6           

Note: This report is based on the most recent report_methodology run and may not be up-to-date. Run report_methodology on the current design for the latest report.



check_timing report

Table of Contents
-----------------
1. checking no_clock (0)
2. checking constant_clock (0)
3. checking pulse_width_clock (0)
4. checking unconstrained_internal_endpoints (0)
5. checking no_input_delay (2)
6. checking no_output_delay (4)
7. checking multiple_clock (0)
8. checking generated_clocks (0)
9. checking loops (0)
10. checking partial_input_delay (0)
11. checking partial_output_delay (0)
12. checking latch_loops (0)

1. checking no_clock (0)
------------------------
 There are 0 register/latch pins with no clock.


2. checking constant_clock (0)
------------------------------
 There are 0 register/latch pins with constant_clock.


3. checking pulse_width_clock (0)
---------------------------------
 There are 0 register/latch pins which need pulse_width check


4. checking unconstrained_internal_endpoints (0)
------------------------------------------------
 There are 0 pins that are not constrained for maximum delay.

 There are 0 pins that are not constrained for maximum delay due to constant clock.


5. checking no_input_delay (2)
------------------------------
 There are 2 input ports with no input delay specified. (HIGH)

 There are 0 input ports with no input delay but user has a false path constraint.


6. checking no_output_delay (4)
-------------------------------
 There are 4 ports with no output delay specified. (HIGH)

 There are 0 ports with no output delay but user has a false path constraint

 There are 0 ports with no output delay but with a timing clock defined on it or propagating through it


7. checking multiple_clock (0)
------------------------------
 There are 0 register/latch pins with multiple clocks.


8. checking generated_clocks (0)
--------------------------------
 There are 0 generated clocks that are not connected to a clock source.


9. checking loops (0)
---------------------
 There are 0 combinational loops in the design.


10. checking partial_input_delay (0)
------------------------------------
 There are 0 input ports with partial input delay specified.


11. checking partial_output_delay (0)
-------------------------------------
 There are 0 ports with partial output delay specified.


12. checking latch_loops (0)
----------------------------
 There are 0 combinational latch loops in the design through latch input



------------------------------------------------------------------------------------------------
| Design Timing Summary
| ---------------------
------------------------------------------------------------------------------------------------

    WNS(ns)      TNS(ns)  TNS Failing Endpoints  TNS Total Endpoints      WHS(ns)      THS(ns)  THS Failing Endpoints  THS Total Endpoints     WPWS(ns)     TPWS(ns)  TPWS Failing Endpoints  TPWS Total Endpoints  
    -------      -------  ---------------------  -------------------      -------      -------  ---------------------  -------------------     --------     --------  ----------------------  --------------------  
      6.171        0.000                      0                   44        0.066        0.000                      0                   44        4.146        0.000                       0                    38  


All user specified timing constraints are met.


------------------------------------------------------------------------------------------------
| Clock Summary
| -------------
------------------------------------------------------------------------------------------------

Clock   Waveform(ns)       Period(ns)      Frequency(MHz)
-----   ------------       ----------      --------------
sysclk  {0.000 5.000}      10.000          100.000         


------------------------------------------------------------------------------------------------
| Intra Clock Table
| -----------------
------------------------------------------------------------------------------------------------

Clock             WNS(ns)      TNS(ns)  TNS Failing Endpoints  TNS Total Endpoints      WHS(ns)      THS(ns)  THS Failing Endpoints  THS Total Endpoints     WPWS(ns)     TPWS(ns)  TPWS Failing Endpoints  TPWS Total Endpoints  
-----             -------      -------  ---------------------  -------------------      -------      -------  ---------------------  -------------------     --------     --------  ----------------------  --------------------  
sysclk              6.171        0.000                      0                   44        0.066        0.000                      0                   44        4.146        0.000                       0                    38  


------------------------------------------------------------------------------------------------
| Inter Clock Table
| -----------------
------------------------------------------------------------------------------------------------

From Clock    To Clock          WNS(ns)      TNS(ns)  TNS Failing Endpoints  TNS Total Endpoints      WHS(ns)      THS(ns)  THS Failing Endpoints  THS Total Endpoints  
----------    --------          -------      -------  ---------------------  -------------------      -------      -------  ---------------------  -------------------  


------------------------------------------------------------------------------------------------
| Other Path Groups Table
| -----------------------
------------------------------------------------------------------------------------------------

Path Group    From Clock    To Clock          WNS(ns)      TNS(ns)  TNS Failing Endpoints  TNS Total Endpoints      WHS(ns)      THS(ns)  THS Failing Endpoints  THS Total Endpoints  
----------    ----------    --------          -------      -------  ---------------------  -------------------      -------      -------  ---------------------  -------------------  


------------------------------------------------------------------------------------------------
| Timing Details
| --------------
------------------------------------------------------------------------------------------------


---------------------------------------------------------------------------------------------------
From Clock:  sysclk
  To Clock:  sysclk

Setup :            0  Failing Endpoints,  Worst Slack        6.171ns,  Total Violation        0.000ns
Hold  :            0  Failing Endpoints,  Worst Slack        0.066ns,  Total Violation        0.000ns
PW    :            0  Failing Endpoints,  Worst Slack        4.146ns,  Total Violation        0.000ns
---------------------------------------------------------------------------------------------------


Max Delay Paths
--------------------------------------------------------------------------------------
Slack (MET) :             6.171ns  (required time - arrival time)
  Source:                 key1_inst/t25ms_cnt_reg[9]/C
                            (rising edge-triggered cell FDRE clocked by sysclk  {rise@0.000ns fall@5.000ns period=10.000ns})
  Destination:            key1_inst/FSM_onehot_key_s_reg[0]/CE
                            (rising edge-triggered cell FDSE clocked by sysclk  {rise@0.000ns fall@5.000ns period=10.000ns})
  Path Group:             sysclk
  Path Type:              Setup (Max at Slow Process Corner)
  Requirement:            10.000ns  (sysclk rise@10.000ns - sysclk rise@0.000ns)
  Data Path Delay:        3.595ns  (logic 0.840ns (23.365%)  route 2.755ns (76.635%))
  Logic Levels:           3  (LUT4=1 LUT6=2)
  Clock Path Skew:        -0.030ns (DCD - SCD + CPR)
    Destination Clock Delay (DCD):    4.417ns = ( 14.417 - 10.000 ) 
    Source Clock Delay      (SCD):    4.827ns
    Clock Pessimism Removal (CPR):    0.380ns
  Clock Uncertainty:      0.035ns  ((TSJ^2 + TIJ^2)^1/2 + DJ) / 2 + PE
    Total System Jitter     (TSJ):    0.071ns
    Total Input Jitter      (TIJ):    0.000ns
    Discrete Jitter          (DJ):    0.000ns
    Phase Error              (PE):    0.000ns

    Location             Delay type                Incr(ns)  Path(ns)    Netlist Resource(s)
  -------------------------------------------------------------------    -------------------
                         (clock sysclk rise edge)     0.000     0.000 r  
    L5                                                0.000     0.000 r  sys_clk (IN)
                         net (fo=0)                   0.000     0.000    sys_clk
    L5                   IBUF (Prop_ibuf_I_O)         1.382     1.382 r  sys_clk_IBUF_inst/O
                         net (fo=1, routed)           1.824     3.206    sys_clk_IBUF
    BUFGCTRL_X0Y16       BUFG (Prop_bufg_I_O)         0.085     3.291 r  sys_clk_IBUF_BUFG_inst/O
                         net (fo=37, routed)          1.536     4.827    key1_inst/sys_clk_IBUF_BUFG
    SLICE_X2Y7           FDRE                                         r  key1_inst/t25ms_cnt_reg[9]/C
  -------------------------------------------------------------------    -------------------
    SLICE_X2Y7           FDRE (Prop_fdre_C_Q)         0.398     5.225 f  key1_inst/t25ms_cnt_reg[9]/Q
                         net (fo=2, routed)           0.710     5.935    key1_inst/t25ms_cnt_reg_n_0_[9]
    SLICE_X2Y7           LUT4 (Prop_lut4_I1_O)        0.232     6.167 f  key1_inst/FSM_onehot_key_s[3]_i_7/O
                         net (fo=1, routed)           0.823     6.991    key1_inst/FSM_onehot_key_s[3]_i_7_n_0
    SLICE_X2Y8           LUT6 (Prop_lut6_I2_O)        0.105     7.096 f  key1_inst/FSM_onehot_key_s[3]_i_4/O
                         net (fo=24, routed)          0.678     7.773    key1_inst/FSM_onehot_key_s[3]_i_4_n_0
    SLICE_X1Y11          LUT6 (Prop_lut6_I2_O)        0.105     7.878 r  key1_inst/FSM_onehot_key_s[3]_i_2/O
                         net (fo=4, routed)           0.544     8.422    key1_inst/FSM_onehot_key_s[3]_i_2_n_0
    SLICE_X1Y11          FDSE                                         r  key1_inst/FSM_onehot_key_s_reg[0]/CE
  -------------------------------------------------------------------    -------------------

                         (clock sysclk rise edge)    10.000    10.000 r  
    L5                                                0.000    10.000 r  sys_clk (IN)
                         net (fo=0)                   0.000    10.000    sys_clk
    L5                   IBUF (Prop_ibuf_I_O)         1.317    11.317 r  sys_clk_IBUF_inst/O
                         net (fo=1, routed)           1.652    12.969    sys_clk_IBUF
    BUFGCTRL_X0Y16       BUFG (Prop_bufg_I_O)         0.077    13.046 r  sys_clk_IBUF_BUFG_inst/O
                         net (fo=37, routed)          1.372    14.417    key1_inst/sys_clk_IBUF_BUFG
    SLICE_X1Y11          FDSE                                         r  key1_inst/FSM_onehot_key_s_reg[0]/C
                         clock pessimism              0.380    14.797    
                         clock uncertainty           -0.035    14.762    
    SLICE_X1Y11          FDSE (Setup_fdse_C_CE)      -0.168    14.594    key1_inst/FSM_onehot_key_s_reg[0]
  -------------------------------------------------------------------
                         required time                         14.594    
                         arrival time                          -8.422    
  -------------------------------------------------------------------
                         slack                                  6.171    

Slack (MET) :             6.171ns  (required time - arrival time)
  Source:                 key1_inst/t25ms_cnt_reg[9]/C
                            (rising edge-triggered cell FDRE clocked by sysclk  {rise@0.000ns fall@5.000ns period=10.000ns})
  Destination:            key1_inst/FSM_onehot_key_s_reg[1]/CE
                            (rising edge-triggered cell FDRE clocked by sysclk  {rise@0.000ns fall@5.000ns period=10.000ns})
  Path Group:             sysclk
  Path Type:              Setup (Max at Slow Process Corner)
  Requirement:            10.000ns  (sysclk rise@10.000ns - sysclk rise@0.000ns)
  Data Path Delay:        3.595ns  (logic 0.840ns (23.365%)  route 2.755ns (76.635%))
  Logic Levels:           3  (LUT4=1 LUT6=2)
  Clock Path Skew:        -0.030ns (DCD - SCD + CPR)
    Destination Clock Delay (DCD):    4.417ns = ( 14.417 - 10.000 ) 
    Source Clock Delay      (SCD):    4.827ns
    Clock Pessimism Removal (CPR):    0.380ns
  Clock Uncertainty:      0.035ns  ((TSJ^2 + TIJ^2)^1/2 + DJ) / 2 + PE
    Total System Jitter     (TSJ):    0.071ns
    Total Input Jitter      (TIJ):    0.000ns
    Discrete Jitter          (DJ):    0.000ns
    Phase Error              (PE):    0.000ns

    Location             Delay type                Incr(ns)  Path(ns)    Netlist Resource(s)
  -------------------------------------------------------------------    -------------------
                         (clock sysclk rise edge)     0.000     0.000 r  
    L5                                                0.000     0.000 r  sys_clk (IN)
                         net (fo=0)                   0.000     0.000    sys_clk
    L5                   IBUF (Prop_ibuf_I_O)         1.382     1.382 r  sys_clk_IBUF_inst/O
                         net (fo=1, routed)           1.824     3.206    sys_clk_IBUF
    BUFGCTRL_X0Y16       BUFG (Prop_bufg_I_O)         0.085     3.291 r  sys_clk_IBUF_BUFG_inst/O
                         net (fo=37, routed)          1.536     4.827    key1_inst/sys_clk_IBUF_BUFG
    SLICE_X2Y7           FDRE                                         r  key1_inst/t25ms_cnt_reg[9]/C
  -------------------------------------------------------------------    -------------------
    SLICE_X2Y7           FDRE (Prop_fdre_C_Q)         0.398     5.225 f  key1_inst/t25ms_cnt_reg[9]/Q
                         net (fo=2, routed)           0.710     5.935    key1_inst/t25ms_cnt_reg_n_0_[9]
    SLICE_X2Y7           LUT4 (Prop_lut4_I1_O)        0.232     6.167 f  key1_inst/FSM_onehot_key_s[3]_i_7/O
                         net (fo=1, routed)           0.823     6.991    key1_inst/FSM_onehot_key_s[3]_i_7_n_0
    SLICE_X2Y8           LUT6 (Prop_lut6_I2_O)        0.105     7.096 f  key1_inst/FSM_onehot_key_s[3]_i_4/O
                         net (fo=24, routed)          0.678     7.773    key1_inst/FSM_onehot_key_s[3]_i_4_n_0
    SLICE_X1Y11          LUT6 (Prop_lut6_I2_O)        0.105     7.878 r  key1_inst/FSM_onehot_key_s[3]_i_2/O
                         net (fo=4, routed)           0.544     8.422    key1_inst/FSM_onehot_key_s[3]_i_2_n_0
    SLICE_X1Y11          FDRE                                         r  key1_inst/FSM_onehot_key_s_reg[1]/CE
  -------------------------------------------------------------------    -------------------

                         (clock sysclk rise edge)    10.000    10.000 r  
    L5                                                0.000    10.000 r  sys_clk (IN)
                         net (fo=0)                   0.000    10.000    sys_clk
    L5                   IBUF (Prop_ibuf_I_O)         1.317    11.317 r  sys_clk_IBUF_inst/O
                         net (fo=1, routed)           1.652    12.969    sys_clk_IBUF
    BUFGCTRL_X0Y16       BUFG (Prop_bufg_I_O)         0.077    13.046 r  sys_clk_IBUF_BUFG_inst/O
                         net (fo=37, routed)          1.372    14.417    key1_inst/sys_clk_IBUF_BUFG
    SLICE_X1Y11          FDRE                                         r  key1_inst/FSM_onehot_key_s_reg[1]/C
                         clock pessimism              0.380    14.797    
                         clock uncertainty           -0.035    14.762    
    SLICE_X1Y11          FDRE (Setup_fdre_C_CE)      -0.168    14.594    key1_inst/FSM_onehot_key_s_reg[1]
  -------------------------------------------------------------------
                         required time                         14.594    
                         arrival time                          -8.422    
  -------------------------------------------------------------------
                         slack                                  6.171    

Slack (MET) :             6.171ns  (required time - arrival time)
  Source:                 key1_inst/t25ms_cnt_reg[9]/C
                            (rising edge-triggered cell FDRE clocked by sysclk  {rise@0.000ns fall@5.000ns period=10.000ns})
  Destination:            key1_inst/FSM_onehot_key_s_reg[2]/CE
                            (rising edge-triggered cell FDRE clocked by sysclk  {rise@0.000ns fall@5.000ns period=10.000ns})
  Path Group:             sysclk
  Path Type:              Setup (Max at Slow Process Corner)
  Requirement:            10.000ns  (sysclk rise@10.000ns - sysclk rise@0.000ns)
  Data Path Delay:        3.595ns  (logic 0.840ns (23.365%)  route 2.755ns (76.635%))
  Logic Levels:           3  (LUT4=1 LUT6=2)
  Clock Path Skew:        -0.030ns (DCD - SCD + CPR)
    Destination Clock Delay (DCD):    4.417ns = ( 14.417 - 10.000 ) 
    Source Clock Delay      (SCD):    4.827ns
    Clock Pessimism Removal (CPR):    0.380ns
  Clock Uncertainty:      0.035ns  ((TSJ^2 + TIJ^2)^1/2 + DJ) / 2 + PE
    Total System Jitter     (TSJ):    0.071ns
    Total Input Jitter      (TIJ):    0.000ns
    Discrete Jitter          (DJ):    0.000ns
    Phase Error              (PE):    0.000ns

    Location             Delay type                Incr(ns)  Path(ns)    Netlist Resource(s)
  -------------------------------------------------------------------    -------------------
                         (clock sysclk rise edge)     0.000     0.000 r  
    L5                                                0.000     0.000 r  sys_clk (IN)
                         net (fo=0)                   0.000     0.000    sys_clk
    L5                   IBUF (Prop_ibuf_I_O)         1.382     1.382 r  sys_clk_IBUF_inst/O
                         net (fo=1, routed)           1.824     3.206    sys_clk_IBUF
    BUFGCTRL_X0Y16       BUFG (Prop_bufg_I_O)         0.085     3.291 r  sys_clk_IBUF_BUFG_inst/O
                         net (fo=37, routed)          1.536     4.827    key1_inst/sys_clk_IBUF_BUFG
    SLICE_X2Y7           FDRE                                         r  key1_inst/t25ms_cnt_reg[9]/C
  -------------------------------------------------------------------    -------------------
    SLICE_X2Y7           FDRE (Prop_fdre_C_Q)         0.398     5.225 f  key1_inst/t25ms_cnt_reg[9]/Q
                         net (fo=2, routed)           0.710     5.935    key1_inst/t25ms_cnt_reg_n_0_[9]
    SLICE_X2Y7           LUT4 (Prop_lut4_I1_O)        0.232     6.167 f  key1_inst/FSM_onehot_key_s[3]_i_7/O
                         net (fo=1, routed)           0.823     6.991    key1_inst/FSM_onehot_key_s[3]_i_7_n_0
    SLICE_X2Y8           LUT6 (Prop_lut6_I2_O)        0.105     7.096 f  key1_inst/FSM_onehot_key_s[3]_i_4/O
                         net (fo=24, routed)          0.678     7.773    key1_inst/FSM_onehot_key_s[3]_i_4_n_0
    SLICE_X1Y11          LUT6 (Prop_lut6_I2_O)        0.105     7.878 r  key1_inst/FSM_onehot_key_s[3]_i_2/O
                         net (fo=4, routed)           0.544     8.422    key1_inst/FSM_onehot_key_s[3]_i_2_n_0
    SLICE_X1Y11          FDRE                                         r  key1_inst/FSM_onehot_key_s_reg[2]/CE
  -------------------------------------------------------------------    -------------------

                         (clock sysclk rise edge)    10.000    10.000 r  
    L5                                                0.000    10.000 r  sys_clk (IN)
                         net (fo=0)                   0.000    10.000    sys_clk
    L5                   IBUF (Prop_ibuf_I_O)         1.317    11.317 r  sys_clk_IBUF_inst/O
                         net (fo=1, routed)           1.652    12.969    sys_clk_IBUF
    BUFGCTRL_X0Y16       BUFG (Prop_bufg_I_O)         0.077    13.046 r  sys_clk_IBUF_BUFG_inst/O
                         net (fo=37, routed)          1.372    14.417    key1_inst/sys_clk_IBUF_BUFG
    SLICE_X1Y11          FDRE                                         r  key1_inst/FSM_onehot_key_s_reg[2]/C
                         clock pessimism              0.380    14.797    
                         clock uncertainty           -0.035    14.762    
    SLICE_X1Y11          FDRE (Setup_fdre_C_CE)      -0.168    14.594    key1_inst/FSM_onehot_key_s_reg[2]
  -------------------------------------------------------------------
                         required time                         14.594    
                         arrival time                          -8.422    
  -------------------------------------------------------------------
                         slack                                  6.171    

Slack (MET) :             6.171ns  (required time - arrival time)
  Source:                 key1_inst/t25ms_cnt_reg[9]/C
                            (rising edge-triggered cell FDRE clocked by sysclk  {rise@0.000ns fall@5.000ns period=10.000ns})
  Destination:            key1_inst/FSM_onehot_key_s_reg[3]/CE
                            (rising edge-triggered cell FDRE clocked by sysclk  {rise@0.000ns fall@5.000ns period=10.000ns})
  Path Group:             sysclk
  Path Type:              Setup (Max at Slow Process Corner)
  Requirement:            10.000ns  (sysclk rise@10.000ns - sysclk rise@0.000ns)
  Data Path Delay:        3.595ns  (logic 0.840ns (23.365%)  route 2.755ns (76.635%))
  Logic Levels:           3  (LUT4=1 LUT6=2)
  Clock Path Skew:        -0.030ns (DCD - SCD + CPR)
    Destination Clock Delay (DCD):    4.417ns = ( 14.417 - 10.000 ) 
    Source Clock Delay      (SCD):    4.827ns
    Clock Pessimism Removal (CPR):    0.380ns
  Clock Uncertainty:      0.035ns  ((TSJ^2 + TIJ^2)^1/2 + DJ) / 2 + PE
    Total System Jitter     (TSJ):    0.071ns
    Total Input Jitter      (TIJ):    0.000ns
    Discrete Jitter          (DJ):    0.000ns
    Phase Error              (PE):    0.000ns

    Location             Delay type                Incr(ns)  Path(ns)    Netlist Resource(s)
  -------------------------------------------------------------------    -------------------
                         (clock sysclk rise edge)     0.000     0.000 r  
    L5                                                0.000     0.000 r  sys_clk (IN)
                         net (fo=0)                   0.000     0.000    sys_clk
    L5                   IBUF (Prop_ibuf_I_O)         1.382     1.382 r  sys_clk_IBUF_inst/O
                         net (fo=1, routed)           1.824     3.206    sys_clk_IBUF
    BUFGCTRL_X0Y16       BUFG (Prop_bufg_I_O)         0.085     3.291 r  sys_clk_IBUF_BUFG_inst/O
                         net (fo=37, routed)          1.536     4.827    key1_inst/sys_clk_IBUF_BUFG
    SLICE_X2Y7           FDRE                                         r  key1_inst/t25ms_cnt_reg[9]/C
  -------------------------------------------------------------------    -------------------
    SLICE_X2Y7           FDRE (Prop_fdre_C_Q)         0.398     5.225 f  key1_inst/t25ms_cnt_reg[9]/Q
                         net (fo=2, routed)           0.710     5.935    key1_inst/t25ms_cnt_reg_n_0_[9]
    SLICE_X2Y7           LUT4 (Prop_lut4_I1_O)        0.232     6.167 f  key1_inst/FSM_onehot_key_s[3]_i_7/O
                         net (fo=1, routed)           0.823     6.991    key1_inst/FSM_onehot_key_s[3]_i_7_n_0
    SLICE_X2Y8           LUT6 (Prop_lut6_I2_O)        0.105     7.096 f  key1_inst/FSM_onehot_key_s[3]_i_4/O
                         net (fo=24, routed)          0.678     7.773    key1_inst/FSM_onehot_key_s[3]_i_4_n_0
    SLICE_X1Y11          LUT6 (Prop_lut6_I2_O)        0.105     7.878 r  key1_inst/FSM_onehot_key_s[3]_i_2/O
                         net (fo=4, routed)           0.544     8.422    key1_inst/FSM_onehot_key_s[3]_i_2_n_0
    SLICE_X1Y11          FDRE                                         r  key1_inst/FSM_onehot_key_s_reg[3]/CE
  -------------------------------------------------------------------    -------------------

                         (clock sysclk rise edge)    10.000    10.000 r  
    L5                                                0.000    10.000 r  sys_clk (IN)
                         net (fo=0)                   0.000    10.000    sys_clk
    L5                   IBUF (Prop_ibuf_I_O)         1.317    11.317 r  sys_clk_IBUF_inst/O
                         net (fo=1, routed)           1.652    12.969    sys_clk_IBUF
    BUFGCTRL_X0Y16       BUFG (Prop_bufg_I_O)         0.077    13.046 r  sys_clk_IBUF_BUFG_inst/O
                         net (fo=37, routed)          1.372    14.417    key1_inst/sys_clk_IBUF_BUFG
    SLICE_X1Y11          FDRE                                         r  key1_inst/FSM_onehot_key_s_reg[3]/C
                         clock pessimism              0.380    14.797    
                         clock uncertainty           -0.035    14.762    
    SLICE_X1Y11          FDRE (Setup_fdre_C_CE)      -0.168    14.594    key1_inst/FSM_onehot_key_s_reg[3]
  -------------------------------------------------------------------
                         required time                         14.594    
                         arrival time                          -8.422    
  -------------------------------------------------------------------
                         slack                                  6.171    

Slack (MET) :             6.625ns  (required time - arrival time)
  Source:                 key1_inst/t25ms_cnt_reg[9]/C
                            (rising edge-triggered cell FDRE clocked by sysclk  {rise@0.000ns fall@5.000ns period=10.000ns})
  Destination:            key1_inst/t25ms_cnt_reg[1]/D
                            (rising edge-triggered cell FDRE clocked by sysclk  {rise@0.000ns fall@5.000ns period=10.000ns})
  Path Group:             sysclk
  Path Type:              Setup (Max at Slow Process Corner)
  Requirement:            10.000ns  (sysclk rise@10.000ns - sysclk rise@0.000ns)
  Data Path Delay:        3.386ns  (logic 0.840ns (24.806%)  route 2.546ns (75.194%))
  Logic Levels:           3  (LUT2=1 LUT4=1 LUT6=1)
  Clock Path Skew:        -0.027ns (DCD - SCD + CPR)
    Destination Clock Delay (DCD):    4.420ns = ( 14.420 - 10.000 ) 
    Source Clock Delay      (SCD):    4.827ns
    Clock Pessimism Removal (CPR):    0.380ns
  Clock Uncertainty:      0.035ns  ((TSJ^2 + TIJ^2)^1/2 + DJ) / 2 + PE
    Total System Jitter     (TSJ):    0.071ns
    Total Input Jitter      (TIJ):    0.000ns
    Discrete Jitter          (DJ):    0.000ns
    Phase Error              (PE):    0.000ns

    Location             Delay type                Incr(ns)  Path(ns)    Netlist Resource(s)
  -------------------------------------------------------------------    -------------------
                         (clock sysclk rise edge)     0.000     0.000 r  
    L5                                                0.000     0.000 r  sys_clk (IN)
                         net (fo=0)                   0.000     0.000    sys_clk
    L5                   IBUF (Prop_ibuf_I_O)         1.382     1.382 r  sys_clk_IBUF_inst/O
                         net (fo=1, routed)           1.824     3.206    sys_clk_IBUF
    BUFGCTRL_X0Y16       BUFG (Prop_bufg_I_O)         0.085     3.291 r  sys_clk_IBUF_BUFG_inst/O
                         net (fo=37, routed)          1.536     4.827    key1_inst/sys_clk_IBUF_BUFG
    SLICE_X2Y7           FDRE                                         r  key1_inst/t25ms_cnt_reg[9]/C
  -------------------------------------------------------------------    -------------------
    SLICE_X2Y7           FDRE (Prop_fdre_C_Q)         0.398     5.225 r  key1_inst/t25ms_cnt_reg[9]/Q
                         net (fo=2, routed)           0.710     5.935    key1_inst/t25ms_cnt_reg_n_0_[9]
    SLICE_X2Y7           LUT4 (Prop_lut4_I1_O)        0.232     6.167 r  key1_inst/FSM_onehot_key_s[3]_i_7/O
                         net (fo=1, routed)           0.823     6.991    key1_inst/FSM_onehot_key_s[3]_i_7_n_0
    SLICE_X2Y8           LUT6 (Prop_lut6_I2_O)        0.105     7.096 r  key1_inst/FSM_onehot_key_s[3]_i_4/O
                         net (fo=24, routed)          1.013     8.108    key1_inst/FSM_onehot_key_s[3]_i_4_n_0
    SLICE_X2Y6           LUT2 (Prop_lut2_I0_O)        0.105     8.213 r  key1_inst/t25ms_cnt[1]_i_1/O
                         net (fo=1, routed)           0.000     8.213    key1_inst/t25ms_cnt[1]
    SLICE_X2Y6           FDRE                                         r  key1_inst/t25ms_cnt_reg[1]/D
  -------------------------------------------------------------------    -------------------

                         (clock sysclk rise edge)    10.000    10.000 r  
    L5                                                0.000    10.000 r  sys_clk (IN)
                         net (fo=0)                   0.000    10.000    sys_clk
    L5                   IBUF (Prop_ibuf_I_O)         1.317    11.317 r  sys_clk_IBUF_inst/O
                         net (fo=1, routed)           1.652    12.969    sys_clk_IBUF
    BUFGCTRL_X0Y16       BUFG (Prop_bufg_I_O)         0.077    13.046 r  sys_clk_IBUF_BUFG_inst/O
                         net (fo=37, routed)          1.375    14.420    key1_inst/sys_clk_IBUF_BUFG
    SLICE_X2Y6           FDRE                                         r  key1_inst/t25ms_cnt_reg[1]/C
                         clock pessimism              0.380    14.800    
                         clock uncertainty           -0.035    14.765    
    SLICE_X2Y6           FDRE (Setup_fdre_C_D)        0.074    14.839    key1_inst/t25ms_cnt_reg[1]
  -------------------------------------------------------------------
                         required time                         14.839    
                         arrival time                          -8.213    
  -------------------------------------------------------------------
                         slack                                  6.625    

Slack (MET) :             6.639ns  (required time - arrival time)
  Source:                 key1_inst/t25ms_cnt_reg[9]/C
                            (rising edge-triggered cell FDRE clocked by sysclk  {rise@0.000ns fall@5.000ns period=10.000ns})
  Destination:            key1_inst/t25ms_cnt_reg[4]/D
                            (rising edge-triggered cell FDRE clocked by sysclk  {rise@0.000ns fall@5.000ns period=10.000ns})
  Path Group:             sysclk
  Path Type:              Setup (Max at Slow Process Corner)
  Requirement:            10.000ns  (sysclk rise@10.000ns - sysclk rise@0.000ns)
  Data Path Delay:        3.372ns  (logic 0.840ns (24.909%)  route 2.532ns (75.091%))
  Logic Levels:           3  (LUT2=1 LUT4=1 LUT6=1)
  Clock Path Skew:        -0.027ns (DCD - SCD + CPR)
    Destination Clock Delay (DCD):    4.420ns = ( 14.420 - 10.000 ) 
    Source Clock Delay      (SCD):    4.827ns
    Clock Pessimism Removal (CPR):    0.380ns
  Clock Uncertainty:      0.035ns  ((TSJ^2 + TIJ^2)^1/2 + DJ) / 2 + PE
    Total System Jitter     (TSJ):    0.071ns
    Total Input Jitter      (TIJ):    0.000ns
    Discrete Jitter          (DJ):    0.000ns
    Phase Error              (PE):    0.000ns

    Location             Delay type                Incr(ns)  Path(ns)    Netlist Resource(s)
  -------------------------------------------------------------------    -------------------
                         (clock sysclk rise edge)     0.000     0.000 r  
    L5                                                0.000     0.000 r  sys_clk (IN)
                         net (fo=0)                   0.000     0.000    sys_clk
    L5                   IBUF (Prop_ibuf_I_O)         1.382     1.382 r  sys_clk_IBUF_inst/O
                         net (fo=1, routed)           1.824     3.206    sys_clk_IBUF
    BUFGCTRL_X0Y16       BUFG (Prop_bufg_I_O)         0.085     3.291 r  sys_clk_IBUF_BUFG_inst/O
                         net (fo=37, routed)          1.536     4.827    key1_inst/sys_clk_IBUF_BUFG
    SLICE_X2Y7           FDRE                                         r  key1_inst/t25ms_cnt_reg[9]/C
  -------------------------------------------------------------------    -------------------
    SLICE_X2Y7           FDRE (Prop_fdre_C_Q)         0.398     5.225 r  key1_inst/t25ms_cnt_reg[9]/Q
                         net (fo=2, routed)           0.710     5.935    key1_inst/t25ms_cnt_reg_n_0_[9]
    SLICE_X2Y7           LUT4 (Prop_lut4_I1_O)        0.232     6.167 r  key1_inst/FSM_onehot_key_s[3]_i_7/O
                         net (fo=1, routed)           0.823     6.991    key1_inst/FSM_onehot_key_s[3]_i_7_n_0
    SLICE_X2Y8           LUT6 (Prop_lut6_I2_O)        0.105     7.096 r  key1_inst/FSM_onehot_key_s[3]_i_4/O
                         net (fo=24, routed)          0.999     8.094    key1_inst/FSM_onehot_key_s[3]_i_4_n_0
    SLICE_X2Y6           LUT2 (Prop_lut2_I0_O)        0.105     8.199 r  key1_inst/t25ms_cnt[4]_i_1/O
                         net (fo=1, routed)           0.000     8.199    key1_inst/t25ms_cnt[4]
    SLICE_X2Y6           FDRE                                         r  key1_inst/t25ms_cnt_reg[4]/D
  -------------------------------------------------------------------    -------------------

                         (clock sysclk rise edge)    10.000    10.000 r  
    L5                                                0.000    10.000 r  sys_clk (IN)
                         net (fo=0)                   0.000    10.000    sys_clk
    L5                   IBUF (Prop_ibuf_I_O)         1.317    11.317 r  sys_clk_IBUF_inst/O
                         net (fo=1, routed)           1.652    12.969    sys_clk_IBUF
    BUFGCTRL_X0Y16       BUFG (Prop_bufg_I_O)         0.077    13.046 r  sys_clk_IBUF_BUFG_inst/O
                         net (fo=37, routed)          1.375    14.420    key1_inst/sys_clk_IBUF_BUFG
    SLICE_X2Y6           FDRE                                         r  key1_inst/t25ms_cnt_reg[4]/C
                         clock pessimism              0.380    14.800    
                         clock uncertainty           -0.035    14.765    
    SLICE_X2Y6           FDRE (Setup_fdre_C_D)        0.074    14.839    key1_inst/t25ms_cnt_reg[4]
  -------------------------------------------------------------------
                         required time                         14.839    
                         arrival time                          -8.199    
  -------------------------------------------------------------------
                         slack                                  6.639    

Slack (MET) :             6.645ns  (required time - arrival time)
  Source:                 key1_inst/t25ms_cnt_reg[9]/C
                            (rising edge-triggered cell FDRE clocked by sysclk  {rise@0.000ns fall@5.000ns period=10.000ns})
  Destination:            key1_inst/t25ms_cnt_reg[18]/D
                            (rising edge-triggered cell FDRE clocked by sysclk  {rise@0.000ns fall@5.000ns period=10.000ns})
  Path Group:             sysclk
  Path Type:              Setup (Max at Slow Process Corner)
  Requirement:            10.000ns  (sysclk rise@10.000ns - sysclk rise@0.000ns)
  Data Path Delay:        3.362ns  (logic 0.840ns (24.985%)  route 2.522ns (75.015%))
  Logic Levels:           3  (LUT2=1 LUT4=1 LUT6=1)
  Clock Path Skew:        -0.030ns (DCD - SCD + CPR)
    Destination Clock Delay (DCD):    4.417ns = ( 14.417 - 10.000 ) 
    Source Clock Delay      (SCD):    4.827ns
    Clock Pessimism Removal (CPR):    0.380ns
  Clock Uncertainty:      0.035ns  ((TSJ^2 + TIJ^2)^1/2 + DJ) / 2 + PE
    Total System Jitter     (TSJ):    0.071ns
    Total Input Jitter      (TIJ):    0.000ns
    Discrete Jitter          (DJ):    0.000ns
    Phase Error              (PE):    0.000ns

    Location             Delay type                Incr(ns)  Path(ns)    Netlist Resource(s)
  -------------------------------------------------------------------    -------------------
                         (clock sysclk rise edge)     0.000     0.000 r  
    L5                                                0.000     0.000 r  sys_clk (IN)
                         net (fo=0)                   0.000     0.000    sys_clk
    L5                   IBUF (Prop_ibuf_I_O)         1.382     1.382 r  sys_clk_IBUF_inst/O
                         net (fo=1, routed)           1.824     3.206    sys_clk_IBUF
    BUFGCTRL_X0Y16       BUFG (Prop_bufg_I_O)         0.085     3.291 r  sys_clk_IBUF_BUFG_inst/O
                         net (fo=37, routed)          1.536     4.827    key1_inst/sys_clk_IBUF_BUFG
    SLICE_X2Y7           FDRE                                         r  key1_inst/t25ms_cnt_reg[9]/C
  -------------------------------------------------------------------    -------------------
    SLICE_X2Y7           FDRE (Prop_fdre_C_Q)         0.398     5.225 r  key1_inst/t25ms_cnt_reg[9]/Q
                         net (fo=2, routed)           0.710     5.935    key1_inst/t25ms_cnt_reg_n_0_[9]
    SLICE_X2Y7           LUT4 (Prop_lut4_I1_O)        0.232     6.167 r  key1_inst/FSM_onehot_key_s[3]_i_7/O
                         net (fo=1, routed)           0.823     6.991    key1_inst/FSM_onehot_key_s[3]_i_7_n_0
    SLICE_X2Y8           LUT6 (Prop_lut6_I2_O)        0.105     7.096 r  key1_inst/FSM_onehot_key_s[3]_i_4/O
                         net (fo=24, routed)          0.988     8.084    key1_inst/FSM_onehot_key_s[3]_i_4_n_0
    SLICE_X2Y11          LUT2 (Prop_lut2_I0_O)        0.105     8.189 r  key1_inst/t25ms_cnt[18]_i_1/O
                         net (fo=1, routed)           0.000     8.189    key1_inst/t25ms_cnt[18]
    SLICE_X2Y11          FDRE                                         r  key1_inst/t25ms_cnt_reg[18]/D
  -------------------------------------------------------------------    -------------------

                         (clock sysclk rise edge)    10.000    10.000 r  
    L5                                                0.000    10.000 r  sys_clk (IN)
                         net (fo=0)                   0.000    10.000    sys_clk
    L5                   IBUF (Prop_ibuf_I_O)         1.317    11.317 r  sys_clk_IBUF_inst/O
                         net (fo=1, routed)           1.652    12.969    sys_clk_IBUF
    BUFGCTRL_X0Y16       BUFG (Prop_bufg_I_O)         0.077    13.046 r  sys_clk_IBUF_BUFG_inst/O
                         net (fo=37, routed)          1.372    14.417    key1_inst/sys_clk_IBUF_BUFG
    SLICE_X2Y11          FDRE                                         r  key1_inst/t25ms_cnt_reg[18]/C
                         clock pessimism              0.380    14.797    
                         clock uncertainty           -0.035    14.762    
    SLICE_X2Y11          FDRE (Setup_fdre_C_D)        0.072    14.834    key1_inst/t25ms_cnt_reg[18]
  -------------------------------------------------------------------
                         required time                         14.834    
                         arrival time                          -8.189    
  -------------------------------------------------------------------
                         slack                                  6.645    

Slack (MET) :             6.657ns  (required time - arrival time)
  Source:                 key1_inst/t25ms_cnt_reg[9]/C
                            (rising edge-triggered cell FDRE clocked by sysclk  {rise@0.000ns fall@5.000ns period=10.000ns})
  Destination:            key1_inst/t25ms_cnt_reg[5]/D
                            (rising edge-triggered cell FDRE clocked by sysclk  {rise@0.000ns fall@5.000ns period=10.000ns})
  Path Group:             sysclk
  Path Type:              Setup (Max at Slow Process Corner)
  Requirement:            10.000ns  (sysclk rise@10.000ns - sysclk rise@0.000ns)
  Data Path Delay:        3.386ns  (logic 0.854ns (25.219%)  route 2.532ns (74.781%))
  Logic Levels:           3  (LUT2=1 LUT4=1 LUT6=1)
  Clock Path Skew:        -0.027ns (DCD - SCD + CPR)
    Destination Clock Delay (DCD):    4.420ns = ( 14.420 - 10.000 ) 
    Source Clock Delay      (SCD):    4.827ns
    Clock Pessimism Removal (CPR):    0.380ns
  Clock Uncertainty:      0.035ns  ((TSJ^2 + TIJ^2)^1/2 + DJ) / 2 + PE
    Total System Jitter     (TSJ):    0.071ns
    Total Input Jitter      (TIJ):    0.000ns
    Discrete Jitter          (DJ):    0.000ns
    Phase Error              (PE):    0.000ns

    Location             Delay type                Incr(ns)  Path(ns)    Netlist Resource(s)
  -------------------------------------------------------------------    -------------------
                         (clock sysclk rise edge)     0.000     0.000 r  
    L5                                                0.000     0.000 r  sys_clk (IN)
                         net (fo=0)                   0.000     0.000    sys_clk
    L5                   IBUF (Prop_ibuf_I_O)         1.382     1.382 r  sys_clk_IBUF_inst/O
                         net (fo=1, routed)           1.824     3.206    sys_clk_IBUF
    BUFGCTRL_X0Y16       BUFG (Prop_bufg_I_O)         0.085     3.291 r  sys_clk_IBUF_BUFG_inst/O
                         net (fo=37, routed)          1.536     4.827    key1_inst/sys_clk_IBUF_BUFG
    SLICE_X2Y7           FDRE                                         r  key1_inst/t25ms_cnt_reg[9]/C
  -------------------------------------------------------------------    -------------------
    SLICE_X2Y7           FDRE (Prop_fdre_C_Q)         0.398     5.225 r  key1_inst/t25ms_cnt_reg[9]/Q
                         net (fo=2, routed)           0.710     5.935    key1_inst/t25ms_cnt_reg_n_0_[9]
    SLICE_X2Y7           LUT4 (Prop_lut4_I1_O)        0.232     6.167 r  key1_inst/FSM_onehot_key_s[3]_i_7/O
                         net (fo=1, routed)           0.823     6.991    key1_inst/FSM_onehot_key_s[3]_i_7_n_0
    SLICE_X2Y8           LUT6 (Prop_lut6_I2_O)        0.105     7.096 r  key1_inst/FSM_onehot_key_s[3]_i_4/O
                         net (fo=24, routed)          0.999     8.094    key1_inst/FSM_onehot_key_s[3]_i_4_n_0
    SLICE_X2Y6           LUT2 (Prop_lut2_I0_O)        0.119     8.213 r  key1_inst/t25ms_cnt[5]_i_1/O
                         net (fo=1, routed)           0.000     8.213    key1_inst/t25ms_cnt[5]
    SLICE_X2Y6           FDRE                                         r  key1_inst/t25ms_cnt_reg[5]/D
  -------------------------------------------------------------------    -------------------

                         (clock sysclk rise edge)    10.000    10.000 r  
    L5                                                0.000    10.000 r  sys_clk (IN)
                         net (fo=0)                   0.000    10.000    sys_clk
    L5                   IBUF (Prop_ibuf_I_O)         1.317    11.317 r  sys_clk_IBUF_inst/O
                         net (fo=1, routed)           1.652    12.969    sys_clk_IBUF
    BUFGCTRL_X0Y16       BUFG (Prop_bufg_I_O)         0.077    13.046 r  sys_clk_IBUF_BUFG_inst/O
                         net (fo=37, routed)          1.375    14.420    key1_inst/sys_clk_IBUF_BUFG
    SLICE_X2Y6           FDRE                                         r  key1_inst/t25ms_cnt_reg[5]/C
                         clock pessimism              0.380    14.800    
                         clock uncertainty           -0.035    14.765    
    SLICE_X2Y6           FDRE (Setup_fdre_C_D)        0.106    14.871    key1_inst/t25ms_cnt_reg[5]
  -------------------------------------------------------------------
                         required time                         14.871    
                         arrival time                          -8.213    
  -------------------------------------------------------------------
                         slack                                  6.657    

Slack (MET) :             6.659ns  (required time - arrival time)
  Source:                 key1_inst/t25ms_cnt_reg[9]/C
                            (rising edge-triggered cell FDRE clocked by sysclk  {rise@0.000ns fall@5.000ns period=10.000ns})
  Destination:            key1_inst/t25ms_cnt_reg[21]/D
                            (rising edge-triggered cell FDRE clocked by sysclk  {rise@0.000ns fall@5.000ns period=10.000ns})
  Path Group:             sysclk
  Path Type:              Setup (Max at Slow Process Corner)
  Requirement:            10.000ns  (sysclk rise@10.000ns - sysclk rise@0.000ns)
  Data Path Delay:        3.382ns  (logic 0.860ns (25.429%)  route 2.522ns (74.571%))
  Logic Levels:           3  (LUT2=1 LUT4=1 LUT6=1)
  Clock Path Skew:        -0.030ns (DCD - SCD + CPR)
    Destination Clock Delay (DCD):    4.417ns = ( 14.417 - 10.000 ) 
    Source Clock Delay      (SCD):    4.827ns
    Clock Pessimism Removal (CPR):    0.380ns
  Clock Uncertainty:      0.035ns  ((TSJ^2 + TIJ^2)^1/2 + DJ) / 2 + PE
    Total System Jitter     (TSJ):    0.071ns
    Total Input Jitter      (TIJ):    0.000ns
    Discrete Jitter          (DJ):    0.000ns
    Phase Error              (PE):    0.000ns

    Location             Delay type                Incr(ns)  Path(ns)    Netlist Resource(s)
  -------------------------------------------------------------------    -------------------
                         (clock sysclk rise edge)     0.000     0.000 r  
    L5                                                0.000     0.000 r  sys_clk (IN)
                         net (fo=0)                   0.000     0.000    sys_clk
    L5                   IBUF (Prop_ibuf_I_O)         1.382     1.382 r  sys_clk_IBUF_inst/O
                         net (fo=1, routed)           1.824     3.206    sys_clk_IBUF
    BUFGCTRL_X0Y16       BUFG (Prop_bufg_I_O)         0.085     3.291 r  sys_clk_IBUF_BUFG_inst/O
                         net (fo=37, routed)          1.536     4.827    key1_inst/sys_clk_IBUF_BUFG
    SLICE_X2Y7           FDRE                                         r  key1_inst/t25ms_cnt_reg[9]/C
  -------------------------------------------------------------------    -------------------
    SLICE_X2Y7           FDRE (Prop_fdre_C_Q)         0.398     5.225 r  key1_inst/t25ms_cnt_reg[9]/Q
                         net (fo=2, routed)           0.710     5.935    key1_inst/t25ms_cnt_reg_n_0_[9]
    SLICE_X2Y7           LUT4 (Prop_lut4_I1_O)        0.232     6.167 r  key1_inst/FSM_onehot_key_s[3]_i_7/O
                         net (fo=1, routed)           0.823     6.991    key1_inst/FSM_onehot_key_s[3]_i_7_n_0
    SLICE_X2Y8           LUT6 (Prop_lut6_I2_O)        0.105     7.096 r  key1_inst/FSM_onehot_key_s[3]_i_4/O
                         net (fo=24, routed)          0.988     8.084    key1_inst/FSM_onehot_key_s[3]_i_4_n_0
    SLICE_X2Y11          LUT2 (Prop_lut2_I0_O)        0.125     8.209 r  key1_inst/t25ms_cnt[21]_i_1/O
                         net (fo=1, routed)           0.000     8.209    key1_inst/t25ms_cnt[21]
    SLICE_X2Y11          FDRE                                         r  key1_inst/t25ms_cnt_reg[21]/D
  -------------------------------------------------------------------    -------------------

                         (clock sysclk rise edge)    10.000    10.000 r  
    L5                                                0.000    10.000 r  sys_clk (IN)
                         net (fo=0)                   0.000    10.000    sys_clk
    L5                   IBUF (Prop_ibuf_I_O)         1.317    11.317 r  sys_clk_IBUF_inst/O
                         net (fo=1, routed)           1.652    12.969    sys_clk_IBUF
    BUFGCTRL_X0Y16       BUFG (Prop_bufg_I_O)         0.077    13.046 r  sys_clk_IBUF_BUFG_inst/O
                         net (fo=37, routed)          1.372    14.417    key1_inst/sys_clk_IBUF_BUFG
    SLICE_X2Y11          FDRE                                         r  key1_inst/t25ms_cnt_reg[21]/C
                         clock pessimism              0.380    14.797    
                         clock uncertainty           -0.035    14.762    
    SLICE_X2Y11          FDRE (Setup_fdre_C_D)        0.106    14.868    key1_inst/t25ms_cnt_reg[21]
  -------------------------------------------------------------------
                         required time                         14.868    
                         arrival time                          -8.209    
  -------------------------------------------------------------------
                         slack                                  6.659    

Slack (MET) :             6.842ns  (required time - arrival time)
  Source:                 key1_inst/t25ms_cnt_reg[9]/C
                            (rising edge-triggered cell FDRE clocked by sysclk  {rise@0.000ns fall@5.000ns period=10.000ns})
  Destination:            key1_inst/t25ms_cnt_reg[22]/D
                            (rising edge-triggered cell FDRE clocked by sysclk  {rise@0.000ns fall@5.000ns period=10.000ns})
  Path Group:             sysclk
  Path Type:              Setup (Max at Slow Process Corner)
  Requirement:            10.000ns  (sysclk rise@10.000ns - sysclk rise@0.000ns)
  Data Path Delay:        3.169ns  (logic 0.840ns (26.507%)  route 2.329ns (73.493%))
  Logic Levels:           3  (LUT2=1 LUT4=1 LUT6=1)
  Clock Path Skew:        -0.030ns (DCD - SCD + CPR)
    Destination Clock Delay (DCD):    4.417ns = ( 14.417 - 10.000 ) 
    Source Clock Delay      (SCD):    4.827ns
    Clock Pessimism Removal (CPR):    0.380ns
  Clock Uncertainty:      0.035ns  ((TSJ^2 + TIJ^2)^1/2 + DJ) / 2 + PE
    Total System Jitter     (TSJ):    0.071ns
    Total Input Jitter      (TIJ):    0.000ns
    Discrete Jitter          (DJ):    0.000ns
    Phase Error              (PE):    0.000ns

    Location             Delay type                Incr(ns)  Path(ns)    Netlist Resource(s)
  -------------------------------------------------------------------    -------------------
                         (clock sysclk rise edge)     0.000     0.000 r  
    L5                                                0.000     0.000 r  sys_clk (IN)
                         net (fo=0)                   0.000     0.000    sys_clk
    L5                   IBUF (Prop_ibuf_I_O)         1.382     1.382 r  sys_clk_IBUF_inst/O
                         net (fo=1, routed)           1.824     3.206    sys_clk_IBUF
    BUFGCTRL_X0Y16       BUFG (Prop_bufg_I_O)         0.085     3.291 r  sys_clk_IBUF_BUFG_inst/O
                         net (fo=37, routed)          1.536     4.827    key1_inst/sys_clk_IBUF_BUFG
    SLICE_X2Y7           FDRE                                         r  key1_inst/t25ms_cnt_reg[9]/C
  -------------------------------------------------------------------    -------------------
    SLICE_X2Y7           FDRE (Prop_fdre_C_Q)         0.398     5.225 r  key1_inst/t25ms_cnt_reg[9]/Q
                         net (fo=2, routed)           0.710     5.935    key1_inst/t25ms_cnt_reg_n_0_[9]
    SLICE_X2Y7           LUT4 (Prop_lut4_I1_O)        0.232     6.167 r  key1_inst/FSM_onehot_key_s[3]_i_7/O
                         net (fo=1, routed)           0.823     6.991    key1_inst/FSM_onehot_key_s[3]_i_7_n_0
    SLICE_X2Y8           LUT6 (Prop_lut6_I2_O)        0.105     7.096 r  key1_inst/FSM_onehot_key_s[3]_i_4/O
                         net (fo=24, routed)          0.795     7.891    key1_inst/FSM_onehot_key_s[3]_i_4_n_0
    SLICE_X2Y11          LUT2 (Prop_lut2_I0_O)        0.105     7.996 r  key1_inst/t25ms_cnt[22]_i_1/O
                         net (fo=1, routed)           0.000     7.996    key1_inst/t25ms_cnt[22]
    SLICE_X2Y11          FDRE                                         r  key1_inst/t25ms_cnt_reg[22]/D
  -------------------------------------------------------------------    -------------------

                         (clock sysclk rise edge)    10.000    10.000 r  
    L5                                                0.000    10.000 r  sys_clk (IN)
                         net (fo=0)                   0.000    10.000    sys_clk
    L5                   IBUF (Prop_ibuf_I_O)         1.317    11.317 r  sys_clk_IBUF_inst/O
                         net (fo=1, routed)           1.652    12.969    sys_clk_IBUF
    BUFGCTRL_X0Y16       BUFG (Prop_bufg_I_O)         0.077    13.046 r  sys_clk_IBUF_BUFG_inst/O
                         net (fo=37, routed)          1.372    14.417    key1_inst/sys_clk_IBUF_BUFG
    SLICE_X2Y11          FDRE                                         r  key1_inst/t25ms_cnt_reg[22]/C
                         clock pessimism              0.380    14.797    
                         clock uncertainty           -0.035    14.762    
    SLICE_X2Y11          FDRE (Setup_fdre_C_D)        0.076    14.838    key1_inst/t25ms_cnt_reg[22]
  -------------------------------------------------------------------
                         required time                         14.838    
                         arrival time                          -7.996    
  -------------------------------------------------------------------
                         slack                                  6.842    





Min Delay Paths
--------------------------------------------------------------------------------------
Slack (MET) :             0.066ns  (arrival time - required time)
  Source:                 key1_inst/key_r_reg[0]/C
                            (rising edge-triggered cell FDRE clocked by sysclk  {rise@0.000ns fall@5.000ns period=10.000ns})
  Destination:            key1_inst/key_r_reg[2]_srl2/D
                            (rising edge-triggered cell SRL16E clocked by sysclk  {rise@0.000ns fall@5.000ns period=10.000ns})
  Path Group:             sysclk
  Path Type:              Hold (Min at Fast Process Corner)
  Requirement:            0.000ns  (sysclk rise@0.000ns - sysclk rise@0.000ns)
  Data Path Delay:        0.196ns  (logic 0.141ns (71.838%)  route 0.055ns (28.162%))
  Logic Levels:           0  
  Clock Path Skew:        0.013ns (DCD - SCD - CPR)
    Destination Clock Delay (DCD):    2.031ns
    Source Clock Delay      (SCD):    1.511ns
    Clock Pessimism Removal (CPR):    0.507ns

    Location             Delay type                Incr(ns)  Path(ns)    Netlist Resource(s)
  -------------------------------------------------------------------    -------------------
                         (clock sysclk rise edge)     0.000     0.000 r  
    L5                                                0.000     0.000 r  sys_clk (IN)
                         net (fo=0)                   0.000     0.000    sys_clk
    L5                   IBUF (Prop_ibuf_I_O)         0.219     0.219 r  sys_clk_IBUF_inst/O
                         net (fo=1, routed)           0.652     0.871    sys_clk_IBUF
    BUFGCTRL_X0Y16       BUFG (Prop_bufg_I_O)         0.026     0.897 r  sys_clk_IBUF_BUFG_inst/O
                         net (fo=37, routed)          0.614     1.511    key1_inst/sys_clk_IBUF_BUFG
    SLICE_X3Y13          FDRE                                         r  key1_inst/key_r_reg[0]/C
  -------------------------------------------------------------------    -------------------
    SLICE_X3Y13          FDRE (Prop_fdre_C_Q)         0.141     1.652 r  key1_inst/key_r_reg[0]/Q
                         net (fo=1, routed)           0.055     1.707    key1_inst/key_r_reg_n_0_[0]
    SLICE_X2Y13          SRL16E                                       r  key1_inst/key_r_reg[2]_srl2/D
  -------------------------------------------------------------------    -------------------

                         (clock sysclk rise edge)     0.000     0.000 r  
    L5                                                0.000     0.000 r  sys_clk (IN)
                         net (fo=0)                   0.000     0.000    sys_clk
    L5                   IBUF (Prop_ibuf_I_O)         0.407     0.407 r  sys_clk_IBUF_inst/O
                         net (fo=1, routed)           0.711     1.118    sys_clk_IBUF
    BUFGCTRL_X0Y16       BUFG (Prop_bufg_I_O)         0.029     1.147 r  sys_clk_IBUF_BUFG_inst/O
                         net (fo=37, routed)          0.884     2.031    key1_inst/sys_clk_IBUF_BUFG
    SLICE_X2Y13          SRL16E                                       r  key1_inst/key_r_reg[2]_srl2/CLK
                         clock pessimism             -0.507     1.524    
    SLICE_X2Y13          SRL16E (Hold_srl16e_CLK_D)
                                                      0.117     1.641    key1_inst/key_r_reg[2]_srl2
  -------------------------------------------------------------------
                         required time                         -1.641    
                         arrival time                           1.707    
  -------------------------------------------------------------------
                         slack                                  0.066    

Slack (MET) :             0.121ns  (arrival time - required time)
  Source:                 key1_inst/FSM_onehot_key_s_reg[0]/C
                            (rising edge-triggered cell FDSE clocked by sysclk  {rise@0.000ns fall@5.000ns period=10.000ns})
  Destination:            key1_inst/FSM_onehot_key_s_reg[1]/D
                            (rising edge-triggered cell FDRE clocked by sysclk  {rise@0.000ns fall@5.000ns period=10.000ns})
  Path Group:             sysclk
  Path Type:              Hold (Min at Fast Process Corner)
  Requirement:            0.000ns  (sysclk rise@0.000ns - sysclk rise@0.000ns)
  Data Path Delay:        0.196ns  (logic 0.141ns (71.838%)  route 0.055ns (28.162%))
  Logic Levels:           0  
  Clock Path Skew:        0.000ns (DCD - SCD - CPR)
    Destination Clock Delay (DCD):    2.034ns
    Source Clock Delay      (SCD):    1.513ns
    Clock Pessimism Removal (CPR):    0.521ns

    Location             Delay type                Incr(ns)  Path(ns)    Netlist Resource(s)
  -------------------------------------------------------------------    -------------------
                         (clock sysclk rise edge)     0.000     0.000 r  
    L5                                                0.000     0.000 r  sys_clk (IN)
                         net (fo=0)                   0.000     0.000    sys_clk
    L5                   IBUF (Prop_ibuf_I_O)         0.219     0.219 r  sys_clk_IBUF_inst/O
                         net (fo=1, routed)           0.652     0.871    sys_clk_IBUF
    BUFGCTRL_X0Y16       BUFG (Prop_bufg_I_O)         0.026     0.897 r  sys_clk_IBUF_BUFG_inst/O
                         net (fo=37, routed)          0.616     1.513    key1_inst/sys_clk_IBUF_BUFG
    SLICE_X1Y11          FDSE                                         r  key1_inst/FSM_onehot_key_s_reg[0]/C
  -------------------------------------------------------------------    -------------------
    SLICE_X1Y11          FDSE (Prop_fdse_C_Q)         0.141     1.654 r  key1_inst/FSM_onehot_key_s_reg[0]/Q
                         net (fo=2, routed)           0.055     1.709    key1_inst/FSM_onehot_key_s_reg_n_0_[0]
    SLICE_X1Y11          FDRE                                         r  key1_inst/FSM_onehot_key_s_reg[1]/D
  -------------------------------------------------------------------    -------------------

                         (clock sysclk rise edge)     0.000     0.000 r  
    L5                                                0.000     0.000 r  sys_clk (IN)
                         net (fo=0)                   0.000     0.000    sys_clk
    L5                   IBUF (Prop_ibuf_I_O)         0.407     0.407 r  sys_clk_IBUF_inst/O
                         net (fo=1, routed)           0.711     1.118    sys_clk_IBUF
    BUFGCTRL_X0Y16       BUFG (Prop_bufg_I_O)         0.029     1.147 r  sys_clk_IBUF_BUFG_inst/O
                         net (fo=37, routed)          0.887     2.034    key1_inst/sys_clk_IBUF_BUFG
    SLICE_X1Y11          FDRE                                         r  key1_inst/FSM_onehot_key_s_reg[1]/C
                         clock pessimism             -0.521     1.513    
    SLICE_X1Y11          FDRE (Hold_fdre_C_D)         0.075     1.588    key1_inst/FSM_onehot_key_s_reg[1]
  -------------------------------------------------------------------
                         required time                         -1.588    
                         arrival time                           1.709    
  -------------------------------------------------------------------
                         slack                                  0.121    

Slack (MET) :             0.224ns  (arrival time - required time)
  Source:                 led_inst/out_reg[3]/C
                            (rising edge-triggered cell FDCE clocked by sysclk  {rise@0.000ns fall@5.000ns period=10.000ns})
  Destination:            led_inst/out_reg[0]/D
                            (rising edge-triggered cell FDCE clocked by sysclk  {rise@0.000ns fall@5.000ns period=10.000ns})
  Path Group:             sysclk
  Path Type:              Hold (Min at Fast Process Corner)
  Requirement:            0.000ns  (sysclk rise@0.000ns - sysclk rise@0.000ns)
  Data Path Delay:        0.283ns  (logic 0.164ns (57.891%)  route 0.119ns (42.109%))
  Logic Levels:           0  
  Clock Path Skew:        0.000ns (DCD - SCD - CPR)
    Destination Clock Delay (DCD):    2.034ns
    Source Clock Delay      (SCD):    1.513ns
    Clock Pessimism Removal (CPR):    0.521ns

    Location             Delay type                Incr(ns)  Path(ns)    Netlist Resource(s)
  -------------------------------------------------------------------    -------------------
                         (clock sysclk rise edge)     0.000     0.000 r  
    L5                                                0.000     0.000 r  sys_clk (IN)
                         net (fo=0)                   0.000     0.000    sys_clk
    L5                   IBUF (Prop_ibuf_I_O)         0.219     0.219 r  sys_clk_IBUF_inst/O
                         net (fo=1, routed)           0.652     0.871    sys_clk_IBUF
    BUFGCTRL_X0Y16       BUFG (Prop_bufg_I_O)         0.026     0.897 r  sys_clk_IBUF_BUFG_inst/O
                         net (fo=37, routed)          0.616     1.513    led_inst/sys_clk_IBUF_BUFG
    SLICE_X0Y10          FDCE                                         r  led_inst/out_reg[3]/C
  -------------------------------------------------------------------    -------------------
    SLICE_X0Y10          FDCE (Prop_fdce_C_Q)         0.164     1.677 r  led_inst/out_reg[3]/Q
                         net (fo=2, routed)           0.119     1.796    led_inst/Q[3]
    SLICE_X0Y10          FDCE                                         r  led_inst/out_reg[0]/D
  -------------------------------------------------------------------    -------------------

                         (clock sysclk rise edge)     0.000     0.000 r  
    L5                                                0.000     0.000 r  sys_clk (IN)
                         net (fo=0)                   0.000     0.000    sys_clk
    L5                   IBUF (Prop_ibuf_I_O)         0.407     0.407 r  sys_clk_IBUF_inst/O
                         net (fo=1, routed)           0.711     1.118    sys_clk_IBUF
    BUFGCTRL_X0Y16       BUFG (Prop_bufg_I_O)         0.029     1.147 r  sys_clk_IBUF_BUFG_inst/O
                         net (fo=37, routed)          0.887     2.034    led_inst/sys_clk_IBUF_BUFG
    SLICE_X0Y10          FDCE                                         r  led_inst/out_reg[0]/C
                         clock pessimism             -0.521     1.513    
    SLICE_X0Y10          FDCE (Hold_fdce_C_D)         0.059     1.572    led_inst/out_reg[0]
  -------------------------------------------------------------------
                         required time                         -1.572    
                         arrival time                           1.796    
  -------------------------------------------------------------------
                         slack                                  0.224    

Slack (MET) :             0.225ns  (arrival time - required time)
  Source:                 key1_inst/FSM_onehot_key_s_reg[3]/C
                            (rising edge-triggered cell FDRE clocked by sysclk  {rise@0.000ns fall@5.000ns period=10.000ns})
  Destination:            key1_inst/key_s_r_reg[0]/D
                            (rising edge-triggered cell FDRE clocked by sysclk  {rise@0.000ns fall@5.000ns period=10.000ns})
  Path Group:             sysclk
  Path Type:              Hold (Min at Fast Process Corner)
  Requirement:            0.000ns  (sysclk rise@0.000ns - sysclk rise@0.000ns)
  Data Path Delay:        0.358ns  (logic 0.186ns (51.966%)  route 0.172ns (48.034%))
  Logic Levels:           1  (LUT2=1)
  Clock Path Skew:        0.013ns (DCD - SCD - CPR)
    Destination Clock Delay (DCD):    2.034ns
    Source Clock Delay      (SCD):    1.513ns
    Clock Pessimism Removal (CPR):    0.508ns

    Location             Delay type                Incr(ns)  Path(ns)    Netlist Resource(s)
  -------------------------------------------------------------------    -------------------
                         (clock sysclk rise edge)     0.000     0.000 r  
    L5                                                0.000     0.000 r  sys_clk (IN)
                         net (fo=0)                   0.000     0.000    sys_clk
    L5                   IBUF (Prop_ibuf_I_O)         0.219     0.219 r  sys_clk_IBUF_inst/O
                         net (fo=1, routed)           0.652     0.871    sys_clk_IBUF
    BUFGCTRL_X0Y16       BUFG (Prop_bufg_I_O)         0.026     0.897 r  sys_clk_IBUF_BUFG_inst/O
                         net (fo=37, routed)          0.616     1.513    key1_inst/sys_clk_IBUF_BUFG
    SLICE_X1Y11          FDRE                                         r  key1_inst/FSM_onehot_key_s_reg[3]/C
  -------------------------------------------------------------------    -------------------
    SLICE_X1Y11          FDRE (Prop_fdre_C_Q)         0.141     1.654 r  key1_inst/FSM_onehot_key_s_reg[3]/Q
                         net (fo=4, routed)           0.172     1.826    key1_inst/FSM_onehot_key_s_reg_n_0_[3]
    SLICE_X0Y11          LUT2 (Prop_lut2_I1_O)        0.045     1.871 r  key1_inst/key_s_r[0]_i_1/O
                         net (fo=1, routed)           0.000     1.871    key1_inst/key_s_reg[0]
    SLICE_X0Y11          FDRE                                         r  key1_inst/key_s_r_reg[0]/D
  -------------------------------------------------------------------    -------------------

                         (clock sysclk rise edge)     0.000     0.000 r  
    L5                                                0.000     0.000 r  sys_clk (IN)
                         net (fo=0)                   0.000     0.000    sys_clk
    L5                   IBUF (Prop_ibuf_I_O)         0.407     0.407 r  sys_clk_IBUF_inst/O
                         net (fo=1, routed)           0.711     1.118    sys_clk_IBUF
    BUFGCTRL_X0Y16       BUFG (Prop_bufg_I_O)         0.029     1.147 r  sys_clk_IBUF_BUFG_inst/O
                         net (fo=37, routed)          0.887     2.034    key1_inst/sys_clk_IBUF_BUFG
    SLICE_X0Y11          FDRE                                         r  key1_inst/key_s_r_reg[0]/C
                         clock pessimism             -0.508     1.526    
    SLICE_X0Y11          FDRE (Hold_fdre_C_D)         0.120     1.646    key1_inst/key_s_r_reg[0]
  -------------------------------------------------------------------
                         required time                         -1.646    
                         arrival time                           1.871    
  -------------------------------------------------------------------
                         slack                                  0.225    

Slack (MET) :             0.282ns  (arrival time - required time)
  Source:                 led_inst/out_reg[1]/C
                            (rising edge-triggered cell FDPE clocked by sysclk  {rise@0.000ns fall@5.000ns period=10.000ns})
  Destination:            led_inst/out_reg[2]/D
                            (rising edge-triggered cell FDCE clocked by sysclk  {rise@0.000ns fall@5.000ns period=10.000ns})
  Path Group:             sysclk
  Path Type:              Hold (Min at Fast Process Corner)
  Requirement:            0.000ns  (sysclk rise@0.000ns - sysclk rise@0.000ns)
  Data Path Delay:        0.345ns  (logic 0.164ns (47.562%)  route 0.181ns (52.438%))
  Logic Levels:           0  
  Clock Path Skew:        0.000ns (DCD - SCD - CPR)
    Destination Clock Delay (DCD):    2.034ns
    Source Clock Delay      (SCD):    1.513ns
    Clock Pessimism Removal (CPR):    0.521ns

    Location             Delay type                Incr(ns)  Path(ns)    Netlist Resource(s)
  -------------------------------------------------------------------    -------------------
                         (clock sysclk rise edge)     0.000     0.000 r  
    L5                                                0.000     0.000 r  sys_clk (IN)
                         net (fo=0)                   0.000     0.000    sys_clk
    L5                   IBUF (Prop_ibuf_I_O)         0.219     0.219 r  sys_clk_IBUF_inst/O
                         net (fo=1, routed)           0.652     0.871    sys_clk_IBUF
    BUFGCTRL_X0Y16       BUFG (Prop_bufg_I_O)         0.026     0.897 r  sys_clk_IBUF_BUFG_inst/O
                         net (fo=37, routed)          0.616     1.513    led_inst/sys_clk_IBUF_BUFG
    SLICE_X0Y10          FDPE                                         r  led_inst/out_reg[1]/C
  -------------------------------------------------------------------    -------------------
    SLICE_X0Y10          FDPE (Prop_fdpe_C_Q)         0.164     1.677 r  led_inst/out_reg[1]/Q
                         net (fo=2, routed)           0.181     1.858    led_inst/Q[1]
    SLICE_X0Y10          FDCE                                         r  led_inst/out_reg[2]/D
  -------------------------------------------------------------------    -------------------

                         (clock sysclk rise edge)     0.000     0.000 r  
    L5                                                0.000     0.000 r  sys_clk (IN)
                         net (fo=0)                   0.000     0.000    sys_clk
    L5                   IBUF (Prop_ibuf_I_O)         0.407     0.407 r  sys_clk_IBUF_inst/O
                         net (fo=1, routed)           0.711     1.118    sys_clk_IBUF
    BUFGCTRL_X0Y16       BUFG (Prop_bufg_I_O)         0.029     1.147 r  sys_clk_IBUF_BUFG_inst/O
                         net (fo=37, routed)          0.887     2.034    led_inst/sys_clk_IBUF_BUFG
    SLICE_X0Y10          FDCE                                         r  led_inst/out_reg[2]/C
                         clock pessimism             -0.521     1.513    
    SLICE_X0Y10          FDCE (Hold_fdce_C_D)         0.063     1.576    led_inst/out_reg[2]
  -------------------------------------------------------------------
                         required time                         -1.576    
                         arrival time                           1.858    
  -------------------------------------------------------------------
                         slack                                  0.282    

Slack (MET) :             0.293ns  (arrival time - required time)
  Source:                 led_inst/out_reg[0]/C
                            (rising edge-triggered cell FDCE clocked by sysclk  {rise@0.000ns fall@5.000ns period=10.000ns})
  Destination:            led_inst/out_reg[1]/D
                            (rising edge-triggered cell FDPE clocked by sysclk  {rise@0.000ns fall@5.000ns period=10.000ns})
  Path Group:             sysclk
  Path Type:              Hold (Min at Fast Process Corner)
  Requirement:            0.000ns  (sysclk rise@0.000ns - sysclk rise@0.000ns)
  Data Path Delay:        0.345ns  (logic 0.164ns (47.562%)  route 0.181ns (52.438%))
  Logic Levels:           0  
  Clock Path Skew:        0.000ns (DCD - SCD - CPR)
    Destination Clock Delay (DCD):    2.034ns
    Source Clock Delay      (SCD):    1.513ns
    Clock Pessimism Removal (CPR):    0.521ns

    Location             Delay type                Incr(ns)  Path(ns)    Netlist Resource(s)
  -------------------------------------------------------------------    -------------------
                         (clock sysclk rise edge)     0.000     0.000 r  
    L5                                                0.000     0.000 r  sys_clk (IN)
                         net (fo=0)                   0.000     0.000    sys_clk
    L5                   IBUF (Prop_ibuf_I_O)         0.219     0.219 r  sys_clk_IBUF_inst/O
                         net (fo=1, routed)           0.652     0.871    sys_clk_IBUF
    BUFGCTRL_X0Y16       BUFG (Prop_bufg_I_O)         0.026     0.897 r  sys_clk_IBUF_BUFG_inst/O
                         net (fo=37, routed)          0.616     1.513    led_inst/sys_clk_IBUF_BUFG
    SLICE_X0Y10          FDCE                                         r  led_inst/out_reg[0]/C
  -------------------------------------------------------------------    -------------------
    SLICE_X0Y10          FDCE (Prop_fdce_C_Q)         0.164     1.677 r  led_inst/out_reg[0]/Q
                         net (fo=2, routed)           0.181     1.858    led_inst/Q[0]
    SLICE_X0Y10          FDPE                                         r  led_inst/out_reg[1]/D
  -------------------------------------------------------------------    -------------------

                         (clock sysclk rise edge)     0.000     0.000 r  
    L5                                                0.000     0.000 r  sys_clk (IN)
                         net (fo=0)                   0.000     0.000    sys_clk
    L5                   IBUF (Prop_ibuf_I_O)         0.407     0.407 r  sys_clk_IBUF_inst/O
                         net (fo=1, routed)           0.711     1.118    sys_clk_IBUF
    BUFGCTRL_X0Y16       BUFG (Prop_bufg_I_O)         0.029     1.147 r  sys_clk_IBUF_BUFG_inst/O
                         net (fo=37, routed)          0.887     2.034    led_inst/sys_clk_IBUF_BUFG
    SLICE_X0Y10          FDPE                                         r  led_inst/out_reg[1]/C
                         clock pessimism             -0.521     1.513    
    SLICE_X0Y10          FDPE (Hold_fdpe_C_D)         0.052     1.565    led_inst/out_reg[1]
  -------------------------------------------------------------------
                         required time                         -1.565    
                         arrival time                           1.858    
  -------------------------------------------------------------------
                         slack                                  0.293    

Slack (MET) :             0.299ns  (arrival time - required time)
  Source:                 key1_inst/key_r_reg[3]/C
                            (rising edge-triggered cell FDRE clocked by sysclk  {rise@0.000ns fall@5.000ns period=10.000ns})
  Destination:            key1_inst/FSM_onehot_key_s_reg[3]/D
                            (rising edge-triggered cell FDRE clocked by sysclk  {rise@0.000ns fall@5.000ns period=10.000ns})
  Path Group:             sysclk
  Path Type:              Hold (Min at Fast Process Corner)
  Requirement:            0.000ns  (sysclk rise@0.000ns - sysclk rise@0.000ns)
  Data Path Delay:        0.409ns  (logic 0.246ns (60.175%)  route 0.163ns (39.825%))
  Logic Levels:           1  (LUT2=1)
  Clock Path Skew:        0.018ns (DCD - SCD - CPR)
    Destination Clock Delay (DCD):    2.034ns
    Source Clock Delay      (SCD):    1.511ns
    Clock Pessimism Removal (CPR):    0.505ns

    Location             Delay type                Incr(ns)  Path(ns)    Netlist Resource(s)
  -------------------------------------------------------------------    -------------------
                         (clock sysclk rise edge)     0.000     0.000 r  
    L5                                                0.000     0.000 r  sys_clk (IN)
                         net (fo=0)                   0.000     0.000    sys_clk
    L5                   IBUF (Prop_ibuf_I_O)         0.219     0.219 r  sys_clk_IBUF_inst/O
                         net (fo=1, routed)           0.652     0.871    sys_clk_IBUF
    BUFGCTRL_X0Y16       BUFG (Prop_bufg_I_O)         0.026     0.897 r  sys_clk_IBUF_BUFG_inst/O
                         net (fo=37, routed)          0.614     1.511    key1_inst/sys_clk_IBUF_BUFG
    SLICE_X2Y13          FDRE                                         r  key1_inst/key_r_reg[3]/C
  -------------------------------------------------------------------    -------------------
    SLICE_X2Y13          FDRE (Prop_fdre_C_Q)         0.148     1.659 r  key1_inst/key_r_reg[3]/Q
                         net (fo=3, routed)           0.163     1.822    key1_inst/p_0_in
    SLICE_X1Y11          LUT2 (Prop_lut2_I1_O)        0.098     1.920 r  key1_inst/FSM_onehot_key_s[3]_i_3/O
                         net (fo=1, routed)           0.000     1.920    key1_inst/FSM_onehot_key_s[3]_i_3_n_0
    SLICE_X1Y11          FDRE                                         r  key1_inst/FSM_onehot_key_s_reg[3]/D
  -------------------------------------------------------------------    -------------------

                         (clock sysclk rise edge)     0.000     0.000 r  
    L5                                                0.000     0.000 r  sys_clk (IN)
                         net (fo=0)                   0.000     0.000    sys_clk
    L5                   IBUF (Prop_ibuf_I_O)         0.407     0.407 r  sys_clk_IBUF_inst/O
                         net (fo=1, routed)           0.711     1.118    sys_clk_IBUF
    BUFGCTRL_X0Y16       BUFG (Prop_bufg_I_O)         0.029     1.147 r  sys_clk_IBUF_BUFG_inst/O
                         net (fo=37, routed)          0.887     2.034    key1_inst/sys_clk_IBUF_BUFG
    SLICE_X1Y11          FDRE                                         r  key1_inst/FSM_onehot_key_s_reg[3]/C
                         clock pessimism             -0.505     1.529    
    SLICE_X1Y11          FDRE (Hold_fdre_C_D)         0.092     1.621    key1_inst/FSM_onehot_key_s_reg[3]
  -------------------------------------------------------------------
                         required time                         -1.621    
                         arrival time                           1.920    
  -------------------------------------------------------------------
                         slack                                  0.299    

Slack (MET) :             0.301ns  (arrival time - required time)
  Source:                 key1_inst/key_r_reg[3]/C
                            (rising edge-triggered cell FDRE clocked by sysclk  {rise@0.000ns fall@5.000ns period=10.000ns})
  Destination:            key1_inst/FSM_onehot_key_s_reg[0]/D
                            (rising edge-triggered cell FDSE clocked by sysclk  {rise@0.000ns fall@5.000ns period=10.000ns})
  Path Group:             sysclk
  Path Type:              Hold (Min at Fast Process Corner)
  Requirement:            0.000ns  (sysclk rise@0.000ns - sysclk rise@0.000ns)
  Data Path Delay:        0.410ns  (logic 0.246ns (60.028%)  route 0.164ns (39.972%))
  Logic Levels:           1  (LUT3=1)
  Clock Path Skew:        0.018ns (DCD - SCD - CPR)
    Destination Clock Delay (DCD):    2.034ns
    Source Clock Delay      (SCD):    1.511ns
    Clock Pessimism Removal (CPR):    0.505ns

    Location             Delay type                Incr(ns)  Path(ns)    Netlist Resource(s)
  -------------------------------------------------------------------    -------------------
                         (clock sysclk rise edge)     0.000     0.000 r  
    L5                                                0.000     0.000 r  sys_clk (IN)
                         net (fo=0)                   0.000     0.000    sys_clk
    L5                   IBUF (Prop_ibuf_I_O)         0.219     0.219 r  sys_clk_IBUF_inst/O
                         net (fo=1, routed)           0.652     0.871    sys_clk_IBUF
    BUFGCTRL_X0Y16       BUFG (Prop_bufg_I_O)         0.026     0.897 r  sys_clk_IBUF_BUFG_inst/O
                         net (fo=37, routed)          0.614     1.511    key1_inst/sys_clk_IBUF_BUFG
    SLICE_X2Y13          FDRE                                         r  key1_inst/key_r_reg[3]/C
  -------------------------------------------------------------------    -------------------
    SLICE_X2Y13          FDRE (Prop_fdre_C_Q)         0.148     1.659 f  key1_inst/key_r_reg[3]/Q
                         net (fo=3, routed)           0.164     1.823    key1_inst/p_0_in
    SLICE_X1Y11          LUT3 (Prop_lut3_I0_O)        0.098     1.921 r  key1_inst/FSM_onehot_key_s[0]_i_1/O
                         net (fo=1, routed)           0.000     1.921    key1_inst/FSM_onehot_key_s[0]_i_1_n_0
    SLICE_X1Y11          FDSE                                         r  key1_inst/FSM_onehot_key_s_reg[0]/D
  -------------------------------------------------------------------    -------------------

                         (clock sysclk rise edge)     0.000     0.000 r  
    L5                                                0.000     0.000 r  sys_clk (IN)
                         net (fo=0)                   0.000     0.000    sys_clk
    L5                   IBUF (Prop_ibuf_I_O)         0.407     0.407 r  sys_clk_IBUF_inst/O
                         net (fo=1, routed)           0.711     1.118    sys_clk_IBUF
    BUFGCTRL_X0Y16       BUFG (Prop_bufg_I_O)         0.029     1.147 r  sys_clk_IBUF_BUFG_inst/O
                         net (fo=37, routed)          0.887     2.034    key1_inst/sys_clk_IBUF_BUFG
    SLICE_X1Y11          FDSE                                         r  key1_inst/FSM_onehot_key_s_reg[0]/C
                         clock pessimism             -0.505     1.529    
    SLICE_X1Y11          FDSE (Hold_fdse_C_D)         0.091     1.620    key1_inst/FSM_onehot_key_s_reg[0]
  -------------------------------------------------------------------
                         required time                         -1.620    
                         arrival time                           1.921    
  -------------------------------------------------------------------
                         slack                                  0.301    

Slack (MET) :             0.308ns  (arrival time - required time)
  Source:                 key1_inst/FSM_onehot_key_s_reg[1]/C
                            (rising edge-triggered cell FDRE clocked by sysclk  {rise@0.000ns fall@5.000ns period=10.000ns})
  Destination:            key1_inst/FSM_onehot_key_s_reg[2]/D
                            (rising edge-triggered cell FDRE clocked by sysclk  {rise@0.000ns fall@5.000ns period=10.000ns})
  Path Group:             sysclk
  Path Type:              Hold (Min at Fast Process Corner)
  Requirement:            0.000ns  (sysclk rise@0.000ns - sysclk rise@0.000ns)
  Data Path Delay:        0.325ns  (logic 0.128ns (39.414%)  route 0.197ns (60.586%))
  Logic Levels:           0  
  Clock Path Skew:        0.000ns (DCD - SCD - CPR)
    Destination Clock Delay (DCD):    2.034ns
    Source Clock Delay      (SCD):    1.513ns
    Clock Pessimism Removal (CPR):    0.521ns

    Location             Delay type                Incr(ns)  Path(ns)    Netlist Resource(s)
  -------------------------------------------------------------------    -------------------
                         (clock sysclk rise edge)     0.000     0.000 r  
    L5                                                0.000     0.000 r  sys_clk (IN)
                         net (fo=0)                   0.000     0.000    sys_clk
    L5                   IBUF (Prop_ibuf_I_O)         0.219     0.219 r  sys_clk_IBUF_inst/O
                         net (fo=1, routed)           0.652     0.871    sys_clk_IBUF
    BUFGCTRL_X0Y16       BUFG (Prop_bufg_I_O)         0.026     0.897 r  sys_clk_IBUF_BUFG_inst/O
                         net (fo=37, routed)          0.616     1.513    key1_inst/sys_clk_IBUF_BUFG
    SLICE_X1Y11          FDRE                                         r  key1_inst/FSM_onehot_key_s_reg[1]/C
  -------------------------------------------------------------------    -------------------
    SLICE_X1Y11          FDRE (Prop_fdre_C_Q)         0.128     1.641 r  key1_inst/FSM_onehot_key_s_reg[1]/Q
                         net (fo=3, routed)           0.197     1.838    key1_inst/FSM_onehot_key_s_reg_n_0_[1]
    SLICE_X1Y11          FDRE                                         r  key1_inst/FSM_onehot_key_s_reg[2]/D
  -------------------------------------------------------------------    -------------------

                         (clock sysclk rise edge)     0.000     0.000 r  
    L5                                                0.000     0.000 r  sys_clk (IN)
                         net (fo=0)                   0.000     0.000    sys_clk
    L5                   IBUF (Prop_ibuf_I_O)         0.407     0.407 r  sys_clk_IBUF_inst/O
                         net (fo=1, routed)           0.711     1.118    sys_clk_IBUF
    BUFGCTRL_X0Y16       BUFG (Prop_bufg_I_O)         0.029     1.147 r  sys_clk_IBUF_BUFG_inst/O
                         net (fo=37, routed)          0.887     2.034    key1_inst/sys_clk_IBUF_BUFG
    SLICE_X1Y11          FDRE                                         r  key1_inst/FSM_onehot_key_s_reg[2]/C
                         clock pessimism             -0.521     1.513    
    SLICE_X1Y11          FDRE (Hold_fdre_C_D)         0.017     1.530    key1_inst/FSM_onehot_key_s_reg[2]
  -------------------------------------------------------------------
                         required time                         -1.530    
                         arrival time                           1.838    
  -------------------------------------------------------------------
                         slack                                  0.308    

Slack (MET) :             0.357ns  (arrival time - required time)
  Source:                 key1_inst/key_r_reg[2]_srl2/CLK
                            (rising edge-triggered cell SRL16E clocked by sysclk  {rise@0.000ns fall@5.000ns period=10.000ns})
  Destination:            key1_inst/key_r_reg[3]/D
                            (rising edge-triggered cell FDRE clocked by sysclk  {rise@0.000ns fall@5.000ns period=10.000ns})
  Path Group:             sysclk
  Path Type:              Hold (Min at Fast Process Corner)
  Requirement:            0.000ns  (sysclk rise@0.000ns - sysclk rise@0.000ns)
  Data Path Delay:        0.488ns  (logic 0.488ns (100.000%)  route 0.000ns (0.000%))
  Logic Levels:           0  
  Clock Path Skew:        0.000ns (DCD - SCD - CPR)
    Destination Clock Delay (DCD):    2.031ns
    Source Clock Delay      (SCD):    1.511ns
    Clock Pessimism Removal (CPR):    0.520ns

    Location             Delay type                Incr(ns)  Path(ns)    Netlist Resource(s)
  -------------------------------------------------------------------    -------------------
                         (clock sysclk rise edge)     0.000     0.000 r  
    L5                                                0.000     0.000 r  sys_clk (IN)
                         net (fo=0)                   0.000     0.000    sys_clk
    L5                   IBUF (Prop_ibuf_I_O)         0.219     0.219 r  sys_clk_IBUF_inst/O
                         net (fo=1, routed)           0.652     0.871    sys_clk_IBUF
    BUFGCTRL_X0Y16       BUFG (Prop_bufg_I_O)         0.026     0.897 r  sys_clk_IBUF_BUFG_inst/O
                         net (fo=37, routed)          0.614     1.511    key1_inst/sys_clk_IBUF_BUFG
    SLICE_X2Y13          SRL16E                                       r  key1_inst/key_r_reg[2]_srl2/CLK
  -------------------------------------------------------------------    -------------------
    SLICE_X2Y13          SRL16E (Prop_srl16e_CLK_Q)
                                                      0.488     1.999 r  key1_inst/key_r_reg[2]_srl2/Q
                         net (fo=1, routed)           0.000     1.999    key1_inst/key_r_reg[2]_srl2_n_0
    SLICE_X2Y13          FDRE                                         r  key1_inst/key_r_reg[3]/D
  -------------------------------------------------------------------    -------------------

                         (clock sysclk rise edge)     0.000     0.000 r  
    L5                                                0.000     0.000 r  sys_clk (IN)
                         net (fo=0)                   0.000     0.000    sys_clk
    L5                   IBUF (Prop_ibuf_I_O)         0.407     0.407 r  sys_clk_IBUF_inst/O
                         net (fo=1, routed)           0.711     1.118    sys_clk_IBUF
    BUFGCTRL_X0Y16       BUFG (Prop_bufg_I_O)         0.029     1.147 r  sys_clk_IBUF_BUFG_inst/O
                         net (fo=37, routed)          0.884     2.031    key1_inst/sys_clk_IBUF_BUFG
    SLICE_X2Y13          FDRE                                         r  key1_inst/key_r_reg[3]/C
                         clock pessimism             -0.520     1.511    
    SLICE_X2Y13          FDRE (Hold_fdre_C_D)         0.131     1.642    key1_inst/key_r_reg[3]
  -------------------------------------------------------------------
                         required time                         -1.642    
                         arrival time                           1.999    
  -------------------------------------------------------------------
                         slack                                  0.357    





Pulse Width Checks
--------------------------------------------------------------------------------------
Clock Name:         sysclk
Waveform(ns):       { 0.000 5.000 }
Period(ns):         10.000
Sources:            { sys_clk }

Check Type        Corner  Lib Pin     Reference Pin  Required(ns)  Actual(ns)  Slack(ns)  Location        Pin
Min Period        n/a     BUFG/I      n/a            1.592         10.000      8.408      BUFGCTRL_X0Y16  sys_clk_IBUF_BUFG_inst/I
Min Period        n/a     FDSE/C      n/a            1.000         10.000      9.000      SLICE_X1Y11     key1_inst/FSM_onehot_key_s_reg[0]/C
Min Period        n/a     FDRE/C      n/a            1.000         10.000      9.000      SLICE_X1Y11     key1_inst/FSM_onehot_key_s_reg[1]/C
Min Period        n/a     FDRE/C      n/a            1.000         10.000      9.000      SLICE_X1Y11     key1_inst/FSM_onehot_key_s_reg[2]/C
Min Period        n/a     FDRE/C      n/a            1.000         10.000      9.000      SLICE_X1Y11     key1_inst/FSM_onehot_key_s_reg[3]/C
Min Period        n/a     FDRE/C      n/a            1.000         10.000      9.000      SLICE_X3Y13     key1_inst/key_r_reg[0]/C
Min Period        n/a     FDRE/C      n/a            1.000         10.000      9.000      SLICE_X2Y13     key1_inst/key_r_reg[3]/C
Min Period        n/a     FDRE/C      n/a            1.000         10.000      9.000      SLICE_X0Y11     key1_inst/key_s_r_reg[0]/C
Min Period        n/a     FDRE/C      n/a            1.000         10.000      9.000      SLICE_X0Y11     key1_inst/key_s_r_reg[1]/C
Min Period        n/a     FDRE/C      n/a            1.000         10.000      9.000      SLICE_X3Y6      key1_inst/t25ms_cnt_reg[0]/C
Low Pulse Width   Slow    SRL16E/CLK  n/a            0.854         5.000       4.146      SLICE_X2Y13     key1_inst/key_r_reg[2]_srl2/CLK
Low Pulse Width   Fast    SRL16E/CLK  n/a            0.854         5.000       4.146      SLICE_X2Y13     key1_inst/key_r_reg[2]_srl2/CLK
Low Pulse Width   Slow    FDSE/C      n/a            0.500         5.000       4.500      SLICE_X1Y11     key1_inst/FSM_onehot_key_s_reg[0]/C
Low Pulse Width   Fast    FDSE/C      n/a            0.500         5.000       4.500      SLICE_X1Y11     key1_inst/FSM_onehot_key_s_reg[0]/C
Low Pulse Width   Slow    FDRE/C      n/a            0.500         5.000       4.500      SLICE_X1Y11     key1_inst/FSM_onehot_key_s_reg[1]/C
Low Pulse Width   Fast    FDRE/C      n/a            0.500         5.000       4.500      SLICE_X1Y11     key1_inst/FSM_onehot_key_s_reg[1]/C
Low Pulse Width   Slow    FDRE/C      n/a            0.500         5.000       4.500      SLICE_X1Y11     key1_inst/FSM_onehot_key_s_reg[2]/C
Low Pulse Width   Fast    FDRE/C      n/a            0.500         5.000       4.500      SLICE_X1Y11     key1_inst/FSM_onehot_key_s_reg[2]/C
Low Pulse Width   Slow    FDRE/C      n/a            0.500         5.000       4.500      SLICE_X1Y11     key1_inst/FSM_onehot_key_s_reg[3]/C
Low Pulse Width   Fast    FDRE/C      n/a            0.500         5.000       4.500      SLICE_X1Y11     key1_inst/FSM_onehot_key_s_reg[3]/C
High Pulse Width  Slow    SRL16E/CLK  n/a            0.854         5.000       4.146      SLICE_X2Y13     key1_inst/key_r_reg[2]_srl2/CLK
High Pulse Width  Fast    SRL16E/CLK  n/a            0.854         5.000       4.146      SLICE_X2Y13     key1_inst/key_r_reg[2]_srl2/CLK
High Pulse Width  Slow    FDSE/C      n/a            0.500         5.000       4.500      SLICE_X1Y11     key1_inst/FSM_onehot_key_s_reg[0]/C
High Pulse Width  Fast    FDSE/C      n/a            0.500         5.000       4.500      SLICE_X1Y11     key1_inst/FSM_onehot_key_s_reg[0]/C
High Pulse Width  Slow    FDRE/C      n/a            0.500         5.000       4.500      SLICE_X1Y11     key1_inst/FSM_onehot_key_s_reg[1]/C
High Pulse Width  Fast    FDRE/C      n/a            0.500         5.000       4.500      SLICE_X1Y11     key1_inst/FSM_onehot_key_s_reg[1]/C
High Pulse Width  Slow    FDRE/C      n/a            0.500         5.000       4.500      SLICE_X1Y11     key1_inst/FSM_onehot_key_s_reg[2]/C
High Pulse Width  Fast    FDRE/C      n/a            0.500         5.000       4.500      SLICE_X1Y11     key1_inst/FSM_onehot_key_s_reg[2]/C
High Pulse Width  Slow    FDRE/C      n/a            0.500         5.000       4.500      SLICE_X1Y11     key1_inst/FSM_onehot_key_s_reg[3]/C
High Pulse Width  Fast    FDRE/C      n/a            0.500         5.000       4.500      SLICE_X1Y11     key1_inst/FSM_onehot_key_s_reg[3]/C



