Copyright 1986-2021 Xilinx, Inc. All Rights Reserved.
-----------------------------------------------------------------------------------------------------------------------------------------------------------
| Tool Version : Vivado v.2021.1 (win64) Build 3247384 Thu Jun 10 19:36:33 MDT 2021
| Date         : Sun Jul 26 16:59:58 2026
| Host         : DESKTOP-6T21VQQ running 64-bit major release  (build 9200)
| Command      : report_methodology -file top_key_methodology_drc_routed.rpt -pb top_key_methodology_drc_routed.pb -rpx top_key_methodology_drc_routed.rpx
| Design       : top_key
| Device       : xc7z015clg485-2
| Speed File   : -2
| Design State : Fully Routed
-----------------------------------------------------------------------------------------------------------------------------------------------------------

Report Methodology

Table of Contents
-----------------
1. REPORT SUMMARY
2. REPORT DETAILS

1. REPORT SUMMARY
-----------------
            Netlist: netlist
          Floorplan: design_1
      Design limits: <entire design considered>
             Max violations: <unlimited>
             Violations found: 6
+-----------+----------+-------------------------------+------------+
| Rule      | Severity | Description                   | Violations |
+-----------+----------+-------------------------------+------------+
| TIMING-18 | Warning  | Missing input or output delay | 6          |
+-----------+----------+-------------------------------+------------+

2. REPORT DETAILS
-----------------
TIMING-18#1 Warning
Missing input or output delay  
An input delay is missing on key1_i relative to clock(s) sysclk
Related violations: <none>

TIMING-18#2 Warning
Missing input or output delay  
An input delay is missing on sys_rest relative to clock(s) sysclk
Related violations: <none>

TIMING-18#3 Warning
Missing input or output delay  
An output delay is missing on sig_led[0] relative to clock(s) sysclk
Related violations: <none>

TIMING-18#4 Warning
Missing input or output delay  
An output delay is missing on sig_led[1] relative to clock(s) sysclk
Related violations: <none>

TIMING-18#5 Warning
Missing input or output delay  
An output delay is missing on sig_led[2] relative to clock(s) sysclk
Related violations: <none>

TIMING-18#6 Warning
Missing input or output delay  
An output delay is missing on sig_led[3] relative to clock(s) sysclk
Related violations: <none>


