C51 COMPILER V9.54   NIXIE                                                                 07/17/2026 15:47:47 PAGE 1   


C51 COMPILER V9.54, COMPILATION OF MODULE NIXIE
OBJECT MODULE PLACED IN .\Objects\Nixie.obj
COMPILER INVOKED BY: D:\Keil_v5\C51\BIN\C51.EXE Nixie.c OPTIMIZE(8,SPEED) BROWSE DEBUG OBJECTEXTEND PRINT(.\Listings\Nix
                    -ie.lst) OBJECT(.\Objects\Nixie.obj)

line level    source

   1          #include "Nixie.h"
   2          
   3          //¶ÎÂë±í                                          0    1    2    3    4    5    6    7    8    9
   4          unsigned char ledArr[10] = {0X3F,0X06,0X5B,0X4F,0X66,0X6D,0X7D,0X07,0X7F,0X6F};
   5          
   6          void Nixie(unsigned char Location,unsigned char Number){
   7   1              switch(Location){
   8   2                      case 1:P2_4 = 0;P2_3 = 0;P2_2 = 0;break;
   9   2                      case 2:P2_4 = 0;P2_3 = 0;P2_2 = 1;break;
  10   2                      case 3:P2_4 = 0;P2_3 = 1;P2_2 = 0;break;
  11   2                      case 4:P2_4 = 0;P2_3 = 1;P2_2 = 1;break;
  12   2                      case 5:P2_4 = 1;P2_3 = 0;P2_2 = 0;break;
  13   2                      case 6:P2_4 = 1;P2_3 = 0;P2_2 = 1;break;
  14   2                      case 7:P2_4 = 1;P2_3 = 1;P2_2 = 0;break;
  15   2                      case 8:P2_4 = 1;P2_3 = 1;P2_2 = 1;break;
  16   2              }
  17   1              P0 = ledArr[Number];
  18   1              Delay(1);
  19   1              P0 = 0x00;
  20   1      }


MODULE INFORMATION:   STATIC OVERLAYABLE
   CODE SIZE        =    109    ----
   CONSTANT SIZE    =   ----    ----
   XDATA SIZE       =   ----    ----
   PDATA SIZE       =   ----    ----
   DATA SIZE        =     10    ----
   IDATA SIZE       =   ----    ----
   BIT SIZE         =   ----    ----
END OF MODULE INFORMATION.


C51 COMPILATION COMPLETE.  0 WARNING(S),  0 ERROR(S)
