C51 COMPILER V9.54   MAIN                                                                  08/03/2026 16:47:33 PAGE 1   


C51 COMPILER V9.54, COMPILATION OF MODULE MAIN
OBJECT MODULE PLACED IN .\Objects\main.obj
COMPILER INVOKED BY: D:\Keil_v5\C51\BIN\C51.EXE main.c OPTIMIZE(8,SPEED) BROWSE DEBUG OBJECTEXTEND PRINT(.\Listings\main
                    -.lst) OBJECT(.\Objects\main.obj)

line level    source

   1          #include <REGX52.H>
   2          #include "Delay.h"
   3          #include "LCD1602.h"
   4          #include "MatrixKey.h"
   5          
   6          unsigned char KeyNum = 0;
   7          
   8          void main(){
   9   1              
  10   1              LCD_Init();
  11   1              LCD_ShowString(1,1,"MatrixKey:");
  12   1              
  13   1              while(1){
  14   2                      
  15   2                      //KeyNum = MatrixKey();
  16   2                      KeyNum = KeyDown();
  17   2                      if(KeyNum){
  18   3                              LCD_ShowNum(2,1,KeyNum,2);
  19   3                      }
  20   2                              
  21   2              }
  22   1      }


MODULE INFORMATION:   STATIC OVERLAYABLE
   CODE SIZE        =     40    ----
   CONSTANT SIZE    =     11    ----
   XDATA SIZE       =   ----    ----
   PDATA SIZE       =   ----    ----
   DATA SIZE        =      1    ----
   IDATA SIZE       =   ----    ----
   BIT SIZE         =   ----    ----
END OF MODULE INFORMATION.


C51 COMPILATION COMPLETE.  0 WARNING(S),  0 ERROR(S)
