BL51 BANKED LINKER/LOCATER V6.22                                                        07/21/2026  12:25:06  PAGE 1


BL51 BANKED LINKER/LOCATER V6.22, INVOKED BY:
D:\KEIL_V5\C51\BIN\BL51.EXE .\Objects\main.obj, .\Objects\Delay.obj, .\Objects\LCD1602.obj, .\Objects\MatrixKey.obj TO .
>> \Objects\Project PRINT (.\Listings\Project.m51) RAMSIZE (256) DISABLEWARNING (16)


MEMORY MODEL: SMALL


INPUT MODULES INCLUDED:
  .\Objects\main.obj (MAIN)
  .\Objects\Delay.obj (DELAY)
  .\Objects\LCD1602.obj (LCD1602)
  .\Objects\MatrixKey.obj (MATRIXKEY)
  D:\KEIL_V5\C51\LIB\C51S.LIB (?C_STARTUP)
  D:\KEIL_V5\C51\LIB\C51S.LIB (?C?CLDOPTR)
  D:\KEIL_V5\C51\LIB\C51S.LIB (?C?IMUL)
  D:\KEIL_V5\C51\LIB\C51S.LIB (?C?UIDIV)
  D:\KEIL_V5\C51\LIB\C51S.LIB (?C_INIT)


LINK MAP OF MODULE:  .\Objects\Project (MAIN)


            TYPE    BASE      LENGTH    RELOCATION   SEGMENT NAME
            -----------------------------------------------------

            * * * * * * *   D A T A   M E M O R Y   * * * * * * *
            REG     0000H     0008H     ABSOLUTE     "REG BANK 0"
            DATA    0008H     0009H     UNIT         _DATA_GROUP_
            DATA    0011H     0007H     UNIT         ?DT?_LCD_SHOWSIGNEDNUM?LCD1602
            DATA    0018H     0005H     UNIT         ?DT?_LCD_SHOWHEXNUM?LCD1602
            DATA    001DH     0005H     UNIT         ?DT?_LCD_SHOWBINNUM?LCD1602
            DATA    0022H     0001H     UNIT         ?DT?MAIN
            IDATA   0023H     0001H     UNIT         ?STACK

            * * * * * * *   C O D E   M E M O R Y   * * * * * * *
            CODE    0000H     0003H     ABSOLUTE     
                    0003H     07FDH                  *** GAP ***
            CODE    0800H     0094H     UNIT         ?C?LIB_CODE
            CODE    0894H     008CH     UNIT         ?C_C51STARTUP
            CODE    0920H     0088H     UNIT         ?PR?KEYDOWN?MATRIXKEY
            CODE    09A8H     003AH     UNIT         ?PR?_LCD_SHOWSIGNEDNUM?LCD1602
            CODE    09E2H     0039H     UNIT         ?PR?_LCD_SHOWHEXNUM?LCD1602
            CODE    0A1BH     0038H     UNIT         ?PR?_LCD_SHOWBINNUM?LCD1602
            CODE    0A53H     0033H     UNIT         ?PR?_LCD_POW?LCD1602
            CODE    0A86H     002BH     UNIT         ?PR?MAIN?MAIN
            CODE    0AB1H     0023H     UNIT         ?PR?_LCD_SHOWSTRING?LCD1602
            CODE    0AD4H     001EH     UNIT         ?PR?_LCD_WRITEDATA?LCD1602
            CODE    0AF2H     001DH     UNIT         ?PR?_LCD_SHOWNUM?LCD1602
            CODE    0B0FH     0016H     UNIT         ?PR?_LCD_SETCURSOR?LCD1602
            CODE    0B25H     0014H     UNIT         ?PR?_DELAY?DELAY
            CODE    0B39H     0014H     UNIT         ?PR?LCD_INIT?LCD1602
            CODE    0B4DH     000FH     UNIT         ?PR?LCD_DELAY?LCD1602
            CODE    0B5CH     000CH     UNIT         ?CO?MAIN
            CODE    0B68H     000AH     UNIT         ?PR?_LCD_WRITECOMMAND?LCD1602
            CODE    0B72H     000AH     UNIT         ?PR?_LCD_SHOWCHAR?LCD1602
            CODE    0B7CH     0004H     UNIT         ?C_INITSEG

BL51 BANKED LINKER/LOCATER V6.22                                                      07/21/2026  12:25:06  PAGE 2




OVERLAY MAP OF MODULE:   .\Objects\Project (MAIN)


SEGMENT                                  DATA_GROUP 
  +--> CALLED SEGMENT                  START    LENGTH
------------------------------------------------------
?C_C51STARTUP                          -----    -----
  +--> ?PR?MAIN?MAIN
  +--> ?C_INITSEG

?PR?MAIN?MAIN                          -----    -----
  +--> ?PR?LCD_INIT?LCD1602
  +--> ?CO?MAIN
  +--> ?PR?_LCD_SHOWSTRING?LCD1602
  +--> ?PR?KEYDOWN?MATRIXKEY
  +--> ?PR?_LCD_SHOWNUM?LCD1602

?PR?LCD_INIT?LCD1602                   -----    -----
  +--> ?PR?_LCD_WRITECOMMAND?LCD1602

?PR?_LCD_WRITECOMMAND?LCD1602          -----    -----
  +--> ?PR?LCD_DELAY?LCD1602

?PR?_LCD_SHOWSTRING?LCD1602            0008H    0003H
  +--> ?PR?_LCD_SETCURSOR?LCD1602
  +--> ?PR?_LCD_WRITEDATA?LCD1602

?PR?_LCD_SETCURSOR?LCD1602             -----    -----
  +--> ?PR?_LCD_WRITECOMMAND?LCD1602

?PR?_LCD_WRITEDATA?LCD1602             -----    -----
  +--> ?PR?LCD_DELAY?LCD1602

?PR?KEYDOWN?MATRIXKEY                  0008H    0002H
  +--> ?PR?_DELAY?DELAY

?PR?_LCD_SHOWNUM?LCD1602               0008H    0005H
  +--> ?PR?_LCD_SETCURSOR?LCD1602
  +--> ?PR?_LCD_POW?LCD1602
  +--> ?PR?_LCD_WRITEDATA?LCD1602

?PR?_LCD_POW?LCD1602                   000DH    0004H



SYMBOL TABLE OF MODULE:  .\Objects\Project (MAIN)

  VALUE           TYPE          NAME
  ----------------------------------

  -------         MODULE        MAIN
  C:0000H         SYMBOL        _ICE_DUMMY_
  D:0090H         PUBLIC        P1
  C:0A86H         PUBLIC        main
  D:0022H         PUBLIC        KeyNum
BL51 BANKED LINKER/LOCATER V6.22                                                      07/21/2026  12:25:06  PAGE 3


  -------         PROC          MAIN
  C:0A86H         LINE#         8
  C:0A86H         LINE#         10
  C:0A89H         LINE#         11
  C:0A96H         LINE#         13
  C:0A99H         LINE#         15
  C:0A99H         LINE#         18
  C:0A9EH         LINE#         19
  C:0AA2H         LINE#         20
  C:0AAFH         LINE#         21
  C:0AAFH         LINE#         23
  -------         ENDPROC       MAIN
  -------         ENDMOD        MAIN

  -------         MODULE        DELAY
  C:0000H         SYMBOL        _ICE_DUMMY_
  C:0B25H         PUBLIC        _Delay
  -------         PROC          _DELAY
  D:0006H         SYMBOL        xms
  -------         DO            
  D:0005H         SYMBOL        i
  D:0004H         SYMBOL        j
  -------         ENDDO         
  C:0B25H         LINE#         3
  C:0B25H         LINE#         4
  C:0B25H         LINE#         7
  C:0B29H         LINE#         8
  C:0B2BH         LINE#         9
  C:0B2DH         LINE#         11
  C:0B2DH         LINE#         12
  C:0B2FH         LINE#         13
  C:0B31H         LINE#         14
  C:0B36H         LINE#         15
  C:0B38H         LINE#         16
  -------         ENDPROC       _DELAY
  -------         ENDMOD        DELAY

  -------         MODULE        LCD1602
  C:0000H         SYMBOL        _ICE_DUMMY_
  D:0080H         PUBLIC        P0
  D:00A0H         PUBLIC        P2
  C:0B68H         PUBLIC        _LCD_WriteCommand
  C:0AF2H         PUBLIC        _LCD_ShowNum
  C:0A1BH         PUBLIC        _LCD_ShowBinNum
  C:0B53H         PUBLIC        LCD_Delay
  C:09E2H         PUBLIC        _LCD_ShowHexNum
  C:0AE8H         PUBLIC        _LCD_WriteData
  B:00A0H.7       PUBLIC        LCD_EN
  C:0B39H         PUBLIC        LCD_Init
  C:0AB1H         PUBLIC        _LCD_ShowString
  C:0B72H         PUBLIC        _LCD_ShowChar
  B:00A0H.6       PUBLIC        LCD_RS
  B:00A0H.5       PUBLIC        LCD_RW
  C:0B0FH         PUBLIC        _LCD_SetCursor
  C:09A8H         PUBLIC        _LCD_ShowSignedNum
  C:0A5FH         PUBLIC        _LCD_Pow
  -------         PROC          L?0048
BL51 BANKED LINKER/LOCATER V6.22                                                      07/21/2026  12:25:06  PAGE 4


  -------         ENDPROC       L?0048
  -------         PROC          LCD_DELAY
  -------         DO            
  D:0007H         SYMBOL        i
  D:0006H         SYMBOL        j
  -------         ENDDO         
  C:0B53H         LINE#         15
  C:0B53H         LINE#         16
  C:0B53H         LINE#         19
  C:0B55H         LINE#         20
  C:0B57H         LINE#         22
  C:0B57H         LINE#         23
  C:0B59H         LINE#         24
  C:0B5BH         LINE#         25
  -------         ENDPROC       LCD_DELAY
  -------         PROC          _LCD_WRITECOMMAND
  D:0007H         SYMBOL        Command
  C:0B68H         LINE#         32
  C:0B68H         LINE#         33
  C:0B68H         LINE#         34
  C:0B6AH         LINE#         35
  C:0B6AH         LINE#         36
  C:0B6AH         LINE#         37
  C:0B6AH         LINE#         38
  C:0B6DH         LINE#         39
  C:0B6FH         LINE#         40
  -------         ENDPROC       _LCD_WRITECOMMAND
  -------         PROC          L?0047
  -------         ENDPROC       L?0047
  -------         PROC          _LCD_WRITEDATA
  D:0007H         SYMBOL        Data
  C:0AE8H         LINE#         48
  C:0AE8H         LINE#         49
  C:0AE8H         LINE#         50
  C:0AEAH         LINE#         51
  C:0AEAH         LINE#         52
  C:0AEAH         LINE#         53
  C:0AEAH         LINE#         54
  C:0AEDH         LINE#         55
  C:0AEFH         LINE#         56
  -------         ENDPROC       _LCD_WRITEDATA
  -------         PROC          _LCD_SETCURSOR
  D:0006H         SYMBOL        Line
  D:0005H         SYMBOL        Column
  C:0B0FH         LINE#         65
  C:0B11H         LINE#         66
  C:0B11H         LINE#         67
  C:0B14H         LINE#         68
  C:0B14H         LINE#         69
  C:0B16H         LINE#         70
  C:0B18H         LINE#         71
  C:0B1BH         LINE#         72
  C:0B1BH         LINE#         73
  C:0B24H         LINE#         74
  C:0B24H         LINE#         75
  -------         ENDPROC       _LCD_SETCURSOR
  -------         PROC          LCD_INIT
BL51 BANKED LINKER/LOCATER V6.22                                                      07/21/2026  12:25:06  PAGE 5


  C:0B39H         LINE#         82
  C:0B39H         LINE#         83
  C:0B39H         LINE#         84
  C:0B3EH         LINE#         85
  C:0B43H         LINE#         86
  C:0B48H         LINE#         87
  -------         ENDPROC       LCD_INIT
  -------         PROC          _LCD_SHOWCHAR
  D:0006H         SYMBOL        Line
  D:0005H         SYMBOL        Column
  D:0004H         SYMBOL        Char
  C:0B72H         LINE#         97
  C:0B74H         LINE#         98
  C:0B74H         LINE#         99
  C:0B77H         LINE#         100
  -------         ENDPROC       _LCD_SHOWCHAR
  -------         PROC          _LCD_SHOWSTRING
  D:0007H         SYMBOL        Line
  D:0005H         SYMBOL        Column
  D:0008H         SYMBOL        String
  -------         DO            
  D:0005H         SYMBOL        i
  -------         ENDDO         
  C:0AB1H         LINE#         110
  C:0AB7H         LINE#         111
  C:0AB7H         LINE#         113
  C:0ABAH         LINE#         114
  C:0ACDH         LINE#         115
  C:0ACDH         LINE#         116
  C:0AD0H         LINE#         117
  C:0AD3H         LINE#         118
  -------         ENDPROC       _LCD_SHOWSTRING
  C:0A55H         SYMBOL        L?0046
  -------         PROC          L?0045
  -------         ENDPROC       L?0045
  C:0A55H         SYMBOL        L?0046
  -------         PROC          _LCD_POW
  D:000DH         SYMBOL        X
  D:000FH         SYMBOL        Y
  -------         DO            
  D:0003H         SYMBOL        i
  D:0006H         SYMBOL        Result
  -------         ENDDO         
  C:0A5FH         LINE#         123
  C:0A67H         LINE#         124
  C:0A67H         LINE#         126
  C:0A6BH         LINE#         127
  C:0A7BH         LINE#         128
  C:0A7BH         LINE#         129
  C:0A82H         LINE#         130
  C:0A85H         LINE#         131
  C:0A85H         LINE#         132
  -------         ENDPROC       _LCD_POW
  -------         PROC          _LCD_SHOWNUM
  D:0007H         SYMBOL        Line
  D:0005H         SYMBOL        Column
  D:000AH         SYMBOL        Number
BL51 BANKED LINKER/LOCATER V6.22                                                      07/21/2026  12:25:06  PAGE 6


  D:000CH         SYMBOL        Length
  -------         DO            
  D:0002H         SYMBOL        i
  -------         ENDDO         
  C:0AF2H         LINE#         142
  C:0AF6H         LINE#         143
  C:0AF6H         LINE#         145
  C:0AF9H         LINE#         146
  C:0B01H         LINE#         147
  C:0B01H         LINE#         148
  C:0B0BH         LINE#         149
  C:0B0EH         LINE#         150
  -------         ENDPROC       _LCD_SHOWNUM
  -------         PROC          _LCD_SHOWSIGNEDNUM
  D:0007H         SYMBOL        Line
  D:0005H         SYMBOL        Column
  D:0002H         SYMBOL        Number
  D:0015H         SYMBOL        Length
  -------         DO            
  D:0002H         SYMBOL        i
  D:0016H         SYMBOL        Number1
  -------         ENDDO         
  C:09A8H         LINE#         160
  C:09A8H         LINE#         161
  C:09A8H         LINE#         164
  C:09ABH         LINE#         165
  C:09B3H         LINE#         166
  C:09B3H         LINE#         167
  C:09B8H         LINE#         168
  C:09BCH         LINE#         169
  C:09BEH         LINE#         171
  C:09BEH         LINE#         172
  C:09C3H         LINE#         173
  C:09CCH         LINE#         174
  C:09CCH         LINE#         175
  C:09D4H         LINE#         176
  C:09D4H         LINE#         177
  C:09DEH         LINE#         178
  C:09E1H         LINE#         179
  -------         ENDPROC       _LCD_SHOWSIGNEDNUM
  -------         PROC          _LCD_SHOWHEXNUM
  D:0007H         SYMBOL        Line
  D:0005H         SYMBOL        Column
  D:001AH         SYMBOL        Number
  D:001CH         SYMBOL        Length
  -------         DO            
  D:0002H         SYMBOL        i
  D:0006H         SYMBOL        SingleNumber
  -------         ENDDO         
  C:09E2H         LINE#         189
  C:09E6H         LINE#         190
  C:09E6H         LINE#         192
  C:09E9H         LINE#         193
  C:09F1H         LINE#         194
  C:09F1H         LINE#         195
  C:0A07H         LINE#         196
  C:0A0DH         LINE#         197
BL51 BANKED LINKER/LOCATER V6.22                                                      07/21/2026  12:25:06  PAGE 7


  C:0A0DH         LINE#         198
  C:0A0FH         LINE#         199
  C:0A11H         LINE#         201
  C:0A11H         LINE#         202
  C:0A17H         LINE#         203
  C:0A17H         LINE#         204
  C:0A1AH         LINE#         205
  -------         ENDPROC       _LCD_SHOWHEXNUM
  -------         PROC          _LCD_SHOWBINNUM
  D:0007H         SYMBOL        Line
  D:0005H         SYMBOL        Column
  D:001FH         SYMBOL        Number
  D:0021H         SYMBOL        Length
  -------         DO            
  D:0002H         SYMBOL        i
  -------         ENDDO         
  C:0A1BH         LINE#         215
  C:0A1FH         LINE#         216
  C:0A1FH         LINE#         218
  C:0A22H         LINE#         219
  C:0A2AH         LINE#         220
  C:0A2AH         LINE#         221
  C:0A4FH         LINE#         222
  C:0A52H         LINE#         223
  -------         ENDPROC       _LCD_SHOWBINNUM
  -------         ENDMOD        LCD1602

  -------         MODULE        MATRIXKEY
  C:0000H         SYMBOL        _ICE_DUMMY_
  D:0090H         PUBLIC        P1
  C:0920H         PUBLIC        KeyDown
  -------         PROC          KEYDOWN
  -------         DO            
  D:0008H         SYMBOL        a
  D:0009H         SYMBOL        KeyVal
  -------         ENDDO         
  C:0920H         LINE#         43
  C:0920H         LINE#         44
  C:0923H         LINE#         45
  C:0925H         LINE#         47
  C:0928H         LINE#         49
  C:092EH         LINE#         50
  C:0935H         LINE#         51
  C:093BH         LINE#         53
  C:094DH         LINE#         54
  C:0952H         LINE#         55
  C:0957H         LINE#         56
  C:095CH         LINE#         57
  C:095FH         LINE#         58
  C:095FH         LINE#         60
  C:0962H         LINE#         61
  C:0975H         LINE#         62
  C:097AH         LINE#         63
  C:097EH         LINE#         64
  C:0982H         LINE#         65
  C:0988H         LINE#         66
  C:0988H         LINE#         67
BL51 BANKED LINKER/LOCATER V6.22                                                      07/21/2026  12:25:06  PAGE 8


  C:0997H         LINE#         68
  C:0997H         LINE#         69
  C:099EH         LINE#         70
  C:09A0H         LINE#         71
  C:09A2H         LINE#         72
  C:09A2H         LINE#         73
  C:09A5H         LINE#         74
  C:09A5H         LINE#         75
  C:09A7H         LINE#         76
  C:09A7H         LINE#         77
  -------         ENDPROC       KEYDOWN
  -------         ENDMOD        MATRIXKEY

  -------         MODULE        ?C?CLDOPTR
  C:0800H         PUBLIC        ?C?CLDOPTR
  -------         ENDMOD        ?C?CLDOPTR

  -------         MODULE        ?C?IMUL
  C:082DH         PUBLIC        ?C?IMUL
  -------         ENDMOD        ?C?IMUL

  -------         MODULE        ?C?UIDIV
  C:083FH         PUBLIC        ?C?UIDIV
  -------         ENDMOD        ?C?UIDIV

******************************************************************************
* RESTRICTED VERSION WITH 0800H BYTE CODE SIZE LIMIT; USED: 025FH BYTE (29%) *
******************************************************************************

Program Size: data=36.0 xdata=0 code=899
LINK/LOCATE RUN COMPLETE.  0 WARNING(S),  0 ERROR(S)
