C51 COMPILER V9.54   MAIN                                                                  07/17/2026 15:27:55 PAGE 1   


C51 COMPILER V9.54, COMPILATION OF MODULE MAIN
OBJECT MODULE PLACED IN .\Objects\main.obj
COMPILER INVOKED BY: D:\Keil_v5\C51\BIN\C51.EXE main.c OPTIMIZE(8,SPEED) BROWSE DEBUG OBJECTEXTEND PRINT(.\Listings\main
                    -.lst) OBJECT(.\Objects\main.obj)

line level    source

   1          #include <REGX52.H>
   2          
   3          //¶ÎÂë±í                                          0    1    2    3    4    5    6    7    8    9
   4          unsigned char ledArr[10] = {0X3F,0X06,0X5B,0X4F,0X66,0X6D,0X7D,0X07,0X7F,0X6F};
   5          
   6          void Delay(unsigned int xms)
   7          {
   8   1              unsigned char data i, j;
   9   1      
  10   1              while(xms){
  11   2                      i = 2;
  12   2                      j = 239;
  13   2                      do
  14   2                      {
  15   3                              while (--j);
  16   3                      } while (--i);
  17   2                      xms --;
  18   2              }
  19   1      }
  20          
  21          
  22          void Nixie(unsigned char Location,unsigned char Number){
  23   1              switch(Location){
  24   2                      case 1:P2_4 = 0;P2_3 = 0;P2_2 = 0;break;
  25   2                      case 2:P2_4 = 0;P2_3 = 0;P2_2 = 1;break;
  26   2                      case 3:P2_4 = 0;P2_3 = 1;P2_2 = 0;break;
  27   2                      case 4:P2_4 = 0;P2_3 = 1;P2_2 = 1;break;
  28   2                      case 5:P2_4 = 1;P2_3 = 0;P2_2 = 0;break;
  29   2                      case 6:P2_4 = 1;P2_3 = 0;P2_2 = 1;break;
  30   2                      case 7:P2_4 = 1;P2_3 = 1;P2_2 = 0;break;
  31   2                      case 8:P2_4 = 1;P2_3 = 1;P2_2 = 1;break;
  32   2              }
  33   1              P0 = ledArr[Number];
  34   1              Delay(1);
  35   1              P0 = 0x00;
  36   1      }
  37          
  38          void main(){
  39   1              
  40   1              while(1){
  41   2                      Nixie(1,1);
  42   2                      Nixie(2,2);
  43   2                      Nixie(3,3);
  44   2              }
  45   1      }


MODULE INFORMATION:   STATIC OVERLAYABLE
   CODE SIZE        =    152    ----
   CONSTANT SIZE    =   ----    ----
   XDATA SIZE       =   ----    ----
   PDATA SIZE       =   ----    ----
   DATA SIZE        =     10    ----
   IDATA SIZE       =   ----    ----
C51 COMPILER V9.54   MAIN                                                                  07/17/2026 15:27:55 PAGE 2   

   BIT SIZE         =   ----    ----
END OF MODULE INFORMATION.


C51 COMPILATION COMPLETE.  0 WARNING(S),  0 ERROR(S)
