Copyright 1986-2021 Xilinx, Inc. All Rights Reserved.
-----------------------------------------------------------------------------------------------------------------------------------------------------------------------------------------------
| Tool Version : Vivado v.2021.1 (win64) Build 3247384 Thu Jun 10 19:36:33 MDT 2021
| Date         : Fri Jul 31 17:11:36 2026
| Host         : DESKTOP-6T21VQQ running 64-bit major release  (build 9200)
| Command      : report_timing_summary -max_paths 10 -file uart_top_timing_summary_routed.rpt -pb uart_top_timing_summary_routed.pb -rpx uart_top_timing_summary_routed.rpx -warn_on_violation
| Design       : uart_top
| Device       : 7z015-clg485
| Speed File   : -2  PRODUCTION 1.12 2019-11-22
-----------------------------------------------------------------------------------------------------------------------------------------------------------------------------------------------

Timing Summary Report

------------------------------------------------------------------------------------------------
| Timer Settings
| --------------
------------------------------------------------------------------------------------------------

  Enable Multi Corner Analysis               :  Yes
  Enable Pessimism Removal                   :  Yes
  Pessimism Removal Resolution               :  Nearest Common Node
  Enable Input Delay Default Clock           :  No
  Enable Preset / Clear Arcs                 :  No
  Disable Flight Delays                      :  No
  Ignore I/O Paths                           :  No
  Timing Early Launch at Borrowing Latches   :  No
  Borrow Time for Max Delay Exceptions       :  Yes
  Merge Timing Exceptions                    :  Yes

  Corner  Analyze    Analyze    
  Name    Max Paths  Min Paths  
  ------  ---------  ---------  
  Slow    Yes        Yes        
  Fast    Yes        Yes        


------------------------------------------------------------------------------------------------
| Report Methodology
| ------------------
------------------------------------------------------------------------------------------------

Rule       Severity  Description                    Violations  
---------  --------  -----------------------------  ----------  
TIMING-18  Warning   Missing input or output delay  1           

Note: This report is based on the most recent report_methodology run and may not be up-to-date. Run report_methodology on the current design for the latest report.



check_timing report

Table of Contents
-----------------
1. checking no_clock (0)
2. checking constant_clock (0)
3. checking pulse_width_clock (0)
4. checking unconstrained_internal_endpoints (0)
5. checking no_input_delay (0)
6. checking no_output_delay (1)
7. checking multiple_clock (0)
8. checking generated_clocks (0)
9. checking loops (0)
10. checking partial_input_delay (0)
11. checking partial_output_delay (0)
12. checking latch_loops (0)

1. checking no_clock (0)
------------------------
 There are 0 register/latch pins with no clock.


2. checking constant_clock (0)
------------------------------
 There are 0 register/latch pins with constant_clock.


3. checking pulse_width_clock (0)
---------------------------------
 There are 0 register/latch pins which need pulse_width check


4. checking unconstrained_internal_endpoints (0)
------------------------------------------------
 There are 0 pins that are not constrained for maximum delay.

 There are 0 pins that are not constrained for maximum delay due to constant clock.


5. checking no_input_delay (0)
------------------------------
 There are 0 input ports with no input delay specified.

 There are 0 input ports with no input delay but user has a false path constraint.


6. checking no_output_delay (1)
-------------------------------
 There is 1 port with no output delay specified. (HIGH)

 There are 0 ports with no output delay but user has a false path constraint

 There are 0 ports with no output delay but with a timing clock defined on it or propagating through it


7. checking multiple_clock (0)
------------------------------
 There are 0 register/latch pins with multiple clocks.


8. checking generated_clocks (0)
--------------------------------
 There are 0 generated clocks that are not connected to a clock source.


9. checking loops (0)
---------------------
 There are 0 combinational loops in the design.


10. checking partial_input_delay (0)
------------------------------------
 There are 0 input ports with partial input delay specified.


11. checking partial_output_delay (0)
-------------------------------------
 There are 0 ports with partial output delay specified.


12. checking latch_loops (0)
----------------------------
 There are 0 combinational latch loops in the design through latch input



------------------------------------------------------------------------------------------------
| Design Timing Summary
| ---------------------
------------------------------------------------------------------------------------------------

    WNS(ns)      TNS(ns)  TNS Failing Endpoints  TNS Total Endpoints      WHS(ns)      THS(ns)  THS Failing Endpoints  THS Total Endpoints     WPWS(ns)     TPWS(ns)  TPWS Failing Endpoints  TPWS Total Endpoints  
    -------      -------  ---------------------  -------------------      -------      -------  ---------------------  -------------------     --------     --------  ----------------------  --------------------  
      6.054        0.000                      0                  233        0.146        0.000                      0                  233        4.500        0.000                       0                    98  


All user specified timing constraints are met.


------------------------------------------------------------------------------------------------
| Clock Summary
| -------------
------------------------------------------------------------------------------------------------

Clock   Waveform(ns)       Period(ns)      Frequency(MHz)
-----   ------------       ----------      --------------
sysclk  {0.000 5.000}      10.000          100.000         


------------------------------------------------------------------------------------------------
| Intra Clock Table
| -----------------
------------------------------------------------------------------------------------------------

Clock             WNS(ns)      TNS(ns)  TNS Failing Endpoints  TNS Total Endpoints      WHS(ns)      THS(ns)  THS Failing Endpoints  THS Total Endpoints     WPWS(ns)     TPWS(ns)  TPWS Failing Endpoints  TPWS Total Endpoints  
-----             -------      -------  ---------------------  -------------------      -------      -------  ---------------------  -------------------     --------     --------  ----------------------  --------------------  
sysclk              6.054        0.000                      0                  233        0.146        0.000                      0                  233        4.500        0.000                       0                    98  


------------------------------------------------------------------------------------------------
| Inter Clock Table
| -----------------
------------------------------------------------------------------------------------------------

From Clock    To Clock          WNS(ns)      TNS(ns)  TNS Failing Endpoints  TNS Total Endpoints      WHS(ns)      THS(ns)  THS Failing Endpoints  THS Total Endpoints  
----------    --------          -------      -------  ---------------------  -------------------      -------      -------  ---------------------  -------------------  


------------------------------------------------------------------------------------------------
| Other Path Groups Table
| -----------------------
------------------------------------------------------------------------------------------------

Path Group    From Clock    To Clock          WNS(ns)      TNS(ns)  TNS Failing Endpoints  TNS Total Endpoints      WHS(ns)      THS(ns)  THS Failing Endpoints  THS Total Endpoints  
----------    ----------    --------          -------      -------  ---------------------  -------------------      -------      -------  ---------------------  -------------------  


------------------------------------------------------------------------------------------------
| Timing Details
| --------------
------------------------------------------------------------------------------------------------


---------------------------------------------------------------------------------------------------
From Clock:  sysclk
  To Clock:  sysclk

Setup :            0  Failing Endpoints,  Worst Slack        6.054ns,  Total Violation        0.000ns
Hold  :            0  Failing Endpoints,  Worst Slack        0.146ns,  Total Violation        0.000ns
PW    :            0  Failing Endpoints,  Worst Slack        4.500ns,  Total Violation        0.000ns
---------------------------------------------------------------------------------------------------


Max Delay Paths
--------------------------------------------------------------------------------------
Slack (MET) :             6.054ns  (required time - arrival time)
  Source:                 delay_cnt_reg[7]/C
                            (rising edge-triggered cell FDRE clocked by sysclk  {rise@0.000ns fall@5.000ns period=10.000ns})
  Destination:            tx_index_reg[0]/CE
                            (rising edge-triggered cell FDRE clocked by sysclk  {rise@0.000ns fall@5.000ns period=10.000ns})
  Path Group:             sysclk
  Path Type:              Setup (Max at Slow Process Corner)
  Requirement:            10.000ns  (sysclk rise@10.000ns - sysclk rise@0.000ns)
  Data Path Delay:        3.514ns  (logic 0.854ns (24.306%)  route 2.660ns (75.694%))
  Logic Levels:           3  (LUT5=2 LUT6=1)
  Clock Path Skew:        -0.060ns (DCD - SCD + CPR)
    Destination Clock Delay (DCD):    4.409ns = ( 14.409 - 10.000 ) 
    Source Clock Delay      (SCD):    4.810ns
    Clock Pessimism Removal (CPR):    0.341ns
  Clock Uncertainty:      0.035ns  ((TSJ^2 + TIJ^2)^1/2 + DJ) / 2 + PE
    Total System Jitter     (TSJ):    0.071ns
    Total Input Jitter      (TIJ):    0.000ns
    Discrete Jitter          (DJ):    0.000ns
    Phase Error              (PE):    0.000ns

    Location             Delay type                Incr(ns)  Path(ns)    Netlist Resource(s)
  -------------------------------------------------------------------    -------------------
                         (clock sysclk rise edge)     0.000     0.000 r  
    L5                                                0.000     0.000 r  sysclk_i (IN)
                         net (fo=0)                   0.000     0.000    sysclk_i
    L5                   IBUF (Prop_ibuf_I_O)         1.382     1.382 r  sysclk_i_IBUF_inst/O
                         net (fo=1, routed)           1.824     3.206    sysclk_i_IBUF
    BUFGCTRL_X0Y16       BUFG (Prop_bufg_I_O)         0.085     3.291 r  sysclk_i_IBUF_BUFG_inst/O
                         net (fo=97, routed)          1.519     4.810    sysclk_i_IBUF_BUFG
    SLICE_X100Y66        FDRE                                         r  delay_cnt_reg[7]/C
  -------------------------------------------------------------------    -------------------
    SLICE_X100Y66        FDRE (Prop_fdre_C_Q)         0.398     5.208 r  delay_cnt_reg[7]/Q
                         net (fo=4, routed)           0.700     5.908    delay_cnt_reg[7]
    SLICE_X100Y66        LUT5 (Prop_lut5_I2_O)        0.232     6.140 f  delay_cnt[9]_i_3/O
                         net (fo=5, routed)           0.642     6.783    delay_cnt[9]_i_3_n_0
    SLICE_X101Y65        LUT6 (Prop_lut6_I5_O)        0.105     6.888 r  FSM_sequential_S_UART_TX[1]_i_2/O
                         net (fo=4, routed)           0.826     7.713    FSM_sequential_S_UART_TX[1]_i_2_n_0
    SLICE_X103Y63        LUT5 (Prop_lut5_I4_O)        0.119     7.832 r  tx_index[3]_i_2/O
                         net (fo=4, routed)           0.491     8.324    tx_index
    SLICE_X103Y63        FDRE                                         r  tx_index_reg[0]/CE
  -------------------------------------------------------------------    -------------------

                         (clock sysclk rise edge)    10.000    10.000 r  
    L5                                                0.000    10.000 r  sysclk_i (IN)
                         net (fo=0)                   0.000    10.000    sysclk_i
    L5                   IBUF (Prop_ibuf_I_O)         1.317    11.317 r  sysclk_i_IBUF_inst/O
                         net (fo=1, routed)           1.652    12.969    sysclk_i_IBUF
    BUFGCTRL_X0Y16       BUFG (Prop_bufg_I_O)         0.077    13.046 r  sysclk_i_IBUF_BUFG_inst/O
                         net (fo=97, routed)          1.363    14.409    sysclk_i_IBUF_BUFG
    SLICE_X103Y63        FDRE                                         r  tx_index_reg[0]/C
                         clock pessimism              0.341    14.750    
                         clock uncertainty           -0.035    14.715    
    SLICE_X103Y63        FDRE (Setup_fdre_C_CE)      -0.337    14.378    tx_index_reg[0]
  -------------------------------------------------------------------
                         required time                         14.378    
                         arrival time                          -8.324    
  -------------------------------------------------------------------
                         slack                                  6.054    

Slack (MET) :             6.054ns  (required time - arrival time)
  Source:                 delay_cnt_reg[7]/C
                            (rising edge-triggered cell FDRE clocked by sysclk  {rise@0.000ns fall@5.000ns period=10.000ns})
  Destination:            tx_index_reg[1]/CE
                            (rising edge-triggered cell FDRE clocked by sysclk  {rise@0.000ns fall@5.000ns period=10.000ns})
  Path Group:             sysclk
  Path Type:              Setup (Max at Slow Process Corner)
  Requirement:            10.000ns  (sysclk rise@10.000ns - sysclk rise@0.000ns)
  Data Path Delay:        3.514ns  (logic 0.854ns (24.306%)  route 2.660ns (75.694%))
  Logic Levels:           3  (LUT5=2 LUT6=1)
  Clock Path Skew:        -0.060ns (DCD - SCD + CPR)
    Destination Clock Delay (DCD):    4.409ns = ( 14.409 - 10.000 ) 
    Source Clock Delay      (SCD):    4.810ns
    Clock Pessimism Removal (CPR):    0.341ns
  Clock Uncertainty:      0.035ns  ((TSJ^2 + TIJ^2)^1/2 + DJ) / 2 + PE
    Total System Jitter     (TSJ):    0.071ns
    Total Input Jitter      (TIJ):    0.000ns
    Discrete Jitter          (DJ):    0.000ns
    Phase Error              (PE):    0.000ns

    Location             Delay type                Incr(ns)  Path(ns)    Netlist Resource(s)
  -------------------------------------------------------------------    -------------------
                         (clock sysclk rise edge)     0.000     0.000 r  
    L5                                                0.000     0.000 r  sysclk_i (IN)
                         net (fo=0)                   0.000     0.000    sysclk_i
    L5                   IBUF (Prop_ibuf_I_O)         1.382     1.382 r  sysclk_i_IBUF_inst/O
                         net (fo=1, routed)           1.824     3.206    sysclk_i_IBUF
    BUFGCTRL_X0Y16       BUFG (Prop_bufg_I_O)         0.085     3.291 r  sysclk_i_IBUF_BUFG_inst/O
                         net (fo=97, routed)          1.519     4.810    sysclk_i_IBUF_BUFG
    SLICE_X100Y66        FDRE                                         r  delay_cnt_reg[7]/C
  -------------------------------------------------------------------    -------------------
    SLICE_X100Y66        FDRE (Prop_fdre_C_Q)         0.398     5.208 r  delay_cnt_reg[7]/Q
                         net (fo=4, routed)           0.700     5.908    delay_cnt_reg[7]
    SLICE_X100Y66        LUT5 (Prop_lut5_I2_O)        0.232     6.140 f  delay_cnt[9]_i_3/O
                         net (fo=5, routed)           0.642     6.783    delay_cnt[9]_i_3_n_0
    SLICE_X101Y65        LUT6 (Prop_lut6_I5_O)        0.105     6.888 r  FSM_sequential_S_UART_TX[1]_i_2/O
                         net (fo=4, routed)           0.826     7.713    FSM_sequential_S_UART_TX[1]_i_2_n_0
    SLICE_X103Y63        LUT5 (Prop_lut5_I4_O)        0.119     7.832 r  tx_index[3]_i_2/O
                         net (fo=4, routed)           0.491     8.324    tx_index
    SLICE_X103Y63        FDRE                                         r  tx_index_reg[1]/CE
  -------------------------------------------------------------------    -------------------

                         (clock sysclk rise edge)    10.000    10.000 r  
    L5                                                0.000    10.000 r  sysclk_i (IN)
                         net (fo=0)                   0.000    10.000    sysclk_i
    L5                   IBUF (Prop_ibuf_I_O)         1.317    11.317 r  sysclk_i_IBUF_inst/O
                         net (fo=1, routed)           1.652    12.969    sysclk_i_IBUF
    BUFGCTRL_X0Y16       BUFG (Prop_bufg_I_O)         0.077    13.046 r  sysclk_i_IBUF_BUFG_inst/O
                         net (fo=97, routed)          1.363    14.409    sysclk_i_IBUF_BUFG
    SLICE_X103Y63        FDRE                                         r  tx_index_reg[1]/C
                         clock pessimism              0.341    14.750    
                         clock uncertainty           -0.035    14.715    
    SLICE_X103Y63        FDRE (Setup_fdre_C_CE)      -0.337    14.378    tx_index_reg[1]
  -------------------------------------------------------------------
                         required time                         14.378    
                         arrival time                          -8.324    
  -------------------------------------------------------------------
                         slack                                  6.054    

Slack (MET) :             6.054ns  (required time - arrival time)
  Source:                 delay_cnt_reg[7]/C
                            (rising edge-triggered cell FDRE clocked by sysclk  {rise@0.000ns fall@5.000ns period=10.000ns})
  Destination:            tx_index_reg[2]/CE
                            (rising edge-triggered cell FDRE clocked by sysclk  {rise@0.000ns fall@5.000ns period=10.000ns})
  Path Group:             sysclk
  Path Type:              Setup (Max at Slow Process Corner)
  Requirement:            10.000ns  (sysclk rise@10.000ns - sysclk rise@0.000ns)
  Data Path Delay:        3.514ns  (logic 0.854ns (24.306%)  route 2.660ns (75.694%))
  Logic Levels:           3  (LUT5=2 LUT6=1)
  Clock Path Skew:        -0.060ns (DCD - SCD + CPR)
    Destination Clock Delay (DCD):    4.409ns = ( 14.409 - 10.000 ) 
    Source Clock Delay      (SCD):    4.810ns
    Clock Pessimism Removal (CPR):    0.341ns
  Clock Uncertainty:      0.035ns  ((TSJ^2 + TIJ^2)^1/2 + DJ) / 2 + PE
    Total System Jitter     (TSJ):    0.071ns
    Total Input Jitter      (TIJ):    0.000ns
    Discrete Jitter          (DJ):    0.000ns
    Phase Error              (PE):    0.000ns

    Location             Delay type                Incr(ns)  Path(ns)    Netlist Resource(s)
  -------------------------------------------------------------------    -------------------
                         (clock sysclk rise edge)     0.000     0.000 r  
    L5                                                0.000     0.000 r  sysclk_i (IN)
                         net (fo=0)                   0.000     0.000    sysclk_i
    L5                   IBUF (Prop_ibuf_I_O)         1.382     1.382 r  sysclk_i_IBUF_inst/O
                         net (fo=1, routed)           1.824     3.206    sysclk_i_IBUF
    BUFGCTRL_X0Y16       BUFG (Prop_bufg_I_O)         0.085     3.291 r  sysclk_i_IBUF_BUFG_inst/O
                         net (fo=97, routed)          1.519     4.810    sysclk_i_IBUF_BUFG
    SLICE_X100Y66        FDRE                                         r  delay_cnt_reg[7]/C
  -------------------------------------------------------------------    -------------------
    SLICE_X100Y66        FDRE (Prop_fdre_C_Q)         0.398     5.208 r  delay_cnt_reg[7]/Q
                         net (fo=4, routed)           0.700     5.908    delay_cnt_reg[7]
    SLICE_X100Y66        LUT5 (Prop_lut5_I2_O)        0.232     6.140 f  delay_cnt[9]_i_3/O
                         net (fo=5, routed)           0.642     6.783    delay_cnt[9]_i_3_n_0
    SLICE_X101Y65        LUT6 (Prop_lut6_I5_O)        0.105     6.888 r  FSM_sequential_S_UART_TX[1]_i_2/O
                         net (fo=4, routed)           0.826     7.713    FSM_sequential_S_UART_TX[1]_i_2_n_0
    SLICE_X103Y63        LUT5 (Prop_lut5_I4_O)        0.119     7.832 r  tx_index[3]_i_2/O
                         net (fo=4, routed)           0.491     8.324    tx_index
    SLICE_X103Y63        FDRE                                         r  tx_index_reg[2]/CE
  -------------------------------------------------------------------    -------------------

                         (clock sysclk rise edge)    10.000    10.000 r  
    L5                                                0.000    10.000 r  sysclk_i (IN)
                         net (fo=0)                   0.000    10.000    sysclk_i
    L5                   IBUF (Prop_ibuf_I_O)         1.317    11.317 r  sysclk_i_IBUF_inst/O
                         net (fo=1, routed)           1.652    12.969    sysclk_i_IBUF
    BUFGCTRL_X0Y16       BUFG (Prop_bufg_I_O)         0.077    13.046 r  sysclk_i_IBUF_BUFG_inst/O
                         net (fo=97, routed)          1.363    14.409    sysclk_i_IBUF_BUFG
    SLICE_X103Y63        FDRE                                         r  tx_index_reg[2]/C
                         clock pessimism              0.341    14.750    
                         clock uncertainty           -0.035    14.715    
    SLICE_X103Y63        FDRE (Setup_fdre_C_CE)      -0.337    14.378    tx_index_reg[2]
  -------------------------------------------------------------------
                         required time                         14.378    
                         arrival time                          -8.324    
  -------------------------------------------------------------------
                         slack                                  6.054    

Slack (MET) :             6.054ns  (required time - arrival time)
  Source:                 delay_cnt_reg[7]/C
                            (rising edge-triggered cell FDRE clocked by sysclk  {rise@0.000ns fall@5.000ns period=10.000ns})
  Destination:            tx_index_reg[3]/CE
                            (rising edge-triggered cell FDRE clocked by sysclk  {rise@0.000ns fall@5.000ns period=10.000ns})
  Path Group:             sysclk
  Path Type:              Setup (Max at Slow Process Corner)
  Requirement:            10.000ns  (sysclk rise@10.000ns - sysclk rise@0.000ns)
  Data Path Delay:        3.514ns  (logic 0.854ns (24.306%)  route 2.660ns (75.694%))
  Logic Levels:           3  (LUT5=2 LUT6=1)
  Clock Path Skew:        -0.060ns (DCD - SCD + CPR)
    Destination Clock Delay (DCD):    4.409ns = ( 14.409 - 10.000 ) 
    Source Clock Delay      (SCD):    4.810ns
    Clock Pessimism Removal (CPR):    0.341ns
  Clock Uncertainty:      0.035ns  ((TSJ^2 + TIJ^2)^1/2 + DJ) / 2 + PE
    Total System Jitter     (TSJ):    0.071ns
    Total Input Jitter      (TIJ):    0.000ns
    Discrete Jitter          (DJ):    0.000ns
    Phase Error              (PE):    0.000ns

    Location             Delay type                Incr(ns)  Path(ns)    Netlist Resource(s)
  -------------------------------------------------------------------    -------------------
                         (clock sysclk rise edge)     0.000     0.000 r  
    L5                                                0.000     0.000 r  sysclk_i (IN)
                         net (fo=0)                   0.000     0.000    sysclk_i
    L5                   IBUF (Prop_ibuf_I_O)         1.382     1.382 r  sysclk_i_IBUF_inst/O
                         net (fo=1, routed)           1.824     3.206    sysclk_i_IBUF
    BUFGCTRL_X0Y16       BUFG (Prop_bufg_I_O)         0.085     3.291 r  sysclk_i_IBUF_BUFG_inst/O
                         net (fo=97, routed)          1.519     4.810    sysclk_i_IBUF_BUFG
    SLICE_X100Y66        FDRE                                         r  delay_cnt_reg[7]/C
  -------------------------------------------------------------------    -------------------
    SLICE_X100Y66        FDRE (Prop_fdre_C_Q)         0.398     5.208 r  delay_cnt_reg[7]/Q
                         net (fo=4, routed)           0.700     5.908    delay_cnt_reg[7]
    SLICE_X100Y66        LUT5 (Prop_lut5_I2_O)        0.232     6.140 f  delay_cnt[9]_i_3/O
                         net (fo=5, routed)           0.642     6.783    delay_cnt[9]_i_3_n_0
    SLICE_X101Y65        LUT6 (Prop_lut6_I5_O)        0.105     6.888 r  FSM_sequential_S_UART_TX[1]_i_2/O
                         net (fo=4, routed)           0.826     7.713    FSM_sequential_S_UART_TX[1]_i_2_n_0
    SLICE_X103Y63        LUT5 (Prop_lut5_I4_O)        0.119     7.832 r  tx_index[3]_i_2/O
                         net (fo=4, routed)           0.491     8.324    tx_index
    SLICE_X103Y63        FDRE                                         r  tx_index_reg[3]/CE
  -------------------------------------------------------------------    -------------------

                         (clock sysclk rise edge)    10.000    10.000 r  
    L5                                                0.000    10.000 r  sysclk_i (IN)
                         net (fo=0)                   0.000    10.000    sysclk_i
    L5                   IBUF (Prop_ibuf_I_O)         1.317    11.317 r  sysclk_i_IBUF_inst/O
                         net (fo=1, routed)           1.652    12.969    sysclk_i_IBUF
    BUFGCTRL_X0Y16       BUFG (Prop_bufg_I_O)         0.077    13.046 r  sysclk_i_IBUF_BUFG_inst/O
                         net (fo=97, routed)          1.363    14.409    sysclk_i_IBUF_BUFG
    SLICE_X103Y63        FDRE                                         r  tx_index_reg[3]/C
                         clock pessimism              0.341    14.750    
                         clock uncertainty           -0.035    14.715    
    SLICE_X103Y63        FDRE (Setup_fdre_C_CE)      -0.337    14.378    tx_index_reg[3]
  -------------------------------------------------------------------
                         required time                         14.378    
                         arrival time                          -8.324    
  -------------------------------------------------------------------
                         slack                                  6.054    

Slack (MET) :             6.337ns  (required time - arrival time)
  Source:                 rst_cnt_reg[15]/C
                            (rising edge-triggered cell FDRE clocked by sysclk  {rise@0.000ns fall@5.000ns period=10.000ns})
  Destination:            uart_tx_inst/baud_div_reg[10]/R
                            (rising edge-triggered cell FDRE clocked by sysclk  {rise@0.000ns fall@5.000ns period=10.000ns})
  Path Group:             sysclk
  Path Type:              Setup (Max at Slow Process Corner)
  Requirement:            10.000ns  (sysclk rise@10.000ns - sysclk rise@0.000ns)
  Data Path Delay:        3.213ns  (logic 0.765ns (23.811%)  route 2.448ns (76.189%))
  Logic Levels:           2  (LUT4=1 LUT6=1)
  Clock Path Skew:        -0.063ns (DCD - SCD + CPR)
    Destination Clock Delay (DCD):    4.407ns = ( 14.407 - 10.000 ) 
    Source Clock Delay      (SCD):    4.811ns
    Clock Pessimism Removal (CPR):    0.341ns
  Clock Uncertainty:      0.035ns  ((TSJ^2 + TIJ^2)^1/2 + DJ) / 2 + PE
    Total System Jitter     (TSJ):    0.071ns
    Total Input Jitter      (TIJ):    0.000ns
    Discrete Jitter          (DJ):    0.000ns
    Phase Error              (PE):    0.000ns

    Location             Delay type                Incr(ns)  Path(ns)    Netlist Resource(s)
  -------------------------------------------------------------------    -------------------
                         (clock sysclk rise edge)     0.000     0.000 r  
    L5                                                0.000     0.000 r  sysclk_i (IN)
                         net (fo=0)                   0.000     0.000    sysclk_i
    L5                   IBUF (Prop_ibuf_I_O)         1.382     1.382 r  sysclk_i_IBUF_inst/O
                         net (fo=1, routed)           1.824     3.206    sysclk_i_IBUF
    BUFGCTRL_X0Y16       BUFG (Prop_bufg_I_O)         0.085     3.291 r  sysclk_i_IBUF_BUFG_inst/O
                         net (fo=97, routed)          1.520     4.811    sysclk_i_IBUF_BUFG
    SLICE_X102Y66        FDRE                                         r  rst_cnt_reg[15]/C
  -------------------------------------------------------------------    -------------------
    SLICE_X102Y66        FDRE (Prop_fdre_C_Q)         0.379     5.190 f  rst_cnt_reg[15]/Q
                         net (fo=8, routed)           0.969     6.159    uart_tx_inst/uart_rstn_i
    SLICE_X101Y62        LUT4 (Prop_lut4_I0_O)        0.119     6.278 r  uart_tx_inst/baud_div[0]_i_3/O
                         net (fo=1, routed)           0.767     7.045    uart_tx_inst/baud_div[0]_i_3_n_0
    SLICE_X98Y63         LUT6 (Prop_lut6_I0_O)        0.267     7.312 r  uart_tx_inst/baud_div[0]_i_1/O
                         net (fo=20, routed)          0.712     8.024    uart_tx_inst/baud_div[0]_i_1_n_0
    SLICE_X99Y63         FDRE                                         r  uart_tx_inst/baud_div_reg[10]/R
  -------------------------------------------------------------------    -------------------

                         (clock sysclk rise edge)    10.000    10.000 r  
    L5                                                0.000    10.000 r  sysclk_i (IN)
                         net (fo=0)                   0.000    10.000    sysclk_i
    L5                   IBUF (Prop_ibuf_I_O)         1.317    11.317 r  sysclk_i_IBUF_inst/O
                         net (fo=1, routed)           1.652    12.969    sysclk_i_IBUF
    BUFGCTRL_X0Y16       BUFG (Prop_bufg_I_O)         0.077    13.046 r  sysclk_i_IBUF_BUFG_inst/O
                         net (fo=97, routed)          1.361    14.407    uart_tx_inst/CLK
    SLICE_X99Y63         FDRE                                         r  uart_tx_inst/baud_div_reg[10]/C
                         clock pessimism              0.341    14.748    
                         clock uncertainty           -0.035    14.713    
    SLICE_X99Y63         FDRE (Setup_fdre_C_R)       -0.352    14.361    uart_tx_inst/baud_div_reg[10]
  -------------------------------------------------------------------
                         required time                         14.361    
                         arrival time                          -8.024    
  -------------------------------------------------------------------
                         slack                                  6.337    

Slack (MET) :             6.337ns  (required time - arrival time)
  Source:                 rst_cnt_reg[15]/C
                            (rising edge-triggered cell FDRE clocked by sysclk  {rise@0.000ns fall@5.000ns period=10.000ns})
  Destination:            uart_tx_inst/baud_div_reg[11]/R
                            (rising edge-triggered cell FDRE clocked by sysclk  {rise@0.000ns fall@5.000ns period=10.000ns})
  Path Group:             sysclk
  Path Type:              Setup (Max at Slow Process Corner)
  Requirement:            10.000ns  (sysclk rise@10.000ns - sysclk rise@0.000ns)
  Data Path Delay:        3.213ns  (logic 0.765ns (23.811%)  route 2.448ns (76.189%))
  Logic Levels:           2  (LUT4=1 LUT6=1)
  Clock Path Skew:        -0.063ns (DCD - SCD + CPR)
    Destination Clock Delay (DCD):    4.407ns = ( 14.407 - 10.000 ) 
    Source Clock Delay      (SCD):    4.811ns
    Clock Pessimism Removal (CPR):    0.341ns
  Clock Uncertainty:      0.035ns  ((TSJ^2 + TIJ^2)^1/2 + DJ) / 2 + PE
    Total System Jitter     (TSJ):    0.071ns
    Total Input Jitter      (TIJ):    0.000ns
    Discrete Jitter          (DJ):    0.000ns
    Phase Error              (PE):    0.000ns

    Location             Delay type                Incr(ns)  Path(ns)    Netlist Resource(s)
  -------------------------------------------------------------------    -------------------
                         (clock sysclk rise edge)     0.000     0.000 r  
    L5                                                0.000     0.000 r  sysclk_i (IN)
                         net (fo=0)                   0.000     0.000    sysclk_i
    L5                   IBUF (Prop_ibuf_I_O)         1.382     1.382 r  sysclk_i_IBUF_inst/O
                         net (fo=1, routed)           1.824     3.206    sysclk_i_IBUF
    BUFGCTRL_X0Y16       BUFG (Prop_bufg_I_O)         0.085     3.291 r  sysclk_i_IBUF_BUFG_inst/O
                         net (fo=97, routed)          1.520     4.811    sysclk_i_IBUF_BUFG
    SLICE_X102Y66        FDRE                                         r  rst_cnt_reg[15]/C
  -------------------------------------------------------------------    -------------------
    SLICE_X102Y66        FDRE (Prop_fdre_C_Q)         0.379     5.190 f  rst_cnt_reg[15]/Q
                         net (fo=8, routed)           0.969     6.159    uart_tx_inst/uart_rstn_i
    SLICE_X101Y62        LUT4 (Prop_lut4_I0_O)        0.119     6.278 r  uart_tx_inst/baud_div[0]_i_3/O
                         net (fo=1, routed)           0.767     7.045    uart_tx_inst/baud_div[0]_i_3_n_0
    SLICE_X98Y63         LUT6 (Prop_lut6_I0_O)        0.267     7.312 r  uart_tx_inst/baud_div[0]_i_1/O
                         net (fo=20, routed)          0.712     8.024    uart_tx_inst/baud_div[0]_i_1_n_0
    SLICE_X99Y63         FDRE                                         r  uart_tx_inst/baud_div_reg[11]/R
  -------------------------------------------------------------------    -------------------

                         (clock sysclk rise edge)    10.000    10.000 r  
    L5                                                0.000    10.000 r  sysclk_i (IN)
                         net (fo=0)                   0.000    10.000    sysclk_i
    L5                   IBUF (Prop_ibuf_I_O)         1.317    11.317 r  sysclk_i_IBUF_inst/O
                         net (fo=1, routed)           1.652    12.969    sysclk_i_IBUF
    BUFGCTRL_X0Y16       BUFG (Prop_bufg_I_O)         0.077    13.046 r  sysclk_i_IBUF_BUFG_inst/O
                         net (fo=97, routed)          1.361    14.407    uart_tx_inst/CLK
    SLICE_X99Y63         FDRE                                         r  uart_tx_inst/baud_div_reg[11]/C
                         clock pessimism              0.341    14.748    
                         clock uncertainty           -0.035    14.713    
    SLICE_X99Y63         FDRE (Setup_fdre_C_R)       -0.352    14.361    uart_tx_inst/baud_div_reg[11]
  -------------------------------------------------------------------
                         required time                         14.361    
                         arrival time                          -8.024    
  -------------------------------------------------------------------
                         slack                                  6.337    

Slack (MET) :             6.337ns  (required time - arrival time)
  Source:                 rst_cnt_reg[15]/C
                            (rising edge-triggered cell FDRE clocked by sysclk  {rise@0.000ns fall@5.000ns period=10.000ns})
  Destination:            uart_tx_inst/baud_div_reg[8]/R
                            (rising edge-triggered cell FDRE clocked by sysclk  {rise@0.000ns fall@5.000ns period=10.000ns})
  Path Group:             sysclk
  Path Type:              Setup (Max at Slow Process Corner)
  Requirement:            10.000ns  (sysclk rise@10.000ns - sysclk rise@0.000ns)
  Data Path Delay:        3.213ns  (logic 0.765ns (23.811%)  route 2.448ns (76.189%))
  Logic Levels:           2  (LUT4=1 LUT6=1)
  Clock Path Skew:        -0.063ns (DCD - SCD + CPR)
    Destination Clock Delay (DCD):    4.407ns = ( 14.407 - 10.000 ) 
    Source Clock Delay      (SCD):    4.811ns
    Clock Pessimism Removal (CPR):    0.341ns
  Clock Uncertainty:      0.035ns  ((TSJ^2 + TIJ^2)^1/2 + DJ) / 2 + PE
    Total System Jitter     (TSJ):    0.071ns
    Total Input Jitter      (TIJ):    0.000ns
    Discrete Jitter          (DJ):    0.000ns
    Phase Error              (PE):    0.000ns

    Location             Delay type                Incr(ns)  Path(ns)    Netlist Resource(s)
  -------------------------------------------------------------------    -------------------
                         (clock sysclk rise edge)     0.000     0.000 r  
    L5                                                0.000     0.000 r  sysclk_i (IN)
                         net (fo=0)                   0.000     0.000    sysclk_i
    L5                   IBUF (Prop_ibuf_I_O)         1.382     1.382 r  sysclk_i_IBUF_inst/O
                         net (fo=1, routed)           1.824     3.206    sysclk_i_IBUF
    BUFGCTRL_X0Y16       BUFG (Prop_bufg_I_O)         0.085     3.291 r  sysclk_i_IBUF_BUFG_inst/O
                         net (fo=97, routed)          1.520     4.811    sysclk_i_IBUF_BUFG
    SLICE_X102Y66        FDRE                                         r  rst_cnt_reg[15]/C
  -------------------------------------------------------------------    -------------------
    SLICE_X102Y66        FDRE (Prop_fdre_C_Q)         0.379     5.190 f  rst_cnt_reg[15]/Q
                         net (fo=8, routed)           0.969     6.159    uart_tx_inst/uart_rstn_i
    SLICE_X101Y62        LUT4 (Prop_lut4_I0_O)        0.119     6.278 r  uart_tx_inst/baud_div[0]_i_3/O
                         net (fo=1, routed)           0.767     7.045    uart_tx_inst/baud_div[0]_i_3_n_0
    SLICE_X98Y63         LUT6 (Prop_lut6_I0_O)        0.267     7.312 r  uart_tx_inst/baud_div[0]_i_1/O
                         net (fo=20, routed)          0.712     8.024    uart_tx_inst/baud_div[0]_i_1_n_0
    SLICE_X99Y63         FDRE                                         r  uart_tx_inst/baud_div_reg[8]/R
  -------------------------------------------------------------------    -------------------

                         (clock sysclk rise edge)    10.000    10.000 r  
    L5                                                0.000    10.000 r  sysclk_i (IN)
                         net (fo=0)                   0.000    10.000    sysclk_i
    L5                   IBUF (Prop_ibuf_I_O)         1.317    11.317 r  sysclk_i_IBUF_inst/O
                         net (fo=1, routed)           1.652    12.969    sysclk_i_IBUF
    BUFGCTRL_X0Y16       BUFG (Prop_bufg_I_O)         0.077    13.046 r  sysclk_i_IBUF_BUFG_inst/O
                         net (fo=97, routed)          1.361    14.407    uart_tx_inst/CLK
    SLICE_X99Y63         FDRE                                         r  uart_tx_inst/baud_div_reg[8]/C
                         clock pessimism              0.341    14.748    
                         clock uncertainty           -0.035    14.713    
    SLICE_X99Y63         FDRE (Setup_fdre_C_R)       -0.352    14.361    uart_tx_inst/baud_div_reg[8]
  -------------------------------------------------------------------
                         required time                         14.361    
                         arrival time                          -8.024    
  -------------------------------------------------------------------
                         slack                                  6.337    

Slack (MET) :             6.337ns  (required time - arrival time)
  Source:                 rst_cnt_reg[15]/C
                            (rising edge-triggered cell FDRE clocked by sysclk  {rise@0.000ns fall@5.000ns period=10.000ns})
  Destination:            uart_tx_inst/baud_div_reg[9]/R
                            (rising edge-triggered cell FDRE clocked by sysclk  {rise@0.000ns fall@5.000ns period=10.000ns})
  Path Group:             sysclk
  Path Type:              Setup (Max at Slow Process Corner)
  Requirement:            10.000ns  (sysclk rise@10.000ns - sysclk rise@0.000ns)
  Data Path Delay:        3.213ns  (logic 0.765ns (23.811%)  route 2.448ns (76.189%))
  Logic Levels:           2  (LUT4=1 LUT6=1)
  Clock Path Skew:        -0.063ns (DCD - SCD + CPR)
    Destination Clock Delay (DCD):    4.407ns = ( 14.407 - 10.000 ) 
    Source Clock Delay      (SCD):    4.811ns
    Clock Pessimism Removal (CPR):    0.341ns
  Clock Uncertainty:      0.035ns  ((TSJ^2 + TIJ^2)^1/2 + DJ) / 2 + PE
    Total System Jitter     (TSJ):    0.071ns
    Total Input Jitter      (TIJ):    0.000ns
    Discrete Jitter          (DJ):    0.000ns
    Phase Error              (PE):    0.000ns

    Location             Delay type                Incr(ns)  Path(ns)    Netlist Resource(s)
  -------------------------------------------------------------------    -------------------
                         (clock sysclk rise edge)     0.000     0.000 r  
    L5                                                0.000     0.000 r  sysclk_i (IN)
                         net (fo=0)                   0.000     0.000    sysclk_i
    L5                   IBUF (Prop_ibuf_I_O)         1.382     1.382 r  sysclk_i_IBUF_inst/O
                         net (fo=1, routed)           1.824     3.206    sysclk_i_IBUF
    BUFGCTRL_X0Y16       BUFG (Prop_bufg_I_O)         0.085     3.291 r  sysclk_i_IBUF_BUFG_inst/O
                         net (fo=97, routed)          1.520     4.811    sysclk_i_IBUF_BUFG
    SLICE_X102Y66        FDRE                                         r  rst_cnt_reg[15]/C
  -------------------------------------------------------------------    -------------------
    SLICE_X102Y66        FDRE (Prop_fdre_C_Q)         0.379     5.190 f  rst_cnt_reg[15]/Q
                         net (fo=8, routed)           0.969     6.159    uart_tx_inst/uart_rstn_i
    SLICE_X101Y62        LUT4 (Prop_lut4_I0_O)        0.119     6.278 r  uart_tx_inst/baud_div[0]_i_3/O
                         net (fo=1, routed)           0.767     7.045    uart_tx_inst/baud_div[0]_i_3_n_0
    SLICE_X98Y63         LUT6 (Prop_lut6_I0_O)        0.267     7.312 r  uart_tx_inst/baud_div[0]_i_1/O
                         net (fo=20, routed)          0.712     8.024    uart_tx_inst/baud_div[0]_i_1_n_0
    SLICE_X99Y63         FDRE                                         r  uart_tx_inst/baud_div_reg[9]/R
  -------------------------------------------------------------------    -------------------

                         (clock sysclk rise edge)    10.000    10.000 r  
    L5                                                0.000    10.000 r  sysclk_i (IN)
                         net (fo=0)                   0.000    10.000    sysclk_i
    L5                   IBUF (Prop_ibuf_I_O)         1.317    11.317 r  sysclk_i_IBUF_inst/O
                         net (fo=1, routed)           1.652    12.969    sysclk_i_IBUF
    BUFGCTRL_X0Y16       BUFG (Prop_bufg_I_O)         0.077    13.046 r  sysclk_i_IBUF_BUFG_inst/O
                         net (fo=97, routed)          1.361    14.407    uart_tx_inst/CLK
    SLICE_X99Y63         FDRE                                         r  uart_tx_inst/baud_div_reg[9]/C
                         clock pessimism              0.341    14.748    
                         clock uncertainty           -0.035    14.713    
    SLICE_X99Y63         FDRE (Setup_fdre_C_R)       -0.352    14.361    uart_tx_inst/baud_div_reg[9]
  -------------------------------------------------------------------
                         required time                         14.361    
                         arrival time                          -8.024    
  -------------------------------------------------------------------
                         slack                                  6.337    

Slack (MET) :             6.539ns  (required time - arrival time)
  Source:                 t1ms_cnt_reg[14]/C
                            (rising edge-triggered cell FDRE clocked by sysclk  {rise@0.000ns fall@5.000ns period=10.000ns})
  Destination:            delay_cnt_reg[6]/CE
                            (rising edge-triggered cell FDRE clocked by sysclk  {rise@0.000ns fall@5.000ns period=10.000ns})
  Path Group:             sysclk
  Path Type:              Setup (Max at Slow Process Corner)
  Requirement:            10.000ns  (sysclk rise@10.000ns - sysclk rise@0.000ns)
  Data Path Delay:        3.222ns  (logic 0.694ns (21.537%)  route 2.528ns (78.463%))
  Logic Levels:           3  (LUT4=1 LUT6=2)
  Clock Path Skew:        -0.067ns (DCD - SCD + CPR)
    Destination Clock Delay (DCD):    4.405ns = ( 14.405 - 10.000 ) 
    Source Clock Delay      (SCD):    4.813ns
    Clock Pessimism Removal (CPR):    0.341ns
  Clock Uncertainty:      0.035ns  ((TSJ^2 + TIJ^2)^1/2 + DJ) / 2 + PE
    Total System Jitter     (TSJ):    0.071ns
    Total Input Jitter      (TIJ):    0.000ns
    Discrete Jitter          (DJ):    0.000ns
    Phase Error              (PE):    0.000ns

    Location             Delay type                Incr(ns)  Path(ns)    Netlist Resource(s)
  -------------------------------------------------------------------    -------------------
                         (clock sysclk rise edge)     0.000     0.000 r  
    L5                                                0.000     0.000 r  sysclk_i (IN)
                         net (fo=0)                   0.000     0.000    sysclk_i
    L5                   IBUF (Prop_ibuf_I_O)         1.382     1.382 r  sysclk_i_IBUF_inst/O
                         net (fo=1, routed)           1.824     3.206    sysclk_i_IBUF
    BUFGCTRL_X0Y16       BUFG (Prop_bufg_I_O)         0.085     3.291 r  sysclk_i_IBUF_BUFG_inst/O
                         net (fo=97, routed)          1.522     4.813    sysclk_i_IBUF_BUFG
    SLICE_X105Y64        FDRE                                         r  t1ms_cnt_reg[14]/C
  -------------------------------------------------------------------    -------------------
    SLICE_X105Y64        FDRE (Prop_fdre_C_Q)         0.379     5.192 f  t1ms_cnt_reg[14]/Q
                         net (fo=2, routed)           0.672     5.864    t1ms_cnt_reg_n_0_[14]
    SLICE_X105Y63        LUT4 (Prop_lut4_I1_O)        0.105     5.969 f  FSM_sequential_S_UART_TX[1]_i_7/O
                         net (fo=2, routed)           0.663     6.632    FSM_sequential_S_UART_TX[1]_i_7_n_0
    SLICE_X105Y62        LUT6 (Prop_lut6_I1_O)        0.105     6.737 f  FSM_sequential_S_UART_TX[1]_i_3/O
                         net (fo=24, routed)          0.777     7.514    FSM_sequential_S_UART_TX[1]_i_3_n_0
    SLICE_X101Y65        LUT6 (Prop_lut6_I0_O)        0.105     7.619 r  delay_cnt[9]_i_1/O
                         net (fo=10, routed)          0.416     8.035    delay_cnt
    SLICE_X100Y66        FDRE                                         r  delay_cnt_reg[6]/CE
  -------------------------------------------------------------------    -------------------

                         (clock sysclk rise edge)    10.000    10.000 r  
    L5                                                0.000    10.000 r  sysclk_i (IN)
                         net (fo=0)                   0.000    10.000    sysclk_i
    L5                   IBUF (Prop_ibuf_I_O)         1.317    11.317 r  sysclk_i_IBUF_inst/O
                         net (fo=1, routed)           1.652    12.969    sysclk_i_IBUF
    BUFGCTRL_X0Y16       BUFG (Prop_bufg_I_O)         0.077    13.046 r  sysclk_i_IBUF_BUFG_inst/O
                         net (fo=97, routed)          1.359    14.405    sysclk_i_IBUF_BUFG
    SLICE_X100Y66        FDRE                                         r  delay_cnt_reg[6]/C
                         clock pessimism              0.341    14.746    
                         clock uncertainty           -0.035    14.711    
    SLICE_X100Y66        FDRE (Setup_fdre_C_CE)      -0.136    14.575    delay_cnt_reg[6]
  -------------------------------------------------------------------
                         required time                         14.575    
                         arrival time                          -8.035    
  -------------------------------------------------------------------
                         slack                                  6.539    

Slack (MET) :             6.539ns  (required time - arrival time)
  Source:                 t1ms_cnt_reg[14]/C
                            (rising edge-triggered cell FDRE clocked by sysclk  {rise@0.000ns fall@5.000ns period=10.000ns})
  Destination:            delay_cnt_reg[7]/CE
                            (rising edge-triggered cell FDRE clocked by sysclk  {rise@0.000ns fall@5.000ns period=10.000ns})
  Path Group:             sysclk
  Path Type:              Setup (Max at Slow Process Corner)
  Requirement:            10.000ns  (sysclk rise@10.000ns - sysclk rise@0.000ns)
  Data Path Delay:        3.222ns  (logic 0.694ns (21.537%)  route 2.528ns (78.463%))
  Logic Levels:           3  (LUT4=1 LUT6=2)
  Clock Path Skew:        -0.067ns (DCD - SCD + CPR)
    Destination Clock Delay (DCD):    4.405ns = ( 14.405 - 10.000 ) 
    Source Clock Delay      (SCD):    4.813ns
    Clock Pessimism Removal (CPR):    0.341ns
  Clock Uncertainty:      0.035ns  ((TSJ^2 + TIJ^2)^1/2 + DJ) / 2 + PE
    Total System Jitter     (TSJ):    0.071ns
    Total Input Jitter      (TIJ):    0.000ns
    Discrete Jitter          (DJ):    0.000ns
    Phase Error              (PE):    0.000ns

    Location             Delay type                Incr(ns)  Path(ns)    Netlist Resource(s)
  -------------------------------------------------------------------    -------------------
                         (clock sysclk rise edge)     0.000     0.000 r  
    L5                                                0.000     0.000 r  sysclk_i (IN)
                         net (fo=0)                   0.000     0.000    sysclk_i
    L5                   IBUF (Prop_ibuf_I_O)         1.382     1.382 r  sysclk_i_IBUF_inst/O
                         net (fo=1, routed)           1.824     3.206    sysclk_i_IBUF
    BUFGCTRL_X0Y16       BUFG (Prop_bufg_I_O)         0.085     3.291 r  sysclk_i_IBUF_BUFG_inst/O
                         net (fo=97, routed)          1.522     4.813    sysclk_i_IBUF_BUFG
    SLICE_X105Y64        FDRE                                         r  t1ms_cnt_reg[14]/C
  -------------------------------------------------------------------    -------------------
    SLICE_X105Y64        FDRE (Prop_fdre_C_Q)         0.379     5.192 f  t1ms_cnt_reg[14]/Q
                         net (fo=2, routed)           0.672     5.864    t1ms_cnt_reg_n_0_[14]
    SLICE_X105Y63        LUT4 (Prop_lut4_I1_O)        0.105     5.969 f  FSM_sequential_S_UART_TX[1]_i_7/O
                         net (fo=2, routed)           0.663     6.632    FSM_sequential_S_UART_TX[1]_i_7_n_0
    SLICE_X105Y62        LUT6 (Prop_lut6_I1_O)        0.105     6.737 f  FSM_sequential_S_UART_TX[1]_i_3/O
                         net (fo=24, routed)          0.777     7.514    FSM_sequential_S_UART_TX[1]_i_3_n_0
    SLICE_X101Y65        LUT6 (Prop_lut6_I0_O)        0.105     7.619 r  delay_cnt[9]_i_1/O
                         net (fo=10, routed)          0.416     8.035    delay_cnt
    SLICE_X100Y66        FDRE                                         r  delay_cnt_reg[7]/CE
  -------------------------------------------------------------------    -------------------

                         (clock sysclk rise edge)    10.000    10.000 r  
    L5                                                0.000    10.000 r  sysclk_i (IN)
                         net (fo=0)                   0.000    10.000    sysclk_i
    L5                   IBUF (Prop_ibuf_I_O)         1.317    11.317 r  sysclk_i_IBUF_inst/O
                         net (fo=1, routed)           1.652    12.969    sysclk_i_IBUF
    BUFGCTRL_X0Y16       BUFG (Prop_bufg_I_O)         0.077    13.046 r  sysclk_i_IBUF_BUFG_inst/O
                         net (fo=97, routed)          1.359    14.405    sysclk_i_IBUF_BUFG
    SLICE_X100Y66        FDRE                                         r  delay_cnt_reg[7]/C
                         clock pessimism              0.341    14.746    
                         clock uncertainty           -0.035    14.711    
    SLICE_X100Y66        FDRE (Setup_fdre_C_CE)      -0.136    14.575    delay_cnt_reg[7]
  -------------------------------------------------------------------
                         required time                         14.575    
                         arrival time                          -8.035    
  -------------------------------------------------------------------
                         slack                                  6.539    





Min Delay Paths
--------------------------------------------------------------------------------------
Slack (MET) :             0.146ns  (arrival time - required time)
  Source:                 uart_tx_inst/uart_wdata_r_reg[9]/C
                            (rising edge-triggered cell FDRE clocked by sysclk  {rise@0.000ns fall@5.000ns period=10.000ns})
  Destination:            uart_tx_inst/uart_wdata_r_reg[8]/D
                            (rising edge-triggered cell FDRE clocked by sysclk  {rise@0.000ns fall@5.000ns period=10.000ns})
  Path Group:             sysclk
  Path Type:              Hold (Min at Fast Process Corner)
  Requirement:            0.000ns  (sysclk rise@0.000ns - sysclk rise@0.000ns)
  Data Path Delay:        0.290ns  (logic 0.189ns (65.196%)  route 0.101ns (34.804%))
  Logic Levels:           1  (LUT3=1)
  Clock Path Skew:        0.013ns (DCD - SCD - CPR)
    Destination Clock Delay (DCD):    2.030ns
    Source Clock Delay      (SCD):    1.507ns
    Clock Pessimism Removal (CPR):    0.510ns

    Location             Delay type                Incr(ns)  Path(ns)    Netlist Resource(s)
  -------------------------------------------------------------------    -------------------
                         (clock sysclk rise edge)     0.000     0.000 r  
    L5                                                0.000     0.000 r  sysclk_i (IN)
                         net (fo=0)                   0.000     0.000    sysclk_i
    L5                   IBUF (Prop_ibuf_I_O)         0.219     0.219 r  sysclk_i_IBUF_inst/O
                         net (fo=1, routed)           0.652     0.871    sysclk_i_IBUF
    BUFGCTRL_X0Y16       BUFG (Prop_bufg_I_O)         0.026     0.897 r  sysclk_i_IBUF_BUFG_inst/O
                         net (fo=97, routed)          0.610     1.507    uart_tx_inst/CLK
    SLICE_X101Y61        FDRE                                         r  uart_tx_inst/uart_wdata_r_reg[9]/C
  -------------------------------------------------------------------    -------------------
    SLICE_X101Y61        FDRE (Prop_fdre_C_Q)         0.141     1.648 r  uart_tx_inst/uart_wdata_r_reg[9]/Q
                         net (fo=2, routed)           0.101     1.749    uart_tx_inst/uart_wdata_r[9]
    SLICE_X100Y61        LUT3 (Prop_lut3_I2_O)        0.048     1.797 r  uart_tx_inst/uart_wdata_r[8]_i_2/O
                         net (fo=1, routed)           0.000     1.797    uart_tx_inst/p_1_in[8]
    SLICE_X100Y61        FDRE                                         r  uart_tx_inst/uart_wdata_r_reg[8]/D
  -------------------------------------------------------------------    -------------------

                         (clock sysclk rise edge)     0.000     0.000 r  
    L5                                                0.000     0.000 r  sysclk_i (IN)
                         net (fo=0)                   0.000     0.000    sysclk_i
    L5                   IBUF (Prop_ibuf_I_O)         0.407     0.407 r  sysclk_i_IBUF_inst/O
                         net (fo=1, routed)           0.711     1.118    sysclk_i_IBUF
    BUFGCTRL_X0Y16       BUFG (Prop_bufg_I_O)         0.029     1.147 r  sysclk_i_IBUF_BUFG_inst/O
                         net (fo=97, routed)          0.883     2.030    uart_tx_inst/CLK
    SLICE_X100Y61        FDRE                                         r  uart_tx_inst/uart_wdata_r_reg[8]/C
                         clock pessimism             -0.510     1.520    
    SLICE_X100Y61        FDRE (Hold_fdre_C_D)         0.131     1.651    uart_tx_inst/uart_wdata_r_reg[8]
  -------------------------------------------------------------------
                         required time                         -1.651    
                         arrival time                           1.797    
  -------------------------------------------------------------------
                         slack                                  0.146    

Slack (MET) :             0.183ns  (arrival time - required time)
  Source:                 delay_cnt_reg[4]/C
                            (rising edge-triggered cell FDRE clocked by sysclk  {rise@0.000ns fall@5.000ns period=10.000ns})
  Destination:            delay_cnt_reg[9]/D
                            (rising edge-triggered cell FDRE clocked by sysclk  {rise@0.000ns fall@5.000ns period=10.000ns})
  Path Group:             sysclk
  Path Type:              Hold (Min at Fast Process Corner)
  Requirement:            0.000ns  (sysclk rise@0.000ns - sysclk rise@0.000ns)
  Data Path Delay:        0.317ns  (logic 0.186ns (58.638%)  route 0.131ns (41.362%))
  Logic Levels:           1  (LUT6=1)
  Clock Path Skew:        0.013ns (DCD - SCD - CPR)
    Destination Clock Delay (DCD):    2.025ns
    Source Clock Delay      (SCD):    1.504ns
    Clock Pessimism Removal (CPR):    0.508ns

    Location             Delay type                Incr(ns)  Path(ns)    Netlist Resource(s)
  -------------------------------------------------------------------    -------------------
                         (clock sysclk rise edge)     0.000     0.000 r  
    L5                                                0.000     0.000 r  sysclk_i (IN)
                         net (fo=0)                   0.000     0.000    sysclk_i
    L5                   IBUF (Prop_ibuf_I_O)         0.219     0.219 r  sysclk_i_IBUF_inst/O
                         net (fo=1, routed)           0.652     0.871    sysclk_i_IBUF
    BUFGCTRL_X0Y16       BUFG (Prop_bufg_I_O)         0.026     0.897 r  sysclk_i_IBUF_BUFG_inst/O
                         net (fo=97, routed)          0.607     1.504    sysclk_i_IBUF_BUFG
    SLICE_X101Y66        FDRE                                         r  delay_cnt_reg[4]/C
  -------------------------------------------------------------------    -------------------
    SLICE_X101Y66        FDRE (Prop_fdre_C_Q)         0.141     1.645 r  delay_cnt_reg[4]/Q
                         net (fo=8, routed)           0.131     1.776    delay_cnt_reg[4]
    SLICE_X100Y66        LUT6 (Prop_lut6_I2_O)        0.045     1.821 r  delay_cnt[9]_i_2/O
                         net (fo=1, routed)           0.000     1.821    p_0_in__0[9]
    SLICE_X100Y66        FDRE                                         r  delay_cnt_reg[9]/D
  -------------------------------------------------------------------    -------------------

                         (clock sysclk rise edge)     0.000     0.000 r  
    L5                                                0.000     0.000 r  sysclk_i (IN)
                         net (fo=0)                   0.000     0.000    sysclk_i
    L5                   IBUF (Prop_ibuf_I_O)         0.407     0.407 r  sysclk_i_IBUF_inst/O
                         net (fo=1, routed)           0.711     1.118    sysclk_i_IBUF
    BUFGCTRL_X0Y16       BUFG (Prop_bufg_I_O)         0.029     1.147 r  sysclk_i_IBUF_BUFG_inst/O
                         net (fo=97, routed)          0.878     2.025    sysclk_i_IBUF_BUFG
    SLICE_X100Y66        FDRE                                         r  delay_cnt_reg[9]/C
                         clock pessimism             -0.508     1.517    
    SLICE_X100Y66        FDRE (Hold_fdre_C_D)         0.121     1.638    delay_cnt_reg[9]
  -------------------------------------------------------------------
                         required time                         -1.638    
                         arrival time                           1.821    
  -------------------------------------------------------------------
                         slack                                  0.183    

Slack (MET) :             0.186ns  (arrival time - required time)
  Source:                 uart_tx_inst/uart_wdata_r_reg[0]/C
                            (rising edge-triggered cell FDRE clocked by sysclk  {rise@0.000ns fall@5.000ns period=10.000ns})
  Destination:            uart_tx_inst/uart_wdata_r_reg[9]/D
                            (rising edge-triggered cell FDRE clocked by sysclk  {rise@0.000ns fall@5.000ns period=10.000ns})
  Path Group:             sysclk
  Path Type:              Hold (Min at Fast Process Corner)
  Requirement:            0.000ns  (sysclk rise@0.000ns - sysclk rise@0.000ns)
  Data Path Delay:        0.290ns  (logic 0.209ns (71.958%)  route 0.081ns (28.042%))
  Logic Levels:           1  (LUT6=1)
  Clock Path Skew:        0.013ns (DCD - SCD - CPR)
    Destination Clock Delay (DCD):    2.030ns
    Source Clock Delay      (SCD):    1.507ns
    Clock Pessimism Removal (CPR):    0.510ns

    Location             Delay type                Incr(ns)  Path(ns)    Netlist Resource(s)
  -------------------------------------------------------------------    -------------------
                         (clock sysclk rise edge)     0.000     0.000 r  
    L5                                                0.000     0.000 r  sysclk_i (IN)
                         net (fo=0)                   0.000     0.000    sysclk_i
    L5                   IBUF (Prop_ibuf_I_O)         0.219     0.219 r  sysclk_i_IBUF_inst/O
                         net (fo=1, routed)           0.652     0.871    sysclk_i_IBUF
    BUFGCTRL_X0Y16       BUFG (Prop_bufg_I_O)         0.026     0.897 r  sysclk_i_IBUF_BUFG_inst/O
                         net (fo=97, routed)          0.610     1.507    uart_tx_inst/CLK
    SLICE_X100Y61        FDRE                                         r  uart_tx_inst/uart_wdata_r_reg[0]/C
  -------------------------------------------------------------------    -------------------
    SLICE_X100Y61        FDRE (Prop_fdre_C_Q)         0.164     1.671 r  uart_tx_inst/uart_wdata_r_reg[0]/Q
                         net (fo=1, routed)           0.081     1.752    uart_tx_inst/uart_wdata_r_reg[0]_0[0]
    SLICE_X101Y61        LUT6 (Prop_lut6_I1_O)        0.045     1.797 r  uart_tx_inst/uart_wdata_r[9]_i_1/O
                         net (fo=1, routed)           0.000     1.797    uart_tx_inst/uart_wdata_r[9]_i_1_n_0
    SLICE_X101Y61        FDRE                                         r  uart_tx_inst/uart_wdata_r_reg[9]/D
  -------------------------------------------------------------------    -------------------

                         (clock sysclk rise edge)     0.000     0.000 r  
    L5                                                0.000     0.000 r  sysclk_i (IN)
                         net (fo=0)                   0.000     0.000    sysclk_i
    L5                   IBUF (Prop_ibuf_I_O)         0.407     0.407 r  sysclk_i_IBUF_inst/O
                         net (fo=1, routed)           0.711     1.118    sysclk_i_IBUF
    BUFGCTRL_X0Y16       BUFG (Prop_bufg_I_O)         0.029     1.147 r  sysclk_i_IBUF_BUFG_inst/O
                         net (fo=97, routed)          0.883     2.030    uart_tx_inst/CLK
    SLICE_X101Y61        FDRE                                         r  uart_tx_inst/uart_wdata_r_reg[9]/C
                         clock pessimism             -0.510     1.520    
    SLICE_X101Y61        FDRE (Hold_fdre_C_D)         0.091     1.611    uart_tx_inst/uart_wdata_r_reg[9]
  -------------------------------------------------------------------
                         required time                         -1.611    
                         arrival time                           1.797    
  -------------------------------------------------------------------
                         slack                                  0.186    

Slack (MET) :             0.206ns  (arrival time - required time)
  Source:                 uart_wreq_reg/C
                            (rising edge-triggered cell FDRE clocked by sysclk  {rise@0.000ns fall@5.000ns period=10.000ns})
  Destination:            uart_tx_inst/uart_wreq_r_reg/D
                            (rising edge-triggered cell FDRE clocked by sysclk  {rise@0.000ns fall@5.000ns period=10.000ns})
  Path Group:             sysclk
  Path Type:              Hold (Min at Fast Process Corner)
  Requirement:            0.000ns  (sysclk rise@0.000ns - sysclk rise@0.000ns)
  Data Path Delay:        0.319ns  (logic 0.141ns (44.140%)  route 0.178ns (55.860%))
  Logic Levels:           0  
  Clock Path Skew:        0.038ns (DCD - SCD - CPR)
    Destination Clock Delay (DCD):    2.030ns
    Source Clock Delay      (SCD):    1.508ns
    Clock Pessimism Removal (CPR):    0.484ns

    Location             Delay type                Incr(ns)  Path(ns)    Netlist Resource(s)
  -------------------------------------------------------------------    -------------------
                         (clock sysclk rise edge)     0.000     0.000 r  
    L5                                                0.000     0.000 r  sysclk_i (IN)
                         net (fo=0)                   0.000     0.000    sysclk_i
    L5                   IBUF (Prop_ibuf_I_O)         0.219     0.219 r  sysclk_i_IBUF_inst/O
                         net (fo=1, routed)           0.652     0.871    sysclk_i_IBUF
    BUFGCTRL_X0Y16       BUFG (Prop_bufg_I_O)         0.026     0.897 r  sysclk_i_IBUF_BUFG_inst/O
                         net (fo=97, routed)          0.611     1.508    sysclk_i_IBUF_BUFG
    SLICE_X102Y62        FDRE                                         r  uart_wreq_reg/C
  -------------------------------------------------------------------    -------------------
    SLICE_X102Y62        FDRE (Prop_fdre_C_Q)         0.141     1.649 r  uart_wreq_reg/Q
                         net (fo=15, routed)          0.178     1.827    uart_tx_inst/uart_wreq_r_reg_0
    SLICE_X101Y61        FDRE                                         r  uart_tx_inst/uart_wreq_r_reg/D
  -------------------------------------------------------------------    -------------------

                         (clock sysclk rise edge)     0.000     0.000 r  
    L5                                                0.000     0.000 r  sysclk_i (IN)
                         net (fo=0)                   0.000     0.000    sysclk_i
    L5                   IBUF (Prop_ibuf_I_O)         0.407     0.407 r  sysclk_i_IBUF_inst/O
                         net (fo=1, routed)           0.711     1.118    sysclk_i_IBUF
    BUFGCTRL_X0Y16       BUFG (Prop_bufg_I_O)         0.029     1.147 r  sysclk_i_IBUF_BUFG_inst/O
                         net (fo=97, routed)          0.883     2.030    uart_tx_inst/CLK
    SLICE_X101Y61        FDRE                                         r  uart_tx_inst/uart_wreq_r_reg/C
                         clock pessimism             -0.484     1.546    
    SLICE_X101Y61        FDRE (Hold_fdre_C_D)         0.075     1.621    uart_tx_inst/uart_wreq_r_reg
  -------------------------------------------------------------------
                         required time                         -1.621    
                         arrival time                           1.827    
  -------------------------------------------------------------------
                         slack                                  0.206    

Slack (MET) :             0.214ns  (arrival time - required time)
  Source:                 uart_tx_inst/uart_wdata_r_reg[1]/C
                            (rising edge-triggered cell FDRE clocked by sysclk  {rise@0.000ns fall@5.000ns period=10.000ns})
  Destination:            uart_tx_inst/uart_wdata_r_reg[0]/D
                            (rising edge-triggered cell FDRE clocked by sysclk  {rise@0.000ns fall@5.000ns period=10.000ns})
  Path Group:             sysclk
  Path Type:              Hold (Min at Fast Process Corner)
  Requirement:            0.000ns  (sysclk rise@0.000ns - sysclk rise@0.000ns)
  Data Path Delay:        0.337ns  (logic 0.249ns (73.869%)  route 0.088ns (26.131%))
  Logic Levels:           1  (LUT3=1)
  Clock Path Skew:        0.000ns (DCD - SCD - CPR)
    Destination Clock Delay (DCD):    2.030ns
    Source Clock Delay      (SCD):    1.507ns
    Clock Pessimism Removal (CPR):    0.523ns

    Location             Delay type                Incr(ns)  Path(ns)    Netlist Resource(s)
  -------------------------------------------------------------------    -------------------
                         (clock sysclk rise edge)     0.000     0.000 r  
    L5                                                0.000     0.000 r  sysclk_i (IN)
                         net (fo=0)                   0.000     0.000    sysclk_i
    L5                   IBUF (Prop_ibuf_I_O)         0.219     0.219 r  sysclk_i_IBUF_inst/O
                         net (fo=1, routed)           0.652     0.871    sysclk_i_IBUF
    BUFGCTRL_X0Y16       BUFG (Prop_bufg_I_O)         0.026     0.897 r  sysclk_i_IBUF_BUFG_inst/O
                         net (fo=97, routed)          0.610     1.507    uart_tx_inst/CLK
    SLICE_X100Y61        FDRE                                         r  uart_tx_inst/uart_wdata_r_reg[1]/C
  -------------------------------------------------------------------    -------------------
    SLICE_X100Y61        FDRE (Prop_fdre_C_Q)         0.148     1.655 r  uart_tx_inst/uart_wdata_r_reg[1]/Q
                         net (fo=1, routed)           0.088     1.743    uart_tx_inst/uart_wdata_r[1]
    SLICE_X100Y61        LUT3 (Prop_lut3_I2_O)        0.101     1.844 r  uart_tx_inst/uart_wdata_r[0]_i_1/O
                         net (fo=2, routed)           0.000     1.844    uart_tx_inst/p_1_in[0]
    SLICE_X100Y61        FDRE                                         r  uart_tx_inst/uart_wdata_r_reg[0]/D
  -------------------------------------------------------------------    -------------------

                         (clock sysclk rise edge)     0.000     0.000 r  
    L5                                                0.000     0.000 r  sysclk_i (IN)
                         net (fo=0)                   0.000     0.000    sysclk_i
    L5                   IBUF (Prop_ibuf_I_O)         0.407     0.407 r  sysclk_i_IBUF_inst/O
                         net (fo=1, routed)           0.711     1.118    sysclk_i_IBUF
    BUFGCTRL_X0Y16       BUFG (Prop_bufg_I_O)         0.029     1.147 r  sysclk_i_IBUF_BUFG_inst/O
                         net (fo=97, routed)          0.883     2.030    uart_tx_inst/CLK
    SLICE_X100Y61        FDRE                                         r  uart_tx_inst/uart_wdata_r_reg[0]/C
                         clock pessimism             -0.523     1.507    
    SLICE_X100Y61        FDRE (Hold_fdre_C_D)         0.123     1.630    uart_tx_inst/uart_wdata_r_reg[0]
  -------------------------------------------------------------------
                         required time                         -1.630    
                         arrival time                           1.844    
  -------------------------------------------------------------------
                         slack                                  0.214    

Slack (MET) :             0.217ns  (arrival time - required time)
  Source:                 uart_tx_inst/uart_wdata_r_reg[8]/C
                            (rising edge-triggered cell FDRE clocked by sysclk  {rise@0.000ns fall@5.000ns period=10.000ns})
  Destination:            uart_tx_inst/uart_wdata_r_reg[7]/D
                            (rising edge-triggered cell FDRE clocked by sysclk  {rise@0.000ns fall@5.000ns period=10.000ns})
  Path Group:             sysclk
  Path Type:              Hold (Min at Fast Process Corner)
  Requirement:            0.000ns  (sysclk rise@0.000ns - sysclk rise@0.000ns)
  Data Path Delay:        0.338ns  (logic 0.247ns (73.169%)  route 0.091ns (26.831%))
  Logic Levels:           1  (LUT4=1)
  Clock Path Skew:        0.000ns (DCD - SCD - CPR)
    Destination Clock Delay (DCD):    2.030ns
    Source Clock Delay      (SCD):    1.507ns
    Clock Pessimism Removal (CPR):    0.523ns

    Location             Delay type                Incr(ns)  Path(ns)    Netlist Resource(s)
  -------------------------------------------------------------------    -------------------
                         (clock sysclk rise edge)     0.000     0.000 r  
    L5                                                0.000     0.000 r  sysclk_i (IN)
                         net (fo=0)                   0.000     0.000    sysclk_i
    L5                   IBUF (Prop_ibuf_I_O)         0.219     0.219 r  sysclk_i_IBUF_inst/O
                         net (fo=1, routed)           0.652     0.871    sysclk_i_IBUF
    BUFGCTRL_X0Y16       BUFG (Prop_bufg_I_O)         0.026     0.897 r  sysclk_i_IBUF_BUFG_inst/O
                         net (fo=97, routed)          0.610     1.507    uart_tx_inst/CLK
    SLICE_X100Y61        FDRE                                         r  uart_tx_inst/uart_wdata_r_reg[8]/C
  -------------------------------------------------------------------    -------------------
    SLICE_X100Y61        FDRE (Prop_fdre_C_Q)         0.148     1.655 r  uart_tx_inst/uart_wdata_r_reg[8]/Q
                         net (fo=1, routed)           0.091     1.746    uart_tx_inst/uart_wdata_r[8]
    SLICE_X100Y61        LUT4 (Prop_lut4_I0_O)        0.099     1.845 r  uart_tx_inst/uart_wdata_r[7]_i_1/O
                         net (fo=1, routed)           0.000     1.845    uart_tx_inst/p_1_in[7]
    SLICE_X100Y61        FDRE                                         r  uart_tx_inst/uart_wdata_r_reg[7]/D
  -------------------------------------------------------------------    -------------------

                         (clock sysclk rise edge)     0.000     0.000 r  
    L5                                                0.000     0.000 r  sysclk_i (IN)
                         net (fo=0)                   0.000     0.000    sysclk_i
    L5                   IBUF (Prop_ibuf_I_O)         0.407     0.407 r  sysclk_i_IBUF_inst/O
                         net (fo=1, routed)           0.711     1.118    sysclk_i_IBUF
    BUFGCTRL_X0Y16       BUFG (Prop_bufg_I_O)         0.029     1.147 r  sysclk_i_IBUF_BUFG_inst/O
                         net (fo=97, routed)          0.883     2.030    uart_tx_inst/CLK
    SLICE_X100Y61        FDRE                                         r  uart_tx_inst/uart_wdata_r_reg[7]/C
                         clock pessimism             -0.523     1.507    
    SLICE_X100Y61        FDRE (Hold_fdre_C_D)         0.121     1.628    uart_tx_inst/uart_wdata_r_reg[7]
  -------------------------------------------------------------------
                         required time                         -1.628    
                         arrival time                           1.845    
  -------------------------------------------------------------------
                         slack                                  0.217    

Slack (MET) :             0.237ns  (arrival time - required time)
  Source:                 delay_cnt_reg[1]/C
                            (rising edge-triggered cell FDRE clocked by sysclk  {rise@0.000ns fall@5.000ns period=10.000ns})
  Destination:            delay_cnt_reg[4]/D
                            (rising edge-triggered cell FDRE clocked by sysclk  {rise@0.000ns fall@5.000ns period=10.000ns})
  Path Group:             sysclk
  Path Type:              Hold (Min at Fast Process Corner)
  Requirement:            0.000ns  (sysclk rise@0.000ns - sysclk rise@0.000ns)
  Data Path Delay:        0.329ns  (logic 0.186ns (56.609%)  route 0.143ns (43.391%))
  Logic Levels:           1  (LUT6=1)
  Clock Path Skew:        0.000ns (DCD - SCD - CPR)
    Destination Clock Delay (DCD):    2.025ns
    Source Clock Delay      (SCD):    1.504ns
    Clock Pessimism Removal (CPR):    0.521ns

    Location             Delay type                Incr(ns)  Path(ns)    Netlist Resource(s)
  -------------------------------------------------------------------    -------------------
                         (clock sysclk rise edge)     0.000     0.000 r  
    L5                                                0.000     0.000 r  sysclk_i (IN)
                         net (fo=0)                   0.000     0.000    sysclk_i
    L5                   IBUF (Prop_ibuf_I_O)         0.219     0.219 r  sysclk_i_IBUF_inst/O
                         net (fo=1, routed)           0.652     0.871    sysclk_i_IBUF
    BUFGCTRL_X0Y16       BUFG (Prop_bufg_I_O)         0.026     0.897 r  sysclk_i_IBUF_BUFG_inst/O
                         net (fo=97, routed)          0.607     1.504    sysclk_i_IBUF_BUFG
    SLICE_X101Y66        FDRE                                         r  delay_cnt_reg[1]/C
  -------------------------------------------------------------------    -------------------
    SLICE_X101Y66        FDRE (Prop_fdre_C_Q)         0.141     1.645 r  delay_cnt_reg[1]/Q
                         net (fo=8, routed)           0.143     1.788    delay_cnt_reg[1]
    SLICE_X101Y66        LUT6 (Prop_lut6_I1_O)        0.045     1.833 r  delay_cnt[4]_i_1/O
                         net (fo=1, routed)           0.000     1.833    p_0_in__0[4]
    SLICE_X101Y66        FDRE                                         r  delay_cnt_reg[4]/D
  -------------------------------------------------------------------    -------------------

                         (clock sysclk rise edge)     0.000     0.000 r  
    L5                                                0.000     0.000 r  sysclk_i (IN)
                         net (fo=0)                   0.000     0.000    sysclk_i
    L5                   IBUF (Prop_ibuf_I_O)         0.407     0.407 r  sysclk_i_IBUF_inst/O
                         net (fo=1, routed)           0.711     1.118    sysclk_i_IBUF
    BUFGCTRL_X0Y16       BUFG (Prop_bufg_I_O)         0.029     1.147 r  sysclk_i_IBUF_BUFG_inst/O
                         net (fo=97, routed)          0.878     2.025    sysclk_i_IBUF_BUFG
    SLICE_X101Y66        FDRE                                         r  delay_cnt_reg[4]/C
                         clock pessimism             -0.521     1.504    
    SLICE_X101Y66        FDRE (Hold_fdre_C_D)         0.092     1.596    delay_cnt_reg[4]
  -------------------------------------------------------------------
                         required time                         -1.596    
                         arrival time                           1.833    
  -------------------------------------------------------------------
                         slack                                  0.237    

Slack (MET) :             0.248ns  (arrival time - required time)
  Source:                 rst_cnt_reg[15]/C
                            (rising edge-triggered cell FDRE clocked by sysclk  {rise@0.000ns fall@5.000ns period=10.000ns})
  Destination:            FSM_sequential_S_UART_TX_reg[1]/D
                            (rising edge-triggered cell FDRE clocked by sysclk  {rise@0.000ns fall@5.000ns period=10.000ns})
  Path Group:             sysclk
  Path Type:              Hold (Min at Fast Process Corner)
  Requirement:            0.000ns  (sysclk rise@0.000ns - sysclk rise@0.000ns)
  Data Path Delay:        0.376ns  (logic 0.186ns (49.516%)  route 0.190ns (50.484%))
  Logic Levels:           1  (LUT6=1)
  Clock Path Skew:        0.037ns (DCD - SCD - CPR)
    Destination Clock Delay (DCD):    2.027ns
    Source Clock Delay      (SCD):    1.506ns
    Clock Pessimism Removal (CPR):    0.484ns

    Location             Delay type                Incr(ns)  Path(ns)    Netlist Resource(s)
  -------------------------------------------------------------------    -------------------
                         (clock sysclk rise edge)     0.000     0.000 r  
    L5                                                0.000     0.000 r  sysclk_i (IN)
                         net (fo=0)                   0.000     0.000    sysclk_i
    L5                   IBUF (Prop_ibuf_I_O)         0.219     0.219 r  sysclk_i_IBUF_inst/O
                         net (fo=1, routed)           0.652     0.871    sysclk_i_IBUF
    BUFGCTRL_X0Y16       BUFG (Prop_bufg_I_O)         0.026     0.897 r  sysclk_i_IBUF_BUFG_inst/O
                         net (fo=97, routed)          0.609     1.506    sysclk_i_IBUF_BUFG
    SLICE_X102Y66        FDRE                                         r  rst_cnt_reg[15]/C
  -------------------------------------------------------------------    -------------------
    SLICE_X102Y66        FDRE (Prop_fdre_C_Q)         0.141     1.647 r  rst_cnt_reg[15]/Q
                         net (fo=8, routed)           0.190     1.837    uart_tx_inst/uart_rstn_i
    SLICE_X101Y64        LUT6 (Prop_lut6_I5_O)        0.045     1.882 r  uart_tx_inst/FSM_sequential_S_UART_TX[1]_i_1/O
                         net (fo=1, routed)           0.000     1.882    uart_tx_inst_n_0
    SLICE_X101Y64        FDRE                                         r  FSM_sequential_S_UART_TX_reg[1]/D
  -------------------------------------------------------------------    -------------------

                         (clock sysclk rise edge)     0.000     0.000 r  
    L5                                                0.000     0.000 r  sysclk_i (IN)
                         net (fo=0)                   0.000     0.000    sysclk_i
    L5                   IBUF (Prop_ibuf_I_O)         0.407     0.407 r  sysclk_i_IBUF_inst/O
                         net (fo=1, routed)           0.711     1.118    sysclk_i_IBUF
    BUFGCTRL_X0Y16       BUFG (Prop_bufg_I_O)         0.029     1.147 r  sysclk_i_IBUF_BUFG_inst/O
                         net (fo=97, routed)          0.880     2.027    sysclk_i_IBUF_BUFG
    SLICE_X101Y64        FDRE                                         r  FSM_sequential_S_UART_TX_reg[1]/C
                         clock pessimism             -0.484     1.543    
    SLICE_X101Y64        FDRE (Hold_fdre_C_D)         0.091     1.634    FSM_sequential_S_UART_TX_reg[1]
  -------------------------------------------------------------------
                         required time                         -1.634    
                         arrival time                           1.882    
  -------------------------------------------------------------------
                         slack                                  0.248    

Slack (MET) :             0.255ns  (arrival time - required time)
  Source:                 tx_index_reg[1]/C
                            (rising edge-triggered cell FDRE clocked by sysclk  {rise@0.000ns fall@5.000ns period=10.000ns})
  Destination:            tx_index_reg[2]/D
                            (rising edge-triggered cell FDRE clocked by sysclk  {rise@0.000ns fall@5.000ns period=10.000ns})
  Path Group:             sysclk
  Path Type:              Hold (Min at Fast Process Corner)
  Requirement:            0.000ns  (sysclk rise@0.000ns - sysclk rise@0.000ns)
  Data Path Delay:        0.362ns  (logic 0.183ns (50.607%)  route 0.179ns (49.393%))
  Logic Levels:           1  (LUT4=1)
  Clock Path Skew:        0.000ns (DCD - SCD - CPR)
    Destination Clock Delay (DCD):    2.029ns
    Source Clock Delay      (SCD):    1.507ns
    Clock Pessimism Removal (CPR):    0.522ns

    Location             Delay type                Incr(ns)  Path(ns)    Netlist Resource(s)
  -------------------------------------------------------------------    -------------------
                         (clock sysclk rise edge)     0.000     0.000 r  
    L5                                                0.000     0.000 r  sysclk_i (IN)
                         net (fo=0)                   0.000     0.000    sysclk_i
    L5                   IBUF (Prop_ibuf_I_O)         0.219     0.219 r  sysclk_i_IBUF_inst/O
                         net (fo=1, routed)           0.652     0.871    sysclk_i_IBUF
    BUFGCTRL_X0Y16       BUFG (Prop_bufg_I_O)         0.026     0.897 r  sysclk_i_IBUF_BUFG_inst/O
                         net (fo=97, routed)          0.610     1.507    sysclk_i_IBUF_BUFG
    SLICE_X103Y63        FDRE                                         r  tx_index_reg[1]/C
  -------------------------------------------------------------------    -------------------
    SLICE_X103Y63        FDRE (Prop_fdre_C_Q)         0.141     1.648 r  tx_index_reg[1]/Q
                         net (fo=12, routed)          0.179     1.827    tx_index_reg_n_0_[1]
    SLICE_X103Y63        LUT4 (Prop_lut4_I1_O)        0.042     1.869 r  tx_index[2]_i_1/O
                         net (fo=1, routed)           0.000     1.869    tx_index[2]_i_1_n_0
    SLICE_X103Y63        FDRE                                         r  tx_index_reg[2]/D
  -------------------------------------------------------------------    -------------------

                         (clock sysclk rise edge)     0.000     0.000 r  
    L5                                                0.000     0.000 r  sysclk_i (IN)
                         net (fo=0)                   0.000     0.000    sysclk_i
    L5                   IBUF (Prop_ibuf_I_O)         0.407     0.407 r  sysclk_i_IBUF_inst/O
                         net (fo=1, routed)           0.711     1.118    sysclk_i_IBUF
    BUFGCTRL_X0Y16       BUFG (Prop_bufg_I_O)         0.029     1.147 r  sysclk_i_IBUF_BUFG_inst/O
                         net (fo=97, routed)          0.882     2.029    sysclk_i_IBUF_BUFG
    SLICE_X103Y63        FDRE                                         r  tx_index_reg[2]/C
                         clock pessimism             -0.522     1.507    
    SLICE_X103Y63        FDRE (Hold_fdre_C_D)         0.107     1.614    tx_index_reg[2]
  -------------------------------------------------------------------
                         required time                         -1.614    
                         arrival time                           1.869    
  -------------------------------------------------------------------
                         slack                                  0.255    

Slack (MET) :             0.259ns  (arrival time - required time)
  Source:                 uart_tx_inst/baud_div_reg[11]/C
                            (rising edge-triggered cell FDRE clocked by sysclk  {rise@0.000ns fall@5.000ns period=10.000ns})
  Destination:            uart_tx_inst/baud_div_reg[11]/D
                            (rising edge-triggered cell FDRE clocked by sysclk  {rise@0.000ns fall@5.000ns period=10.000ns})
  Path Group:             sysclk
  Path Type:              Hold (Min at Fast Process Corner)
  Requirement:            0.000ns  (sysclk rise@0.000ns - sysclk rise@0.000ns)
  Data Path Delay:        0.364ns  (logic 0.249ns (68.491%)  route 0.115ns (31.509%))
  Logic Levels:           1  (CARRY4=1)
  Clock Path Skew:        0.000ns (DCD - SCD - CPR)
    Destination Clock Delay (DCD):    2.027ns
    Source Clock Delay      (SCD):    1.505ns
    Clock Pessimism Removal (CPR):    0.522ns

    Location             Delay type                Incr(ns)  Path(ns)    Netlist Resource(s)
  -------------------------------------------------------------------    -------------------
                         (clock sysclk rise edge)     0.000     0.000 r  
    L5                                                0.000     0.000 r  sysclk_i (IN)
                         net (fo=0)                   0.000     0.000    sysclk_i
    L5                   IBUF (Prop_ibuf_I_O)         0.219     0.219 r  sysclk_i_IBUF_inst/O
                         net (fo=1, routed)           0.652     0.871    sysclk_i_IBUF
    BUFGCTRL_X0Y16       BUFG (Prop_bufg_I_O)         0.026     0.897 r  sysclk_i_IBUF_BUFG_inst/O
                         net (fo=97, routed)          0.608     1.505    uart_tx_inst/CLK
    SLICE_X99Y63         FDRE                                         r  uart_tx_inst/baud_div_reg[11]/C
  -------------------------------------------------------------------    -------------------
    SLICE_X99Y63         FDRE (Prop_fdre_C_Q)         0.141     1.646 r  uart_tx_inst/baud_div_reg[11]/Q
                         net (fo=3, routed)           0.115     1.761    uart_tx_inst/baud_div_reg[11]
    SLICE_X99Y63         CARRY4 (Prop_carry4_S[3]_O[3])
                                                      0.108     1.869 r  uart_tx_inst/baud_div_reg[8]_i_1/O[3]
                         net (fo=1, routed)           0.000     1.869    uart_tx_inst/baud_div_reg[8]_i_1_n_4
    SLICE_X99Y63         FDRE                                         r  uart_tx_inst/baud_div_reg[11]/D
  -------------------------------------------------------------------    -------------------

                         (clock sysclk rise edge)     0.000     0.000 r  
    L5                                                0.000     0.000 r  sysclk_i (IN)
                         net (fo=0)                   0.000     0.000    sysclk_i
    L5                   IBUF (Prop_ibuf_I_O)         0.407     0.407 r  sysclk_i_IBUF_inst/O
                         net (fo=1, routed)           0.711     1.118    sysclk_i_IBUF
    BUFGCTRL_X0Y16       BUFG (Prop_bufg_I_O)         0.029     1.147 r  sysclk_i_IBUF_BUFG_inst/O
                         net (fo=97, routed)          0.880     2.027    uart_tx_inst/CLK
    SLICE_X99Y63         FDRE                                         r  uart_tx_inst/baud_div_reg[11]/C
                         clock pessimism             -0.522     1.505    
    SLICE_X99Y63         FDRE (Hold_fdre_C_D)         0.105     1.610    uart_tx_inst/baud_div_reg[11]
  -------------------------------------------------------------------
                         required time                         -1.610    
                         arrival time                           1.869    
  -------------------------------------------------------------------
                         slack                                  0.259    





Pulse Width Checks
--------------------------------------------------------------------------------------
Clock Name:         sysclk
Waveform(ns):       { 0.000 5.000 }
Period(ns):         10.000
Sources:            { sysclk_i }

Check Type        Corner  Lib Pin  Reference Pin  Required(ns)  Actual(ns)  Slack(ns)  Location        Pin
Min Period        n/a     BUFG/I   n/a            1.592         10.000      8.408      BUFGCTRL_X0Y16  sysclk_i_IBUF_BUFG_inst/I
Min Period        n/a     FDRE/C   n/a            1.000         10.000      9.000      SLICE_X101Y63   FSM_sequential_S_UART_TX_reg[0]/C
Min Period        n/a     FDRE/C   n/a            1.000         10.000      9.000      SLICE_X101Y64   FSM_sequential_S_UART_TX_reg[1]/C
Min Period        n/a     FDRE/C   n/a            1.000         10.000      9.000      SLICE_X101Y66   delay_cnt_reg[0]/C
Min Period        n/a     FDRE/C   n/a            1.000         10.000      9.000      SLICE_X101Y66   delay_cnt_reg[1]/C
Min Period        n/a     FDRE/C   n/a            1.000         10.000      9.000      SLICE_X100Y65   delay_cnt_reg[2]/C
Min Period        n/a     FDRE/C   n/a            1.000         10.000      9.000      SLICE_X100Y65   delay_cnt_reg[3]/C
Min Period        n/a     FDRE/C   n/a            1.000         10.000      9.000      SLICE_X101Y66   delay_cnt_reg[4]/C
Min Period        n/a     FDRE/C   n/a            1.000         10.000      9.000      SLICE_X101Y66   delay_cnt_reg[5]/C
Min Period        n/a     FDRE/C   n/a            1.000         10.000      9.000      SLICE_X100Y66   delay_cnt_reg[6]/C
Low Pulse Width   Slow    FDRE/C   n/a            0.500         5.000       4.500      SLICE_X101Y63   FSM_sequential_S_UART_TX_reg[0]/C
Low Pulse Width   Fast    FDRE/C   n/a            0.500         5.000       4.500      SLICE_X101Y63   FSM_sequential_S_UART_TX_reg[0]/C
Low Pulse Width   Slow    FDRE/C   n/a            0.500         5.000       4.500      SLICE_X101Y64   FSM_sequential_S_UART_TX_reg[1]/C
Low Pulse Width   Fast    FDRE/C   n/a            0.500         5.000       4.500      SLICE_X101Y64   FSM_sequential_S_UART_TX_reg[1]/C
Low Pulse Width   Slow    FDRE/C   n/a            0.500         5.000       4.500      SLICE_X101Y66   delay_cnt_reg[0]/C
Low Pulse Width   Fast    FDRE/C   n/a            0.500         5.000       4.500      SLICE_X101Y66   delay_cnt_reg[0]/C
Low Pulse Width   Slow    FDRE/C   n/a            0.500         5.000       4.500      SLICE_X101Y66   delay_cnt_reg[1]/C
Low Pulse Width   Fast    FDRE/C   n/a            0.500         5.000       4.500      SLICE_X101Y66   delay_cnt_reg[1]/C
Low Pulse Width   Slow    FDRE/C   n/a            0.500         5.000       4.500      SLICE_X100Y65   delay_cnt_reg[2]/C
Low Pulse Width   Fast    FDRE/C   n/a            0.500         5.000       4.500      SLICE_X100Y65   delay_cnt_reg[2]/C
High Pulse Width  Slow    FDRE/C   n/a            0.500         5.000       4.500      SLICE_X101Y63   FSM_sequential_S_UART_TX_reg[0]/C
High Pulse Width  Fast    FDRE/C   n/a            0.500         5.000       4.500      SLICE_X101Y63   FSM_sequential_S_UART_TX_reg[0]/C
High Pulse Width  Slow    FDRE/C   n/a            0.500         5.000       4.500      SLICE_X101Y64   FSM_sequential_S_UART_TX_reg[1]/C
High Pulse Width  Fast    FDRE/C   n/a            0.500         5.000       4.500      SLICE_X101Y64   FSM_sequential_S_UART_TX_reg[1]/C
High Pulse Width  Slow    FDRE/C   n/a            0.500         5.000       4.500      SLICE_X101Y66   delay_cnt_reg[0]/C
High Pulse Width  Fast    FDRE/C   n/a            0.500         5.000       4.500      SLICE_X101Y66   delay_cnt_reg[0]/C
High Pulse Width  Slow    FDRE/C   n/a            0.500         5.000       4.500      SLICE_X101Y66   delay_cnt_reg[1]/C
High Pulse Width  Fast    FDRE/C   n/a            0.500         5.000       4.500      SLICE_X101Y66   delay_cnt_reg[1]/C
High Pulse Width  Slow    FDRE/C   n/a            0.500         5.000       4.500      SLICE_X100Y65   delay_cnt_reg[2]/C
High Pulse Width  Fast    FDRE/C   n/a            0.500         5.000       4.500      SLICE_X100Y65   delay_cnt_reg[2]/C



