Copyright 1986-2021 Xilinx, Inc. All Rights Reserved.
-------------------------------------------------------------------------------------
| Tool Version : Vivado v.2021.1 (win64) Build 3247384 Thu Jun 10 19:36:33 MDT 2021
| Date         : Fri Jul 31 17:11:11 2026
| Host         : DESKTOP-6T21VQQ running 64-bit major release  (build 9200)
| Command      : report_control_sets -verbose -file uart_top_control_sets_placed.rpt
| Design       : uart_top
| Device       : xc7z015
-------------------------------------------------------------------------------------

Control Set Information

Table of Contents
-----------------
1. Summary
2. Histogram
3. Flip-Flop Distribution
4. Detailed Control Set Information

1. Summary
----------

+----------------------------------------------------------+-------+
|                          Status                          | Count |
+----------------------------------------------------------+-------+
| Total control sets                                       |     9 |
|    Minimum number of control sets                        |     9 |
|    Addition due to synthesis replication                 |     0 |
|    Addition due to physical synthesis replication        |     0 |
| Unused register locations in slices containing registers |    31 |
+----------------------------------------------------------+-------+
* Control sets can be merged at opt_design using control_set_merge or merge_equivalent_drivers
** Run report_qor_suggestions for automated merging and remapping suggestions


2. Histogram
------------

+--------------------+-------+
|       Fanout       | Count |
+--------------------+-------+
| Total control sets |     9 |
| >= 0 to < 4        |     0 |
| >= 4 to < 6        |     2 |
| >= 6 to < 8        |     2 |
| >= 8 to < 10       |     0 |
| >= 10 to < 12      |     2 |
| >= 12 to < 14      |     0 |
| >= 14 to < 16      |     0 |
| >= 16              |     3 |
+--------------------+-------+
* Control sets can be remapped at either synth_design or opt_design


3. Flip-Flop Distribution
-------------------------

+--------------+-----------------------+------------------------+-----------------+--------------+
| Clock Enable | Synchronous Set/Reset | Asynchronous Set/Reset | Total Registers | Total Slices |
+--------------+-----------------------+------------------------+-----------------+--------------+
| No           | No                    | No                     |               6 |            5 |
| No           | No                    | Yes                    |               0 |            0 |
| No           | Yes                   | No                     |              20 |            5 |
| Yes          | No                    | No                     |              26 |            6 |
| Yes          | No                    | Yes                    |               0 |            0 |
| Yes          | Yes                   | No                     |              45 |           11 |
+--------------+-----------------------+------------------------+-----------------+--------------+


4. Detailed Control Set Information
-----------------------------------

+---------------------+--------------------------------------+----------------------------------+------------------+----------------+--------------+
|     Clock Signal    |             Enable Signal            |         Set/Reset Signal         | Slice Load Count | Bel Load Count | Bels / Slice |
+---------------------+--------------------------------------+----------------------------------+------------------+----------------+--------------+
|  sysclk_i_IBUF_BUFG | uart_tx_inst/tx_cnt0                 | uart_tx_inst/tx_cnt[3]_i_1_n_0   |                1 |              4 |         4.00 |
|  sysclk_i_IBUF_BUFG | tx_index                             | tx_index[3]_i_1_n_0              |                1 |              4 |         4.00 |
|  sysclk_i_IBUF_BUFG |                                      |                                  |                5 |              6 |         1.20 |
|  sysclk_i_IBUF_BUFG | uart_tx_inst/E[0]                    | tx_index[3]_i_1_n_0              |                1 |              7 |         7.00 |
|  sysclk_i_IBUF_BUFG | uart_tx_inst/uart_wdata_r[8]_i_1_n_0 |                                  |                2 |             10 |         5.00 |
|  sysclk_i_IBUF_BUFG | delay_cnt                            | tx_index[3]_i_1_n_0              |                3 |             10 |         3.33 |
|  sysclk_i_IBUF_BUFG | tx_index[3]_i_1_n_0                  |                                  |                4 |             16 |         4.00 |
|  sysclk_i_IBUF_BUFG |                                      | uart_tx_inst/baud_div[0]_i_1_n_0 |                5 |             20 |         4.00 |
|  sysclk_i_IBUF_BUFG | t1ms_cnt                             | tx_index[3]_i_1_n_0              |                5 |             20 |         4.00 |
+---------------------+--------------------------------------+----------------------------------+------------------+----------------+--------------+


