C51 COMPILER V9.54   MAIN                                                                  07/17/2026 11:28:55 PAGE 1   


C51 COMPILER V9.54, COMPILATION OF MODULE MAIN
OBJECT MODULE PLACED IN .\Objects\main.obj
COMPILER INVOKED BY: D:\Keil_v5\C51\BIN\C51.EXE main.c OPTIMIZE(8,SPEED) BROWSE DEBUG OBJECTEXTEND PRINT(.\Listings\main
                    -.lst) OBJECT(.\Objects\main.obj)

line level    source

   1          #include <REGX52.H>
   2          
   3          void Delay(unsigned int xms)
   4          {
   5   1              unsigned char data i, j;
   6   1      
   7   1              while(xms){
   8   2                      i = 2;
   9   2                      j = 239;
  10   2                      do
  11   2                      {
  12   3                              while (--j);
  13   3                      } while (--i);
  14   2                      xms --;
  15   2              }
  16   1      }
  17          
  18          
  19          void main(){
  20   1              
  21   1              unsigned char ledNum = 0x00;
  22   1              
  23   1              P2 = ~0x01;
  24   1              
  25   1              while(1){
  26   2                      if(P3_0 == 0){
  27   3                              Delay(20);
  28   3                              while(P3_0 == 0);
  29   3                              Delay(20);
  30   3                              
  31   3                              if(ledNum == 7) ledNum = 0;
  32   3                              else ledNum++;
  33   3                              
  34   3                              P2 = ~(0x01 << ledNum);
  35   3                              
  36   3                              
  37   3                      }else if(P3_1 == 0){
  38   3                              Delay(20);
  39   3                              while(P3_1 == 0);
  40   3                              Delay(20);
  41   3                              
  42   3                              if(ledNum == 0) ledNum = 7;
  43   3                              else ledNum--;
  44   3                              
  45   3                              P2 = ~(0x01 << ledNum);
  46   3                              
  47   3                      }
  48   2              }
  49   1      }


MODULE INFORMATION:   STATIC OVERLAYABLE
   CODE SIZE        =    101    ----
   CONSTANT SIZE    =   ----    ----
C51 COMPILER V9.54   MAIN                                                                  07/17/2026 11:28:55 PAGE 2   

   XDATA SIZE       =   ----    ----
   PDATA SIZE       =   ----    ----
   DATA SIZE        =   ----    ----
   IDATA SIZE       =   ----    ----
   BIT SIZE         =   ----    ----
END OF MODULE INFORMATION.


C51 COMPILATION COMPLETE.  0 WARNING(S),  0 ERROR(S)
