BL51 BANKED LINKER/LOCATER V6.22                                                        07/17/2026  11:28:55  PAGE 1


BL51 BANKED LINKER/LOCATER V6.22, INVOKED BY:
D:\KEIL_V5\C51\BIN\BL51.EXE .\Objects\main.obj TO .\Objects\Project PRINT (.\Listings\Project.m51) RAMSIZE (256)


MEMORY MODEL: SMALL


INPUT MODULES INCLUDED:
  .\Objects\main.obj (MAIN)
  D:\KEIL_V5\C51\LIB\C51S.LIB (?C_STARTUP)


LINK MAP OF MODULE:  .\Objects\Project (MAIN)


            TYPE    BASE      LENGTH    RELOCATION   SEGMENT NAME
            -----------------------------------------------------

            * * * * * * *   D A T A   M E M O R Y   * * * * * * *
            REG     0000H     0008H     ABSOLUTE     "REG BANK 0"
            IDATA   0008H     0001H     UNIT         ?STACK

            * * * * * * *   C O D E   M E M O R Y   * * * * * * *
            CODE    0000H     0003H     ABSOLUTE     
                    0003H     07FDH                  *** GAP ***
            CODE    0800H     004DH     UNIT         ?PR?MAIN?MAIN
            CODE    084DH     0018H     UNIT         ?PR?_DELAY?MAIN
            CODE    0865H     000CH     UNIT         ?C_C51STARTUP



OVERLAY MAP OF MODULE:   .\Objects\Project (MAIN)


SEGMENT
  +--> CALLED SEGMENT
---------------------
?C_C51STARTUP
  +--> ?PR?MAIN?MAIN

?PR?MAIN?MAIN
  +--> ?PR?_DELAY?MAIN



SYMBOL TABLE OF MODULE:  .\Objects\Project (MAIN)

  VALUE           TYPE          NAME
  ----------------------------------

  -------         MODULE        MAIN
  C:0000H         SYMBOL        _ICE_DUMMY_
  D:00A0H         PUBLIC        P2
  B:00B0H.0       PUBLIC        P3_0
  B:00B0H.1       PUBLIC        P3_1
  C:0800H         PUBLIC        main
  C:0851H         PUBLIC        _Delay
  C:084DH         SYMBOL        L?0029
BL51 BANKED LINKER/LOCATER V6.22                                                      07/17/2026  11:28:55  PAGE 2


  -------         PROC          L?0028
  -------         ENDPROC       L?0028
  C:084DH         SYMBOL        L?0029
  -------         PROC          _DELAY
  D:0006H         SYMBOL        xms
  -------         DO            
  D:0005H         SYMBOL        i
  D:0004H         SYMBOL        j
  -------         ENDDO         
  C:0851H         LINE#         3
  C:0851H         LINE#         4
  C:0851H         LINE#         7
  C:0855H         LINE#         8
  C:0857H         LINE#         9
  C:0859H         LINE#         11
  C:0859H         LINE#         12
  C:085BH         LINE#         13
  C:085DH         LINE#         14
  C:0862H         LINE#         15
  C:0864H         LINE#         16
  -------         ENDPROC       _DELAY
  -------         PROC          MAIN
  -------         DO            
  D:0003H         SYMBOL        ledNum
  -------         ENDDO         
  C:0800H         LINE#         19
  C:0800H         LINE#         21
  C:0802H         LINE#         23
  C:0805H         LINE#         25
  C:0805H         LINE#         26
  C:0808H         LINE#         27
  C:080BH         LINE#         28
  C:080EH         LINE#         29
  C:0811H         LINE#         31
  C:0818H         LINE#         32
  C:0819H         LINE#         34
  C:0827H         LINE#         37
  C:082CH         LINE#         38
  C:082FH         LINE#         39
  C:0832H         LINE#         40
  C:0835H         LINE#         42
  C:083CH         LINE#         43
  C:083DH         LINE#         45
  C:084BH         LINE#         47
  C:084BH         LINE#         48
  -------         ENDPROC       MAIN
  -------         ENDMOD        MAIN

******************************************************************************
* RESTRICTED VERSION WITH 0800H BYTE CODE SIZE LIMIT; USED: 0065H BYTE ( 4%) *
******************************************************************************

Program Size: data=9.0 xdata=0 code=116
LINK/LOCATE RUN COMPLETE.  0 WARNING(S),  0 ERROR(S)
