#-----------------------------------------------------------
# Vivado v2021.1 (64-bit)
# SW Build 3247384 on Thu Jun 10 19:36:33 MDT 2021
# IP Build 3246043 on Fri Jun 11 00:30:35 MDT 2021
# Start of session at: Wed Jul 29 09:52:52 2026
# Process ID: 19016
# Current directory: D:/OneDrive/Desktop/FPGA/my_uart_tx
# Command line: vivado.exe -gui_launcher_event rodinguilauncherevent41252 D:\OneDrive\Desktop\FPGA\my_uart_tx\my_uart_tx.xpr
# Log file: D:/OneDrive/Desktop/FPGA/my_uart_tx/vivado.log
# Journal file: D:/OneDrive/Desktop/FPGA/my_uart_tx\vivado.jou
#-----------------------------------------------------------
start_gui
open_project D:/OneDrive/Desktop/FPGA/my_uart_tx/my_uart_tx.xpr
WARNING: [filemgmt 56-3] Default IP Output Path : Could not find the directory 'D:/OneDrive/Desktop/FPGA/my_uart_tx/my_uart_tx.gen/sources_1'.
Scanning sources...
Finished scanning sources
INFO: [IP_Flow 19-234] Refreshing IP repositories
INFO: [IP_Flow 19-1704] No user IP repositories specified
INFO: [IP_Flow 19-2313] Loaded Vivado IP repository 'E:/FPGA_Xilinx/Vivado/2021.1/data/ip'.
open_project: Time (s): cpu = 00:00:16 ; elapsed = 00:00:10 . Memory (MB): peak = 1244.031 ; gain = 0.000
update_compile_order -fileset sources_1
update_compile_order -fileset sim_1
launch_simulation
Command: launch_simulation 
INFO: [Vivado 12-12493] Simulation top is 'uart_tx'
INFO: [Vivado 12-5682] Launching behavioral simulation in 'D:/OneDrive/Desktop/FPGA/my_uart_tx/my_uart_tx.sim/sim_1/behav/xsim'
INFO: [SIM-utils-51] Simulation object is 'sim_1'
INFO: [SIM-utils-72] Using boost library from 'E:/FPGA_Xilinx/Vivado/2021.1/tps/boost_1_72_0'
INFO: [SIM-utils-54] Inspecting design source files for 'uart_tx' in fileset 'sim_1'...
INFO: [USF-XSim-97] Finding global include files...
INFO: [USF-XSim-98] Fetching design files from 'sim_1'...
INFO: [USF-XSim-2] XSim::Compile design
INFO: [USF-XSim-61] Executing 'COMPILE and ANALYZE' step in 'D:/OneDrive/Desktop/FPGA/my_uart_tx/my_uart_tx.sim/sim_1/behav/xsim'
"xvlog --incr --relax -prj uart_tx_vlog.prj"
INFO: [VRFC 10-2263] Analyzing Verilog file "D:/OneDrive/Desktop/FPGA/my_uart_tx/st/01_rtl/uart_tx.v" into library xil_defaultlib
INFO: [VRFC 10-311] analyzing module uart_tx
ERROR: [VRFC 10-5011] illegal character 'f' in decimal number 10'd3ff [D:/OneDrive/Desktop/FPGA/my_uart_tx/st/01_rtl/uart_tx.v:17]
ERROR: [VRFC 10-2865] module 'uart_tx' ignored due to previous errors [D:/OneDrive/Desktop/FPGA/my_uart_tx/st/01_rtl/uart_tx.v:1]
INFO: [USF-XSim-69] 'compile' step finished in '3' seconds
INFO: [USF-XSim-99] Step results log file:'D:/OneDrive/Desktop/FPGA/my_uart_tx/my_uart_tx.sim/sim_1/behav/xsim/xvlog.log'
ERROR: [USF-XSim-62] 'compile' step failed with error(s). Please check the Tcl console output or 'D:/OneDrive/Desktop/FPGA/my_uart_tx/my_uart_tx.sim/sim_1/behav/xsim/xvlog.log' file for more information.
ERROR: [Vivado 12-4473] Detected error while running simulation. Please correct the issue and retry this operation.
ERROR: [Common 17-39] 'launch_simulation' failed due to earlier errors.
launch_simulation
Command: launch_simulation 
INFO: [Vivado 12-12493] Simulation top is 'uart_tx'
INFO: [Vivado 12-5682] Launching behavioral simulation in 'D:/OneDrive/Desktop/FPGA/my_uart_tx/my_uart_tx.sim/sim_1/behav/xsim'
INFO: [SIM-utils-51] Simulation object is 'sim_1'
INFO: [SIM-utils-72] Using boost library from 'E:/FPGA_Xilinx/Vivado/2021.1/tps/boost_1_72_0'
INFO: [SIM-utils-54] Inspecting design source files for 'uart_tx' in fileset 'sim_1'...
INFO: [USF-XSim-97] Finding global include files...
INFO: [USF-XSim-98] Fetching design files from 'sim_1'...
INFO: [USF-XSim-2] XSim::Compile design
INFO: [USF-XSim-61] Executing 'COMPILE and ANALYZE' step in 'D:/OneDrive/Desktop/FPGA/my_uart_tx/my_uart_tx.sim/sim_1/behav/xsim'
"xvlog --incr --relax -prj uart_tx_vlog.prj"
INFO: [VRFC 10-2263] Analyzing Verilog file "D:/OneDrive/Desktop/FPGA/my_uart_tx/st/01_rtl/uart_tx.v" into library xil_defaultlib
INFO: [VRFC 10-311] analyzing module uart_tx
INFO: [USF-XSim-69] 'compile' step finished in '2' seconds
INFO: [USF-XSim-3] XSim::Elaborate design
INFO: [USF-XSim-61] Executing 'ELABORATE' step in 'D:/OneDrive/Desktop/FPGA/my_uart_tx/my_uart_tx.sim/sim_1/behav/xsim'
"xelab -wto 0ff354c0675f402eb1c26cfcf5526aeb --incr --debug typical --relax --mt 2 -L xil_defaultlib -L unisims_ver -L unimacro_ver -L secureip --snapshot uart_tx_behav xil_defaultlib.uart_tx xil_defaultlib.glbl -log elaborate.log"
Vivado Simulator v2021.1
Copyright 1986-1999, 2001-2021 Xilinx, Inc. All Rights Reserved.
Running: E:/FPGA_Xilinx/Vivado/2021.1/bin/unwrapped/win64.o/xelab.exe -wto 0ff354c0675f402eb1c26cfcf5526aeb --incr --debug typical --relax --mt 2 -L xil_defaultlib -L unisims_ver -L unimacro_ver -L secureip --snapshot uart_tx_behav xil_defaultlib.uart_tx xil_defaultlib.glbl -log elaborate.log 
Using 2 slave threads.
Starting static elaboration
Pass Through NonSizing Optimizer
Completed static elaboration
Starting simulation data flow analysis
WARNING: [XSIM 43-4100] "D:/OneDrive/Desktop/FPGA/my_uart_tx/my_uart_tx.sim/sim_1/behav/xsim/glbl.v" Line 6. Module glbl has a timescale but at least one module in design doesn't have timescale.
WARNING: [XSIM 43-4100] "D:/OneDrive/Desktop/FPGA/my_uart_tx/my_uart_tx.sim/sim_1/behav/xsim/glbl.v" Line 6. Module glbl has a timescale but at least one module in design doesn't have timescale.
Completed simulation data flow analysis
Time Resolution for simulation is 1ps
Compiling module xil_defaultlib.uart_tx
Compiling module xil_defaultlib.glbl
Built simulation snapshot uart_tx_behav

****** Webtalk v2021.1 (64-bit)
  **** SW Build 3247384 on Thu Jun 10 19:36:33 MDT 2021
  **** IP Build 3246043 on Fri Jun 11 00:30:35 MDT 2021
    ** Copyright 1986-2021 Xilinx, Inc. All Rights Reserved.

source D:/OneDrive/Desktop/FPGA/my_uart_tx/my_uart_tx.sim/sim_1/behav/xsim/xsim.dir/uart_tx_behav/webtalk/xsim_webtalk.tcl -notrace
INFO: [Common 17-206] Exiting Webtalk at Wed Jul 29 09:56:27 2026...
run_program: Time (s): cpu = 00:00:01 ; elapsed = 00:00:10 . Memory (MB): peak = 1244.031 ; gain = 0.000
INFO: [USF-XSim-69] 'elaborate' step finished in '10' seconds
INFO: [USF-XSim-4] XSim::Simulate design
INFO: [USF-XSim-61] Executing 'SIMULATE' step in 'D:/OneDrive/Desktop/FPGA/my_uart_tx/my_uart_tx.sim/sim_1/behav/xsim'
INFO: [USF-XSim-98] *** Running xsim
   with args "uart_tx_behav -key {Behavioral:sim_1:Functional:uart_tx} -tclbatch {uart_tx.tcl} -view {D:/OneDrive/Desktop/FPGA/my_uart_tx/tb_top_uart_tx_behav.wcfg} -log {simulate.log}"
INFO: [USF-XSim-8] Loading simulator feature
Time resolution is 1 ps
open_wave_config D:/OneDrive/Desktop/FPGA/my_uart_tx/tb_top_uart_tx_behav.wcfg
WARNING: Simulation object /tb_top_uart_tx/sysclk_i was not found in the design.
WARNING: Simulation object /tb_top_uart_tx/uart_wreq was not found in the design.
WARNING: Simulation object /tb_top_uart_tx/uatr_inst/clk_i was not found in the design.
WARNING: Simulation object /tb_top_uart_tx/uatr_inst/bps_en was not found in the design.
WARNING: Simulation object /tb_top_uart_tx/uatr_inst/uart_wreq_r was not found in the design.
WARNING: Simulation object /tb_top_uart_tx/uatr_inst/uart_wreq_i was not found in the design.
WARNING: Simulation object /tb_top_uart_tx/uatr_inst/baud_div was not found in the design.
source uart_tx.tcl
# set curr_wave [current_wave_config]
# if { [string length $curr_wave] == 0 } {
#   if { [llength [get_objects]] > 0} {
#     add_wave /
#     set_property needs_save false [current_wave_config]
#   } else {
#      send_msg_id Add_Wave-1 WARNING "No top level signals found. Simulator will start without a wave window. If you want to open a wave window go to 'File->New Waveform Configuration' or type 'create_wave_config' in the TCL console."
#   }
# }
# run 1000ns
INFO: [USF-XSim-96] XSim completed. Design snapshot 'uart_tx_behav' loaded.
INFO: [USF-XSim-97] XSim simulation ran for 1000ns
launch_simulation: Time (s): cpu = 00:00:05 ; elapsed = 00:00:15 . Memory (MB): peak = 1244.031 ; gain = 0.000
update_compile_order -fileset sim_1
relaunch_sim
Command: launch_simulation -simset sim_1 -mode behavioral
INFO: [Vivado 12-12493] Simulation top is 'tb_top_uart_tx'
INFO: [Vivado 12-5682] Launching behavioral simulation in 'D:/OneDrive/Desktop/FPGA/my_uart_tx/my_uart_tx.sim/sim_1/behav/xsim'
INFO: [SIM-utils-51] Simulation object is 'sim_1'
INFO: [SIM-utils-72] Using boost library from 'E:/FPGA_Xilinx/Vivado/2021.1/tps/boost_1_72_0'
INFO: [SIM-utils-54] Inspecting design source files for 'tb_top_uart_tx' in fileset 'sim_1'...
INFO: [USF-XSim-97] Finding global include files...
INFO: [USF-XSim-98] Fetching design files from 'sim_1'...
INFO: [USF-XSim-2] XSim::Compile design
INFO: [USF-XSim-61] Executing 'COMPILE and ANALYZE' step in 'D:/OneDrive/Desktop/FPGA/my_uart_tx/my_uart_tx.sim/sim_1/behav/xsim'
"xvlog --incr --relax -prj tb_top_uart_tx_vlog.prj"
INFO: [VRFC 10-2263] Analyzing Verilog file "D:/OneDrive/Desktop/FPGA/my_uart_tx/st/01_rtl/uart_tx.v" into library xil_defaultlib
INFO: [VRFC 10-311] analyzing module uart_tx
INFO: [VRFC 10-2263] Analyzing Verilog file "D:/OneDrive/Desktop/FPGA/my_uart_tx/st/02_sim/tb_top_uart_tx.v" into library xil_defaultlib
INFO: [VRFC 10-311] analyzing module tb_top_uart_tx
ERROR: [VRFC 10-4982] syntax error near '.' [D:/OneDrive/Desktop/FPGA/my_uart_tx/st/02_sim/tb_top_uart_tx.v:31]
WARNING: [VRFC 10-2292] extra semicolon is not allowed here in this dialect. Use SystemVerilog mode [D:/OneDrive/Desktop/FPGA/my_uart_tx/st/02_sim/tb_top_uart_tx.v:32]
ERROR: [VRFC 10-2865] module 'tb_top_uart_tx' ignored due to previous errors [D:/OneDrive/Desktop/FPGA/my_uart_tx/st/02_sim/tb_top_uart_tx.v:3]
INFO: [USF-XSim-69] 'compile' step finished in '3' seconds
INFO: [USF-XSim-99] Step results log file:'D:/OneDrive/Desktop/FPGA/my_uart_tx/my_uart_tx.sim/sim_1/behav/xsim/xvlog.log'
ERROR: [USF-XSim-62] 'compile' step failed with error(s). Please check the Tcl console output or 'D:/OneDrive/Desktop/FPGA/my_uart_tx/my_uart_tx.sim/sim_1/behav/xsim/xvlog.log' file for more information.
ERROR: [Vivado 12-4473] Detected error while running simulation. Please correct the issue and retry this operation.
ERROR: [Common 17-39] 'launch_simulation' failed due to earlier errors.
ERROR: [Common 17-69] Command failed: ERROR: [Common 17-39] 'launch_simulation' failed due to earlier errors.

relaunch_sim
Command: launch_simulation -simset sim_1 -mode behavioral
INFO: [Vivado 12-12493] Simulation top is 'tb_top_uart_tx'
INFO: [Vivado 12-5682] Launching behavioral simulation in 'D:/OneDrive/Desktop/FPGA/my_uart_tx/my_uart_tx.sim/sim_1/behav/xsim'
INFO: [SIM-utils-51] Simulation object is 'sim_1'
INFO: [SIM-utils-72] Using boost library from 'E:/FPGA_Xilinx/Vivado/2021.1/tps/boost_1_72_0'
INFO: [SIM-utils-54] Inspecting design source files for 'tb_top_uart_tx' in fileset 'sim_1'...
INFO: [USF-XSim-97] Finding global include files...
INFO: [USF-XSim-98] Fetching design files from 'sim_1'...
INFO: [USF-XSim-2] XSim::Compile design
INFO: [USF-XSim-61] Executing 'COMPILE and ANALYZE' step in 'D:/OneDrive/Desktop/FPGA/my_uart_tx/my_uart_tx.sim/sim_1/behav/xsim'
"xvlog --incr --relax -prj tb_top_uart_tx_vlog.prj"
INFO: [VRFC 10-2263] Analyzing Verilog file "D:/OneDrive/Desktop/FPGA/my_uart_tx/st/01_rtl/uart_tx.v" into library xil_defaultlib
INFO: [VRFC 10-311] analyzing module uart_tx
INFO: [VRFC 10-2263] Analyzing Verilog file "D:/OneDrive/Desktop/FPGA/my_uart_tx/st/02_sim/tb_top_uart_tx.v" into library xil_defaultlib
INFO: [VRFC 10-311] analyzing module tb_top_uart_tx
ERROR: [VRFC 10-4982] syntax error near '.' [D:/OneDrive/Desktop/FPGA/my_uart_tx/st/02_sim/tb_top_uart_tx.v:30]
WARNING: [VRFC 10-2292] extra semicolon is not allowed here in this dialect. Use SystemVerilog mode [D:/OneDrive/Desktop/FPGA/my_uart_tx/st/02_sim/tb_top_uart_tx.v:31]
ERROR: [VRFC 10-2865] module 'tb_top_uart_tx' ignored due to previous errors [D:/OneDrive/Desktop/FPGA/my_uart_tx/st/02_sim/tb_top_uart_tx.v:3]
INFO: [USF-XSim-69] 'compile' step finished in '3' seconds
INFO: [USF-XSim-99] Step results log file:'D:/OneDrive/Desktop/FPGA/my_uart_tx/my_uart_tx.sim/sim_1/behav/xsim/xvlog.log'
ERROR: [USF-XSim-62] 'compile' step failed with error(s). Please check the Tcl console output or 'D:/OneDrive/Desktop/FPGA/my_uart_tx/my_uart_tx.sim/sim_1/behav/xsim/xvlog.log' file for more information.
ERROR: [Vivado 12-4473] Detected error while running simulation. Please correct the issue and retry this operation.
ERROR: [Common 17-39] 'launch_simulation' failed due to earlier errors.
ERROR: [Common 17-69] Command failed: ERROR: [Common 17-39] 'launch_simulation' failed due to earlier errors.

relaunch_sim
Command: launch_simulation -simset sim_1 -mode behavioral
INFO: [Vivado 12-12493] Simulation top is 'tb_top_uart_tx'
INFO: [Vivado 12-5682] Launching behavioral simulation in 'D:/OneDrive/Desktop/FPGA/my_uart_tx/my_uart_tx.sim/sim_1/behav/xsim'
INFO: [SIM-utils-51] Simulation object is 'sim_1'
INFO: [SIM-utils-72] Using boost library from 'E:/FPGA_Xilinx/Vivado/2021.1/tps/boost_1_72_0'
INFO: [SIM-utils-54] Inspecting design source files for 'tb_top_uart_tx' in fileset 'sim_1'...
INFO: [USF-XSim-97] Finding global include files...
INFO: [USF-XSim-98] Fetching design files from 'sim_1'...
INFO: [USF-XSim-2] XSim::Compile design
INFO: [USF-XSim-61] Executing 'COMPILE and ANALYZE' step in 'D:/OneDrive/Desktop/FPGA/my_uart_tx/my_uart_tx.sim/sim_1/behav/xsim'
"xvlog --incr --relax -prj tb_top_uart_tx_vlog.prj"
INFO: [VRFC 10-2263] Analyzing Verilog file "D:/OneDrive/Desktop/FPGA/my_uart_tx/st/01_rtl/uart_tx.v" into library xil_defaultlib
INFO: [VRFC 10-311] analyzing module uart_tx
INFO: [VRFC 10-2263] Analyzing Verilog file "D:/OneDrive/Desktop/FPGA/my_uart_tx/st/02_sim/tb_top_uart_tx.v" into library xil_defaultlib
INFO: [VRFC 10-311] analyzing module tb_top_uart_tx
INFO: [USF-XSim-69] 'compile' step finished in '2' seconds
Command: launch_simulation -simset sim_1 -mode behavioral
INFO: [Vivado 12-12493] Simulation top is 'tb_top_uart_tx'
INFO: [Vivado 12-5682] Launching behavioral simulation in 'D:/OneDrive/Desktop/FPGA/my_uart_tx/my_uart_tx.sim/sim_1/behav/xsim'
INFO: [USF-XSim-3] XSim::Elaborate design
INFO: [USF-XSim-61] Executing 'ELABORATE' step in 'D:/OneDrive/Desktop/FPGA/my_uart_tx/my_uart_tx.sim/sim_1/behav/xsim'
"xelab -wto 0ff354c0675f402eb1c26cfcf5526aeb --incr --debug typical --relax --mt 2 -L xil_defaultlib -L unisims_ver -L unimacro_ver -L secureip --snapshot tb_top_uart_tx_behav xil_defaultlib.tb_top_uart_tx xil_defaultlib.glbl -log elaborate.log"
Vivado Simulator v2021.1
Copyright 1986-1999, 2001-2021 Xilinx, Inc. All Rights Reserved.
Running: E:/FPGA_Xilinx/Vivado/2021.1/bin/unwrapped/win64.o/xelab.exe -wto 0ff354c0675f402eb1c26cfcf5526aeb --incr --debug typical --relax --mt 2 -L xil_defaultlib -L unisims_ver -L unimacro_ver -L secureip --snapshot tb_top_uart_tx_behav xil_defaultlib.tb_top_uart_tx xil_defaultlib.glbl -log elaborate.log 
Using 2 slave threads.
Starting static elaboration
Pass Through NonSizing Optimizer
Completed static elaboration
Starting simulation data flow analysis
WARNING: [XSIM 43-4099] "D:/OneDrive/Desktop/FPGA/my_uart_tx/st/01_rtl/uart_tx.v" Line 1. Module uart_tx(BAUD_DIV=867) doesn't have a timescale but at least one module in design has a timescale.
WARNING: [XSIM 43-4099] "D:/OneDrive/Desktop/FPGA/my_uart_tx/st/01_rtl/uart_tx.v" Line 1. Module uart_tx(BAUD_DIV=867) doesn't have a timescale but at least one module in design has a timescale.
Completed simulation data flow analysis
Time Resolution for simulation is 1ps
Compiling module xil_defaultlib.uart_tx(BAUD_DIV=867)
Compiling module xil_defaultlib.tb_top_uart_tx
Compiling module xil_defaultlib.glbl
Built simulation snapshot tb_top_uart_tx_behav

****** Webtalk v2021.1 (64-bit)
  **** SW Build 3247384 on Thu Jun 10 19:36:33 MDT 2021
  **** IP Build 3246043 on Fri Jun 11 00:30:35 MDT 2021
    ** Copyright 1986-2021 Xilinx, Inc. All Rights Reserved.

source D:/OneDrive/Desktop/FPGA/my_uart_tx/my_uart_tx.sim/sim_1/behav/xsim/xsim.dir/tb_top_uart_tx_behav/webtalk/xsim_webtalk.tcl -notrace
INFO: [Common 17-206] Exiting Webtalk at Wed Jul 29 10:00:42 2026...
INFO: [USF-XSim-69] 'elaborate' step finished in '5' seconds
Time resolution is 1 ps
relaunch_sim: Time (s): cpu = 00:00:01 ; elapsed = 00:00:08 . Memory (MB): peak = 1244.031 ; gain = 0.000
close_sim
INFO: [Simtcl 6-16] Simulation closed
launch_simulation
Command: launch_simulation 
INFO: [Vivado 12-12493] Simulation top is 'tb_top_uart_tx'
INFO: [Vivado 12-5682] Launching behavioral simulation in 'D:/OneDrive/Desktop/FPGA/my_uart_tx/my_uart_tx.sim/sim_1/behav/xsim'
INFO: [SIM-utils-51] Simulation object is 'sim_1'
INFO: [SIM-utils-72] Using boost library from 'E:/FPGA_Xilinx/Vivado/2021.1/tps/boost_1_72_0'
INFO: [SIM-utils-54] Inspecting design source files for 'tb_top_uart_tx' in fileset 'sim_1'...
INFO: [USF-XSim-97] Finding global include files...
INFO: [USF-XSim-98] Fetching design files from 'sim_1'...
INFO: [USF-XSim-2] XSim::Compile design
INFO: [USF-XSim-61] Executing 'COMPILE and ANALYZE' step in 'D:/OneDrive/Desktop/FPGA/my_uart_tx/my_uart_tx.sim/sim_1/behav/xsim'
"xvlog --incr --relax -prj tb_top_uart_tx_vlog.prj"
INFO: [USF-XSim-69] 'compile' step finished in '2' seconds
INFO: [USF-XSim-3] XSim::Elaborate design
INFO: [USF-XSim-61] Executing 'ELABORATE' step in 'D:/OneDrive/Desktop/FPGA/my_uart_tx/my_uart_tx.sim/sim_1/behav/xsim'
"xelab -wto 0ff354c0675f402eb1c26cfcf5526aeb --incr --debug typical --relax --mt 2 -L xil_defaultlib -L unisims_ver -L unimacro_ver -L secureip --snapshot tb_top_uart_tx_behav xil_defaultlib.tb_top_uart_tx xil_defaultlib.glbl -log elaborate.log"
Vivado Simulator v2021.1
Copyright 1986-1999, 2001-2021 Xilinx, Inc. All Rights Reserved.
Running: E:/FPGA_Xilinx/Vivado/2021.1/bin/unwrapped/win64.o/xelab.exe -wto 0ff354c0675f402eb1c26cfcf5526aeb --incr --debug typical --relax --mt 2 -L xil_defaultlib -L unisims_ver -L unimacro_ver -L secureip --snapshot tb_top_uart_tx_behav xil_defaultlib.tb_top_uart_tx xil_defaultlib.glbl -log elaborate.log 
Using 2 slave threads.
Starting static elaboration
Pass Through NonSizing Optimizer
Completed static elaboration
INFO: [XSIM 43-4323] No Change in HDL. Linking previously generated obj files to create kernel
INFO: [USF-XSim-69] 'elaborate' step finished in '2' seconds
INFO: [USF-XSim-4] XSim::Simulate design
INFO: [USF-XSim-61] Executing 'SIMULATE' step in 'D:/OneDrive/Desktop/FPGA/my_uart_tx/my_uart_tx.sim/sim_1/behav/xsim'
INFO: [USF-XSim-98] *** Running xsim
   with args "tb_top_uart_tx_behav -key {Behavioral:sim_1:Functional:tb_top_uart_tx} -tclbatch {tb_top_uart_tx.tcl} -view {D:/OneDrive/Desktop/FPGA/my_uart_tx/tb_top_uart_tx_behav.wcfg} -log {simulate.log}"
INFO: [USF-XSim-8] Loading simulator feature
Time resolution is 1 ps
open_wave_config D:/OneDrive/Desktop/FPGA/my_uart_tx/tb_top_uart_tx_behav.wcfg
source tb_top_uart_tx.tcl
# set curr_wave [current_wave_config]
# if { [string length $curr_wave] == 0 } {
#   if { [llength [get_objects]] > 0} {
#     add_wave /
#     set_property needs_save false [current_wave_config]
#   } else {
#      send_msg_id Add_Wave-1 WARNING "No top level signals found. Simulator will start without a wave window. If you want to open a wave window go to 'File->New Waveform Configuration' or type 'create_wave_config' in the TCL console."
#   }
# }
# run 1000ns
INFO: [USF-XSim-96] XSim completed. Design snapshot 'tb_top_uart_tx_behav' loaded.
INFO: [USF-XSim-97] XSim simulation ran for 1000ns
launch_simulation: Time (s): cpu = 00:00:03 ; elapsed = 00:00:07 . Memory (MB): peak = 1244.031 ; gain = 0.000
relaunch_sim
Command: launch_simulation -simset sim_1 -mode behavioral
INFO: [Vivado 12-12493] Simulation top is 'tb_top_uart_tx'
INFO: [Vivado 12-5682] Launching behavioral simulation in 'D:/OneDrive/Desktop/FPGA/my_uart_tx/my_uart_tx.sim/sim_1/behav/xsim'
INFO: [SIM-utils-51] Simulation object is 'sim_1'
INFO: [SIM-utils-72] Using boost library from 'E:/FPGA_Xilinx/Vivado/2021.1/tps/boost_1_72_0'
INFO: [SIM-utils-54] Inspecting design source files for 'tb_top_uart_tx' in fileset 'sim_1'...
INFO: [USF-XSim-97] Finding global include files...
INFO: [USF-XSim-98] Fetching design files from 'sim_1'...
INFO: [USF-XSim-2] XSim::Compile design
INFO: [USF-XSim-61] Executing 'COMPILE and ANALYZE' step in 'D:/OneDrive/Desktop/FPGA/my_uart_tx/my_uart_tx.sim/sim_1/behav/xsim'
"xvlog --incr --relax -prj tb_top_uart_tx_vlog.prj"
INFO: [USF-XSim-69] 'compile' step finished in '2' seconds
Command: launch_simulation -simset sim_1 -mode behavioral
INFO: [Vivado 12-12493] Simulation top is 'tb_top_uart_tx'
INFO: [Vivado 12-5682] Launching behavioral simulation in 'D:/OneDrive/Desktop/FPGA/my_uart_tx/my_uart_tx.sim/sim_1/behav/xsim'
INFO: [USF-XSim-3] XSim::Elaborate design
INFO: [USF-XSim-61] Executing 'ELABORATE' step in 'D:/OneDrive/Desktop/FPGA/my_uart_tx/my_uart_tx.sim/sim_1/behav/xsim'
"xelab -wto 0ff354c0675f402eb1c26cfcf5526aeb --incr --debug typical --relax --mt 2 -L xil_defaultlib -L unisims_ver -L unimacro_ver -L secureip --snapshot tb_top_uart_tx_behav xil_defaultlib.tb_top_uart_tx xil_defaultlib.glbl -log elaborate.log"
Vivado Simulator v2021.1
Copyright 1986-1999, 2001-2021 Xilinx, Inc. All Rights Reserved.
Running: E:/FPGA_Xilinx/Vivado/2021.1/bin/unwrapped/win64.o/xelab.exe -wto 0ff354c0675f402eb1c26cfcf5526aeb --incr --debug typical --relax --mt 2 -L xil_defaultlib -L unisims_ver -L unimacro_ver -L secureip --snapshot tb_top_uart_tx_behav xil_defaultlib.tb_top_uart_tx xil_defaultlib.glbl -log elaborate.log 
Using 2 slave threads.
Starting static elaboration
Pass Through NonSizing Optimizer
Completed static elaboration
INFO: [XSIM 43-4323] No Change in HDL. Linking previously generated obj files to create kernel
INFO: [USF-XSim-69] 'elaborate' step finished in '3' seconds
Time resolution is 1 ps
relaunch_sim: Time (s): cpu = 00:00:01 ; elapsed = 00:00:09 . Memory (MB): peak = 1244.031 ; gain = 0.000
update_compile_order -fileset sim_1
update_compile_order -fileset sim_1
relaunch_sim
Command: launch_simulation -simset sim_1 -mode behavioral
INFO: [Vivado 12-12493] Simulation top is 'tb_top_uart_tx'
INFO: [Vivado 12-5682] Launching behavioral simulation in 'D:/OneDrive/Desktop/FPGA/my_uart_tx/my_uart_tx.sim/sim_1/behav/xsim'
INFO: [SIM-utils-51] Simulation object is 'sim_1'
INFO: [SIM-utils-72] Using boost library from 'E:/FPGA_Xilinx/Vivado/2021.1/tps/boost_1_72_0'
INFO: [SIM-utils-54] Inspecting design source files for 'tb_top_uart_tx' in fileset 'sim_1'...
INFO: [USF-XSim-97] Finding global include files...
INFO: [USF-XSim-98] Fetching design files from 'sim_1'...
INFO: [USF-XSim-2] XSim::Compile design
INFO: [USF-XSim-61] Executing 'COMPILE and ANALYZE' step in 'D:/OneDrive/Desktop/FPGA/my_uart_tx/my_uart_tx.sim/sim_1/behav/xsim'
"xvlog --incr --relax -prj tb_top_uart_tx_vlog.prj"
INFO: [VRFC 10-2263] Analyzing Verilog file "D:/OneDrive/Desktop/FPGA/my_uart_tx/st/01_rtl/uart_tx.v" into library xil_defaultlib
INFO: [VRFC 10-311] analyzing module uart_tx
INFO: [VRFC 10-2263] Analyzing Verilog file "D:/OneDrive/Desktop/FPGA/my_uart_tx/st/02_sim/tb_top_uart_tx.v" into library xil_defaultlib
INFO: [VRFC 10-311] analyzing module tb_top_uart_tx
ERROR: [VRFC 10-4982] syntax error near ';' [D:/OneDrive/Desktop/FPGA/my_uart_tx/st/02_sim/tb_top_uart_tx.v:59]
ERROR: [VRFC 10-2865] module 'tb_top_uart_tx' ignored due to previous errors [D:/OneDrive/Desktop/FPGA/my_uart_tx/st/02_sim/tb_top_uart_tx.v:3]
INFO: [USF-XSim-69] 'compile' step finished in '2' seconds
INFO: [USF-XSim-99] Step results log file:'D:/OneDrive/Desktop/FPGA/my_uart_tx/my_uart_tx.sim/sim_1/behav/xsim/xvlog.log'
ERROR: [USF-XSim-62] 'compile' step failed with error(s). Please check the Tcl console output or 'D:/OneDrive/Desktop/FPGA/my_uart_tx/my_uart_tx.sim/sim_1/behav/xsim/xvlog.log' file for more information.
ERROR: [Vivado 12-4473] Detected error while running simulation. Please correct the issue and retry this operation.
ERROR: [Common 17-39] 'launch_simulation' failed due to earlier errors.
ERROR: [Common 17-69] Command failed: ERROR: [Common 17-39] 'launch_simulation' failed due to earlier errors.

relaunch_sim
Command: launch_simulation -simset sim_1 -mode behavioral
INFO: [Vivado 12-12493] Simulation top is 'tb_top_uart_tx'
INFO: [Vivado 12-5682] Launching behavioral simulation in 'D:/OneDrive/Desktop/FPGA/my_uart_tx/my_uart_tx.sim/sim_1/behav/xsim'
INFO: [SIM-utils-51] Simulation object is 'sim_1'
INFO: [SIM-utils-72] Using boost library from 'E:/FPGA_Xilinx/Vivado/2021.1/tps/boost_1_72_0'
INFO: [SIM-utils-54] Inspecting design source files for 'tb_top_uart_tx' in fileset 'sim_1'...
INFO: [USF-XSim-97] Finding global include files...
INFO: [USF-XSim-98] Fetching design files from 'sim_1'...
INFO: [USF-XSim-2] XSim::Compile design
INFO: [USF-XSim-61] Executing 'COMPILE and ANALYZE' step in 'D:/OneDrive/Desktop/FPGA/my_uart_tx/my_uart_tx.sim/sim_1/behav/xsim'
"xvlog --incr --relax -prj tb_top_uart_tx_vlog.prj"
INFO: [VRFC 10-2263] Analyzing Verilog file "D:/OneDrive/Desktop/FPGA/my_uart_tx/st/01_rtl/uart_tx.v" into library xil_defaultlib
INFO: [VRFC 10-311] analyzing module uart_tx
INFO: [VRFC 10-2263] Analyzing Verilog file "D:/OneDrive/Desktop/FPGA/my_uart_tx/st/02_sim/tb_top_uart_tx.v" into library xil_defaultlib
INFO: [VRFC 10-311] analyzing module tb_top_uart_tx
INFO: [USF-XSim-69] 'compile' step finished in '3' seconds
Command: launch_simulation -simset sim_1 -mode behavioral
INFO: [Vivado 12-12493] Simulation top is 'tb_top_uart_tx'
INFO: [Vivado 12-5682] Launching behavioral simulation in 'D:/OneDrive/Desktop/FPGA/my_uart_tx/my_uart_tx.sim/sim_1/behav/xsim'
INFO: [USF-XSim-3] XSim::Elaborate design
INFO: [USF-XSim-61] Executing 'ELABORATE' step in 'D:/OneDrive/Desktop/FPGA/my_uart_tx/my_uart_tx.sim/sim_1/behav/xsim'
"xelab -wto 0ff354c0675f402eb1c26cfcf5526aeb --incr --debug typical --relax --mt 2 -L xil_defaultlib -L unisims_ver -L unimacro_ver -L secureip --snapshot tb_top_uart_tx_behav xil_defaultlib.tb_top_uart_tx xil_defaultlib.glbl -log elaborate.log"
Vivado Simulator v2021.1
Copyright 1986-1999, 2001-2021 Xilinx, Inc. All Rights Reserved.
Running: E:/FPGA_Xilinx/Vivado/2021.1/bin/unwrapped/win64.o/xelab.exe -wto 0ff354c0675f402eb1c26cfcf5526aeb --incr --debug typical --relax --mt 2 -L xil_defaultlib -L unisims_ver -L unimacro_ver -L secureip --snapshot tb_top_uart_tx_behav xil_defaultlib.tb_top_uart_tx xil_defaultlib.glbl -log elaborate.log 
Using 2 slave threads.
Starting static elaboration
Pass Through NonSizing Optimizer
Completed static elaboration
Starting simulation data flow analysis
WARNING: [XSIM 43-4099] "D:/OneDrive/Desktop/FPGA/my_uart_tx/st/01_rtl/uart_tx.v" Line 1. Module uart_tx(BAUD_DIV=867) doesn't have a timescale but at least one module in design has a timescale.
WARNING: [XSIM 43-4099] "D:/OneDrive/Desktop/FPGA/my_uart_tx/st/01_rtl/uart_tx.v" Line 1. Module uart_tx(BAUD_DIV=867) doesn't have a timescale but at least one module in design has a timescale.
Completed simulation data flow analysis
Time Resolution for simulation is 1ps
Compiling module xil_defaultlib.uart_tx(BAUD_DIV=867)
Compiling module xil_defaultlib.tb_top_uart_tx
Compiling module xil_defaultlib.glbl
Built simulation snapshot tb_top_uart_tx_behav
INFO: [USF-XSim-69] 'elaborate' step finished in '3' seconds
Time resolution is 1 ps
relaunch_sim: Time (s): cpu = 00:00:01 ; elapsed = 00:00:07 . Memory (MB): peak = 1244.031 ; gain = 0.000
run 10 ms
run: Time (s): cpu = 00:00:07 ; elapsed = 00:00:07 . Memory (MB): peak = 1244.031 ; gain = 0.000
relaunch_sim
Command: launch_simulation -simset sim_1 -mode behavioral
INFO: [Vivado 12-12493] Simulation top is 'tb_top_uart_tx'
INFO: [Vivado 12-5682] Launching behavioral simulation in 'D:/OneDrive/Desktop/FPGA/my_uart_tx/my_uart_tx.sim/sim_1/behav/xsim'
INFO: [SIM-utils-51] Simulation object is 'sim_1'
INFO: [SIM-utils-72] Using boost library from 'E:/FPGA_Xilinx/Vivado/2021.1/tps/boost_1_72_0'
INFO: [SIM-utils-54] Inspecting design source files for 'tb_top_uart_tx' in fileset 'sim_1'...
INFO: [USF-XSim-97] Finding global include files...
INFO: [USF-XSim-98] Fetching design files from 'sim_1'...
INFO: [USF-XSim-2] XSim::Compile design
INFO: [USF-XSim-61] Executing 'COMPILE and ANALYZE' step in 'D:/OneDrive/Desktop/FPGA/my_uart_tx/my_uart_tx.sim/sim_1/behav/xsim'
"xvlog --incr --relax -prj tb_top_uart_tx_vlog.prj"
INFO: [USF-XSim-69] 'compile' step finished in '2' seconds
Command: launch_simulation -simset sim_1 -mode behavioral
INFO: [Vivado 12-12493] Simulation top is 'tb_top_uart_tx'
INFO: [Vivado 12-5682] Launching behavioral simulation in 'D:/OneDrive/Desktop/FPGA/my_uart_tx/my_uart_tx.sim/sim_1/behav/xsim'
INFO: [USF-XSim-3] XSim::Elaborate design
INFO: [USF-XSim-61] Executing 'ELABORATE' step in 'D:/OneDrive/Desktop/FPGA/my_uart_tx/my_uart_tx.sim/sim_1/behav/xsim'
"xelab -wto 0ff354c0675f402eb1c26cfcf5526aeb --incr --debug typical --relax --mt 2 -L xil_defaultlib -L unisims_ver -L unimacro_ver -L secureip --snapshot tb_top_uart_tx_behav xil_defaultlib.tb_top_uart_tx xil_defaultlib.glbl -log elaborate.log"
Vivado Simulator v2021.1
Copyright 1986-1999, 2001-2021 Xilinx, Inc. All Rights Reserved.
Running: E:/FPGA_Xilinx/Vivado/2021.1/bin/unwrapped/win64.o/xelab.exe -wto 0ff354c0675f402eb1c26cfcf5526aeb --incr --debug typical --relax --mt 2 -L xil_defaultlib -L unisims_ver -L unimacro_ver -L secureip --snapshot tb_top_uart_tx_behav xil_defaultlib.tb_top_uart_tx xil_defaultlib.glbl -log elaborate.log 
Using 2 slave threads.
Starting static elaboration
Pass Through NonSizing Optimizer
Completed static elaboration
INFO: [XSIM 43-4323] No Change in HDL. Linking previously generated obj files to create kernel
INFO: [USF-XSim-69] 'elaborate' step finished in '2' seconds
Time resolution is 1 ps
relaunch_sim: Time (s): cpu = 00:00:01 ; elapsed = 00:00:08 . Memory (MB): peak = 1244.031 ; gain = 0.000
relaunch_sim
Command: launch_simulation -simset sim_1 -mode behavioral
INFO: [Vivado 12-12493] Simulation top is 'tb_top_uart_tx'
INFO: [Vivado 12-5682] Launching behavioral simulation in 'D:/OneDrive/Desktop/FPGA/my_uart_tx/my_uart_tx.sim/sim_1/behav/xsim'
INFO: [SIM-utils-51] Simulation object is 'sim_1'
INFO: [SIM-utils-72] Using boost library from 'E:/FPGA_Xilinx/Vivado/2021.1/tps/boost_1_72_0'
INFO: [SIM-utils-54] Inspecting design source files for 'tb_top_uart_tx' in fileset 'sim_1'...
INFO: [USF-XSim-97] Finding global include files...
INFO: [USF-XSim-98] Fetching design files from 'sim_1'...
INFO: [USF-XSim-2] XSim::Compile design
INFO: [USF-XSim-61] Executing 'COMPILE and ANALYZE' step in 'D:/OneDrive/Desktop/FPGA/my_uart_tx/my_uart_tx.sim/sim_1/behav/xsim'
"xvlog --incr --relax -prj tb_top_uart_tx_vlog.prj"
INFO: [VRFC 10-2263] Analyzing Verilog file "D:/OneDrive/Desktop/FPGA/my_uart_tx/st/01_rtl/uart_tx.v" into library xil_defaultlib
INFO: [VRFC 10-311] analyzing module uart_tx
INFO: [VRFC 10-2263] Analyzing Verilog file "D:/OneDrive/Desktop/FPGA/my_uart_tx/st/02_sim/tb_top_uart_tx.v" into library xil_defaultlib
INFO: [VRFC 10-311] analyzing module tb_top_uart_tx
INFO: [USF-XSim-69] 'compile' step finished in '3' seconds
Command: launch_simulation -simset sim_1 -mode behavioral
INFO: [Vivado 12-12493] Simulation top is 'tb_top_uart_tx'
INFO: [Vivado 12-5682] Launching behavioral simulation in 'D:/OneDrive/Desktop/FPGA/my_uart_tx/my_uart_tx.sim/sim_1/behav/xsim'
INFO: [USF-XSim-3] XSim::Elaborate design
INFO: [USF-XSim-61] Executing 'ELABORATE' step in 'D:/OneDrive/Desktop/FPGA/my_uart_tx/my_uart_tx.sim/sim_1/behav/xsim'
"xelab -wto 0ff354c0675f402eb1c26cfcf5526aeb --incr --debug typical --relax --mt 2 -L xil_defaultlib -L unisims_ver -L unimacro_ver -L secureip --snapshot tb_top_uart_tx_behav xil_defaultlib.tb_top_uart_tx xil_defaultlib.glbl -log elaborate.log"
Vivado Simulator v2021.1
Copyright 1986-1999, 2001-2021 Xilinx, Inc. All Rights Reserved.
Running: E:/FPGA_Xilinx/Vivado/2021.1/bin/unwrapped/win64.o/xelab.exe -wto 0ff354c0675f402eb1c26cfcf5526aeb --incr --debug typical --relax --mt 2 -L xil_defaultlib -L unisims_ver -L unimacro_ver -L secureip --snapshot tb_top_uart_tx_behav xil_defaultlib.tb_top_uart_tx xil_defaultlib.glbl -log elaborate.log 
Using 2 slave threads.
Starting static elaboration
Pass Through NonSizing Optimizer
Completed static elaboration
Starting simulation data flow analysis
WARNING: [XSIM 43-4099] "D:/OneDrive/Desktop/FPGA/my_uart_tx/st/01_rtl/uart_tx.v" Line 1. Module uart_tx(BAUD_DIV=867) doesn't have a timescale but at least one module in design has a timescale.
WARNING: [XSIM 43-4099] "D:/OneDrive/Desktop/FPGA/my_uart_tx/st/01_rtl/uart_tx.v" Line 1. Module uart_tx(BAUD_DIV=867) doesn't have a timescale but at least one module in design has a timescale.
Completed simulation data flow analysis
Time Resolution for simulation is 1ps
Compiling module xil_defaultlib.uart_tx(BAUD_DIV=867)
Compiling module xil_defaultlib.tb_top_uart_tx
Compiling module xil_defaultlib.glbl
Built simulation snapshot tb_top_uart_tx_behav
INFO: [USF-XSim-69] 'elaborate' step finished in '3' seconds
Time resolution is 1 ps
relaunch_sim: Time (s): cpu = 00:00:01 ; elapsed = 00:00:09 . Memory (MB): peak = 1244.031 ; gain = 0.000
relaunch_sim
Command: launch_simulation -simset sim_1 -mode behavioral
INFO: [Vivado 12-12493] Simulation top is 'tb_top_uart_tx'
INFO: [Vivado 12-5682] Launching behavioral simulation in 'D:/OneDrive/Desktop/FPGA/my_uart_tx/my_uart_tx.sim/sim_1/behav/xsim'
INFO: [SIM-utils-51] Simulation object is 'sim_1'
INFO: [SIM-utils-72] Using boost library from 'E:/FPGA_Xilinx/Vivado/2021.1/tps/boost_1_72_0'
INFO: [SIM-utils-54] Inspecting design source files for 'tb_top_uart_tx' in fileset 'sim_1'...
INFO: [USF-XSim-97] Finding global include files...
INFO: [USF-XSim-98] Fetching design files from 'sim_1'...
INFO: [USF-XSim-2] XSim::Compile design
INFO: [USF-XSim-61] Executing 'COMPILE and ANALYZE' step in 'D:/OneDrive/Desktop/FPGA/my_uart_tx/my_uart_tx.sim/sim_1/behav/xsim'
"xvlog --incr --relax -prj tb_top_uart_tx_vlog.prj"
INFO: [VRFC 10-2263] Analyzing Verilog file "D:/OneDrive/Desktop/FPGA/my_uart_tx/st/01_rtl/uart_tx.v" into library xil_defaultlib
INFO: [VRFC 10-311] analyzing module uart_tx
INFO: [VRFC 10-2263] Analyzing Verilog file "D:/OneDrive/Desktop/FPGA/my_uart_tx/st/02_sim/tb_top_uart_tx.v" into library xil_defaultlib
INFO: [VRFC 10-311] analyzing module tb_top_uart_tx
INFO: [USF-XSim-69] 'compile' step finished in '2' seconds
Command: launch_simulation -simset sim_1 -mode behavioral
INFO: [Vivado 12-12493] Simulation top is 'tb_top_uart_tx'
INFO: [Vivado 12-5682] Launching behavioral simulation in 'D:/OneDrive/Desktop/FPGA/my_uart_tx/my_uart_tx.sim/sim_1/behav/xsim'
INFO: [USF-XSim-3] XSim::Elaborate design
INFO: [USF-XSim-61] Executing 'ELABORATE' step in 'D:/OneDrive/Desktop/FPGA/my_uart_tx/my_uart_tx.sim/sim_1/behav/xsim'
"xelab -wto 0ff354c0675f402eb1c26cfcf5526aeb --incr --debug typical --relax --mt 2 -L xil_defaultlib -L unisims_ver -L unimacro_ver -L secureip --snapshot tb_top_uart_tx_behav xil_defaultlib.tb_top_uart_tx xil_defaultlib.glbl -log elaborate.log"
Vivado Simulator v2021.1
Copyright 1986-1999, 2001-2021 Xilinx, Inc. All Rights Reserved.
Running: E:/FPGA_Xilinx/Vivado/2021.1/bin/unwrapped/win64.o/xelab.exe -wto 0ff354c0675f402eb1c26cfcf5526aeb --incr --debug typical --relax --mt 2 -L xil_defaultlib -L unisims_ver -L unimacro_ver -L secureip --snapshot tb_top_uart_tx_behav xil_defaultlib.tb_top_uart_tx xil_defaultlib.glbl -log elaborate.log 
Using 2 slave threads.
Starting static elaboration
Pass Through NonSizing Optimizer
Completed static elaboration
Starting simulation data flow analysis
WARNING: [XSIM 43-4099] "D:/OneDrive/Desktop/FPGA/my_uart_tx/st/01_rtl/uart_tx.v" Line 1. Module uart_tx(BAUD_DIV=867) doesn't have a timescale but at least one module in design has a timescale.
WARNING: [XSIM 43-4099] "D:/OneDrive/Desktop/FPGA/my_uart_tx/st/01_rtl/uart_tx.v" Line 1. Module uart_tx(BAUD_DIV=867) doesn't have a timescale but at least one module in design has a timescale.
Completed simulation data flow analysis
Time Resolution for simulation is 1ps
Compiling module xil_defaultlib.uart_tx(BAUD_DIV=867)
Compiling module xil_defaultlib.tb_top_uart_tx
Compiling module xil_defaultlib.glbl
Built simulation snapshot tb_top_uart_tx_behav
INFO: [USF-XSim-69] 'elaborate' step finished in '3' seconds
Time resolution is 1 ps
relaunch_sim: Time (s): cpu = 00:00:01 ; elapsed = 00:00:08 . Memory (MB): peak = 1322.238 ; gain = 22.391
run 10 ms
run 10 ms
run 10 ms
run 10 ms
run 10 ms
run 10 ms
run 10 ms
run 10 ms
run 10 ms
run 10 ms
run 10 ms
run 10 ms
run 10 ms
run 10 ms
run 10 ms
run 10 ms
run 50 ms
run 50 ms
run 50 ms
run 50 ms
add_files -norecurse D:/OneDrive/Desktop/FPGA/my_uart_tx/st/01_rtl/uart_top.v
update_compile_order -fileset sources_1
update_compile_order -fileset sources_1
relaunch_sim
Command: launch_simulation -simset sim_1 -mode behavioral
INFO: [Vivado 12-12493] Simulation top is 'tb_top_uart_tx'
INFO: [Vivado 12-5682] Launching behavioral simulation in 'D:/OneDrive/Desktop/FPGA/my_uart_tx/my_uart_tx.sim/sim_1/behav/xsim'
INFO: [SIM-utils-51] Simulation object is 'sim_1'
INFO: [SIM-utils-72] Using boost library from 'E:/FPGA_Xilinx/Vivado/2021.1/tps/boost_1_72_0'
INFO: [SIM-utils-54] Inspecting design source files for 'tb_top_uart_tx' in fileset 'sim_1'...
INFO: [USF-XSim-97] Finding global include files...
INFO: [USF-XSim-98] Fetching design files from 'sim_1'...
INFO: [USF-XSim-2] XSim::Compile design
INFO: [USF-XSim-61] Executing 'COMPILE and ANALYZE' step in 'D:/OneDrive/Desktop/FPGA/my_uart_tx/my_uart_tx.sim/sim_1/behav/xsim'
"xvlog --incr --relax -prj tb_top_uart_tx_vlog.prj"
INFO: [VRFC 10-2263] Analyzing Verilog file "D:/OneDrive/Desktop/FPGA/my_uart_tx/st/01_rtl/uart_top.v" into library xil_defaultlib
INFO: [VRFC 10-311] analyzing module uart_top
ERROR: [VRFC 10-4982] syntax error near 'begin' [D:/OneDrive/Desktop/FPGA/my_uart_tx/st/01_rtl/uart_top.v:50]
ERROR: [VRFC 10-2790] Verilog 2000 keyword begin used in incorrect context [D:/OneDrive/Desktop/FPGA/my_uart_tx/st/01_rtl/uart_top.v:50]
WARNING: [VRFC 10-3594] non-net port 'sysclk_i' cannot be of mode input [D:/OneDrive/Desktop/FPGA/my_uart_tx/st/01_rtl/uart_top.v:3]
ERROR: [VRFC 10-2865] module 'uart_top' ignored due to previous errors [D:/OneDrive/Desktop/FPGA/my_uart_tx/st/01_rtl/uart_top.v:2]
INFO: [USF-XSim-69] 'compile' step finished in '4' seconds
INFO: [USF-XSim-99] Step results log file:'D:/OneDrive/Desktop/FPGA/my_uart_tx/my_uart_tx.sim/sim_1/behav/xsim/xvlog.log'
ERROR: [USF-XSim-62] 'compile' step failed with error(s). Please check the Tcl console output or 'D:/OneDrive/Desktop/FPGA/my_uart_tx/my_uart_tx.sim/sim_1/behav/xsim/xvlog.log' file for more information.
ERROR: [Vivado 12-4473] Detected error while running simulation. Please correct the issue and retry this operation.
ERROR: [Common 17-39] 'launch_simulation' failed due to earlier errors.
ERROR: [Common 17-69] Command failed: ERROR: [Common 17-39] 'launch_simulation' failed due to earlier errors.

relaunch_sim
Command: launch_simulation -simset sim_1 -mode behavioral
INFO: [Vivado 12-12493] Simulation top is 'tb_top_uart_tx'
INFO: [Vivado 12-5682] Launching behavioral simulation in 'D:/OneDrive/Desktop/FPGA/my_uart_tx/my_uart_tx.sim/sim_1/behav/xsim'
INFO: [SIM-utils-51] Simulation object is 'sim_1'
INFO: [SIM-utils-72] Using boost library from 'E:/FPGA_Xilinx/Vivado/2021.1/tps/boost_1_72_0'
INFO: [SIM-utils-54] Inspecting design source files for 'tb_top_uart_tx' in fileset 'sim_1'...
INFO: [USF-XSim-97] Finding global include files...
INFO: [USF-XSim-98] Fetching design files from 'sim_1'...
INFO: [USF-XSim-2] XSim::Compile design
INFO: [USF-XSim-61] Executing 'COMPILE and ANALYZE' step in 'D:/OneDrive/Desktop/FPGA/my_uart_tx/my_uart_tx.sim/sim_1/behav/xsim'
"xvlog --incr --relax -prj tb_top_uart_tx_vlog.prj"
INFO: [VRFC 10-2263] Analyzing Verilog file "D:/OneDrive/Desktop/FPGA/my_uart_tx/st/01_rtl/uart_top.v" into library xil_defaultlib
INFO: [VRFC 10-311] analyzing module uart_top
ERROR: [VRFC 10-4982] syntax error near 'begin' [D:/OneDrive/Desktop/FPGA/my_uart_tx/st/01_rtl/uart_top.v:50]
ERROR: [VRFC 10-2790] Verilog 2000 keyword begin used in incorrect context [D:/OneDrive/Desktop/FPGA/my_uart_tx/st/01_rtl/uart_top.v:50]
ERROR: [VRFC 10-2865] module 'uart_top' ignored due to previous errors [D:/OneDrive/Desktop/FPGA/my_uart_tx/st/01_rtl/uart_top.v:2]
INFO: [USF-XSim-69] 'compile' step finished in '3' seconds
INFO: [USF-XSim-99] Step results log file:'D:/OneDrive/Desktop/FPGA/my_uart_tx/my_uart_tx.sim/sim_1/behav/xsim/xvlog.log'
ERROR: [USF-XSim-62] 'compile' step failed with error(s). Please check the Tcl console output or 'D:/OneDrive/Desktop/FPGA/my_uart_tx/my_uart_tx.sim/sim_1/behav/xsim/xvlog.log' file for more information.
ERROR: [Vivado 12-4473] Detected error while running simulation. Please correct the issue and retry this operation.
ERROR: [Common 17-39] 'launch_simulation' failed due to earlier errors.
ERROR: [Common 17-69] Command failed: ERROR: [Common 17-39] 'launch_simulation' failed due to earlier errors.

relaunch_sim
Command: launch_simulation -simset sim_1 -mode behavioral
INFO: [Vivado 12-12493] Simulation top is 'tb_top_uart_tx'
INFO: [Vivado 12-5682] Launching behavioral simulation in 'D:/OneDrive/Desktop/FPGA/my_uart_tx/my_uart_tx.sim/sim_1/behav/xsim'
INFO: [SIM-utils-51] Simulation object is 'sim_1'
INFO: [SIM-utils-72] Using boost library from 'E:/FPGA_Xilinx/Vivado/2021.1/tps/boost_1_72_0'
INFO: [SIM-utils-54] Inspecting design source files for 'tb_top_uart_tx' in fileset 'sim_1'...
INFO: [USF-XSim-97] Finding global include files...
INFO: [USF-XSim-98] Fetching design files from 'sim_1'...
INFO: [USF-XSim-2] XSim::Compile design
INFO: [USF-XSim-61] Executing 'COMPILE and ANALYZE' step in 'D:/OneDrive/Desktop/FPGA/my_uart_tx/my_uart_tx.sim/sim_1/behav/xsim'
"xvlog --incr --relax -prj tb_top_uart_tx_vlog.prj"
INFO: [VRFC 10-2263] Analyzing Verilog file "D:/OneDrive/Desktop/FPGA/my_uart_tx/st/01_rtl/uart_top.v" into library xil_defaultlib
INFO: [VRFC 10-311] analyzing module uart_top
INFO: [VRFC 10-2263] Analyzing Verilog file "D:/OneDrive/Desktop/FPGA/my_uart_tx/st/01_rtl/uart_tx.v" into library xil_defaultlib
INFO: [VRFC 10-311] analyzing module uart_tx
INFO: [VRFC 10-2263] Analyzing Verilog file "D:/OneDrive/Desktop/FPGA/my_uart_tx/st/02_sim/tb_top_uart_tx.v" into library xil_defaultlib
INFO: [VRFC 10-311] analyzing module tb_top_uart_tx
INFO: [VRFC 10-2458] undeclared symbol uart_rx, assumed default net type wire [D:/OneDrive/Desktop/FPGA/my_uart_tx/st/02_sim/tb_top_uart_tx.v:15]
INFO: [USF-XSim-69] 'compile' step finished in '2' seconds
Command: launch_simulation -simset sim_1 -mode behavioral
INFO: [Vivado 12-12493] Simulation top is 'tb_top_uart_tx'
INFO: [Vivado 12-5682] Launching behavioral simulation in 'D:/OneDrive/Desktop/FPGA/my_uart_tx/my_uart_tx.sim/sim_1/behav/xsim'
INFO: [USF-XSim-3] XSim::Elaborate design
INFO: [USF-XSim-61] Executing 'ELABORATE' step in 'D:/OneDrive/Desktop/FPGA/my_uart_tx/my_uart_tx.sim/sim_1/behav/xsim'
"xelab -wto 0ff354c0675f402eb1c26cfcf5526aeb --incr --debug typical --relax --mt 2 -L xil_defaultlib -L unisims_ver -L unimacro_ver -L secureip --snapshot tb_top_uart_tx_behav xil_defaultlib.tb_top_uart_tx xil_defaultlib.glbl -log elaborate.log"
Vivado Simulator v2021.1
Copyright 1986-1999, 2001-2021 Xilinx, Inc. All Rights Reserved.
Running: E:/FPGA_Xilinx/Vivado/2021.1/bin/unwrapped/win64.o/xelab.exe -wto 0ff354c0675f402eb1c26cfcf5526aeb --incr --debug typical --relax --mt 2 -L xil_defaultlib -L unisims_ver -L unimacro_ver -L secureip --snapshot tb_top_uart_tx_behav xil_defaultlib.tb_top_uart_tx xil_defaultlib.glbl -log elaborate.log 
Using 2 slave threads.
Starting static elaboration
Pass Through NonSizing Optimizer
Completed static elaboration
Starting simulation data flow analysis
WARNING: [XSIM 43-4099] "D:/OneDrive/Desktop/FPGA/my_uart_tx/st/01_rtl/uart_top.v" Line 2. Module uart_top doesn't have a timescale but at least one module in design has a timescale.
WARNING: [XSIM 43-4099] "D:/OneDrive/Desktop/FPGA/my_uart_tx/st/01_rtl/uart_tx.v" Line 1. Module uart_tx(BAUD_DIV=867) doesn't have a timescale but at least one module in design has a timescale.
WARNING: [XSIM 43-4099] "D:/OneDrive/Desktop/FPGA/my_uart_tx/st/01_rtl/uart_top.v" Line 2. Module uart_top doesn't have a timescale but at least one module in design has a timescale.
WARNING: [XSIM 43-4099] "D:/OneDrive/Desktop/FPGA/my_uart_tx/st/01_rtl/uart_tx.v" Line 1. Module uart_tx(BAUD_DIV=867) doesn't have a timescale but at least one module in design has a timescale.
Completed simulation data flow analysis
Time Resolution for simulation is 1ps
Compiling module xil_defaultlib.uart_tx(BAUD_DIV=867)
Compiling module xil_defaultlib.uart_top
Compiling module xil_defaultlib.tb_top_uart_tx
Compiling module xil_defaultlib.glbl
Built simulation snapshot tb_top_uart_tx_behav
run_program: Time (s): cpu = 00:00:00 ; elapsed = 00:00:10 . Memory (MB): peak = 1943.664 ; gain = 0.000
INFO: [USF-XSim-69] 'elaborate' step finished in '10' seconds
launch_simulation: Time (s): cpu = 00:00:00 ; elapsed = 00:00:10 . Memory (MB): peak = 1943.664 ; gain = 0.000
Time resolution is 1 ps
relaunch_sim: Time (s): cpu = 00:00:01 ; elapsed = 00:00:15 . Memory (MB): peak = 1943.664 ; gain = 0.000
relaunch_sim
Command: launch_simulation -simset sim_1 -mode behavioral
INFO: [Vivado 12-12493] Simulation top is 'tb_top_uart_tx'
INFO: [Vivado 12-5682] Launching behavioral simulation in 'D:/OneDrive/Desktop/FPGA/my_uart_tx/my_uart_tx.sim/sim_1/behav/xsim'
INFO: [SIM-utils-51] Simulation object is 'sim_1'
INFO: [SIM-utils-72] Using boost library from 'E:/FPGA_Xilinx/Vivado/2021.1/tps/boost_1_72_0'
INFO: [SIM-utils-54] Inspecting design source files for 'tb_top_uart_tx' in fileset 'sim_1'...
INFO: [USF-XSim-97] Finding global include files...
INFO: [USF-XSim-98] Fetching design files from 'sim_1'...
INFO: [USF-XSim-2] XSim::Compile design
INFO: [USF-XSim-61] Executing 'COMPILE and ANALYZE' step in 'D:/OneDrive/Desktop/FPGA/my_uart_tx/my_uart_tx.sim/sim_1/behav/xsim'
"xvlog --incr --relax -prj tb_top_uart_tx_vlog.prj"
INFO: [VRFC 10-2263] Analyzing Verilog file "D:/OneDrive/Desktop/FPGA/my_uart_tx/st/01_rtl/uart_top.v" into library xil_defaultlib
INFO: [VRFC 10-311] analyzing module uart_top
INFO: [VRFC 10-2263] Analyzing Verilog file "D:/OneDrive/Desktop/FPGA/my_uart_tx/st/01_rtl/uart_tx.v" into library xil_defaultlib
INFO: [VRFC 10-311] analyzing module uart_tx
INFO: [VRFC 10-2263] Analyzing Verilog file "D:/OneDrive/Desktop/FPGA/my_uart_tx/st/02_sim/tb_top_uart_tx.v" into library xil_defaultlib
INFO: [VRFC 10-311] analyzing module tb_top_uart_tx
INFO: [VRFC 10-2458] undeclared symbol uart_rx, assumed default net type wire [D:/OneDrive/Desktop/FPGA/my_uart_tx/st/02_sim/tb_top_uart_tx.v:15]
INFO: [USF-XSim-69] 'compile' step finished in '2' seconds
Command: launch_simulation -simset sim_1 -mode behavioral
INFO: [Vivado 12-12493] Simulation top is 'tb_top_uart_tx'
INFO: [Vivado 12-5682] Launching behavioral simulation in 'D:/OneDrive/Desktop/FPGA/my_uart_tx/my_uart_tx.sim/sim_1/behav/xsim'
INFO: [USF-XSim-3] XSim::Elaborate design
INFO: [USF-XSim-61] Executing 'ELABORATE' step in 'D:/OneDrive/Desktop/FPGA/my_uart_tx/my_uart_tx.sim/sim_1/behav/xsim'
"xelab -wto 0ff354c0675f402eb1c26cfcf5526aeb --incr --debug typical --relax --mt 2 -L xil_defaultlib -L unisims_ver -L unimacro_ver -L secureip --snapshot tb_top_uart_tx_behav xil_defaultlib.tb_top_uart_tx xil_defaultlib.glbl -log elaborate.log"
Vivado Simulator v2021.1
Copyright 1986-1999, 2001-2021 Xilinx, Inc. All Rights Reserved.
Running: E:/FPGA_Xilinx/Vivado/2021.1/bin/unwrapped/win64.o/xelab.exe -wto 0ff354c0675f402eb1c26cfcf5526aeb --incr --debug typical --relax --mt 2 -L xil_defaultlib -L unisims_ver -L unimacro_ver -L secureip --snapshot tb_top_uart_tx_behav xil_defaultlib.tb_top_uart_tx xil_defaultlib.glbl -log elaborate.log 
Using 2 slave threads.
Starting static elaboration
Pass Through NonSizing Optimizer
Completed static elaboration
Starting simulation data flow analysis
WARNING: [XSIM 43-4099] "D:/OneDrive/Desktop/FPGA/my_uart_tx/st/01_rtl/uart_top.v" Line 2. Module uart_top doesn't have a timescale but at least one module in design has a timescale.
WARNING: [XSIM 43-4099] "D:/OneDrive/Desktop/FPGA/my_uart_tx/st/01_rtl/uart_tx.v" Line 1. Module uart_tx(BAUD_DIV=867) doesn't have a timescale but at least one module in design has a timescale.
WARNING: [XSIM 43-4099] "D:/OneDrive/Desktop/FPGA/my_uart_tx/st/01_rtl/uart_top.v" Line 2. Module uart_top doesn't have a timescale but at least one module in design has a timescale.
WARNING: [XSIM 43-4099] "D:/OneDrive/Desktop/FPGA/my_uart_tx/st/01_rtl/uart_tx.v" Line 1. Module uart_tx(BAUD_DIV=867) doesn't have a timescale but at least one module in design has a timescale.
Completed simulation data flow analysis
Time Resolution for simulation is 1ps
Compiling module xil_defaultlib.uart_tx(BAUD_DIV=867)
Compiling module xil_defaultlib.uart_top
Compiling module xil_defaultlib.tb_top_uart_tx
Compiling module xil_defaultlib.glbl
Built simulation snapshot tb_top_uart_tx_behav
INFO: [USF-XSim-69] 'elaborate' step finished in '2' seconds
Time resolution is 1 ps
relaunch_sim: Time (s): cpu = 00:00:00 ; elapsed = 00:00:08 . Memory (MB): peak = 1943.664 ; gain = 0.000
run 50 ms
run: Time (s): cpu = 00:00:16 ; elapsed = 00:00:15 . Memory (MB): peak = 1943.664 ; gain = 0.000
relaunch_sim
Command: launch_simulation -simset sim_1 -mode behavioral
INFO: [Vivado 12-12493] Simulation top is 'tb_top_uart_tx'
INFO: [Vivado 12-5682] Launching behavioral simulation in 'D:/OneDrive/Desktop/FPGA/my_uart_tx/my_uart_tx.sim/sim_1/behav/xsim'
INFO: [SIM-utils-51] Simulation object is 'sim_1'
INFO: [SIM-utils-72] Using boost library from 'E:/FPGA_Xilinx/Vivado/2021.1/tps/boost_1_72_0'
INFO: [SIM-utils-54] Inspecting design source files for 'tb_top_uart_tx' in fileset 'sim_1'...
INFO: [USF-XSim-97] Finding global include files...
INFO: [USF-XSim-98] Fetching design files from 'sim_1'...
INFO: [USF-XSim-2] XSim::Compile design
INFO: [USF-XSim-61] Executing 'COMPILE and ANALYZE' step in 'D:/OneDrive/Desktop/FPGA/my_uart_tx/my_uart_tx.sim/sim_1/behav/xsim'
"xvlog --incr --relax -prj tb_top_uart_tx_vlog.prj"
INFO: [VRFC 10-2263] Analyzing Verilog file "D:/OneDrive/Desktop/FPGA/my_uart_tx/st/01_rtl/uart_top.v" into library xil_defaultlib
INFO: [VRFC 10-311] analyzing module uart_top
INFO: [VRFC 10-2263] Analyzing Verilog file "D:/OneDrive/Desktop/FPGA/my_uart_tx/st/01_rtl/uart_tx.v" into library xil_defaultlib
INFO: [VRFC 10-311] analyzing module uart_tx
INFO: [VRFC 10-2263] Analyzing Verilog file "D:/OneDrive/Desktop/FPGA/my_uart_tx/st/02_sim/tb_top_uart_tx.v" into library xil_defaultlib
INFO: [VRFC 10-311] analyzing module tb_top_uart_tx
INFO: [VRFC 10-2458] undeclared symbol uart_rx, assumed default net type wire [D:/OneDrive/Desktop/FPGA/my_uart_tx/st/02_sim/tb_top_uart_tx.v:15]
INFO: [USF-XSim-69] 'compile' step finished in '2' seconds
Command: launch_simulation -simset sim_1 -mode behavioral
INFO: [Vivado 12-12493] Simulation top is 'tb_top_uart_tx'
INFO: [Vivado 12-5682] Launching behavioral simulation in 'D:/OneDrive/Desktop/FPGA/my_uart_tx/my_uart_tx.sim/sim_1/behav/xsim'
INFO: [USF-XSim-3] XSim::Elaborate design
INFO: [USF-XSim-61] Executing 'ELABORATE' step in 'D:/OneDrive/Desktop/FPGA/my_uart_tx/my_uart_tx.sim/sim_1/behav/xsim'
"xelab -wto 0ff354c0675f402eb1c26cfcf5526aeb --incr --debug typical --relax --mt 2 -L xil_defaultlib -L unisims_ver -L unimacro_ver -L secureip --snapshot tb_top_uart_tx_behav xil_defaultlib.tb_top_uart_tx xil_defaultlib.glbl -log elaborate.log"
Vivado Simulator v2021.1
Copyright 1986-1999, 2001-2021 Xilinx, Inc. All Rights Reserved.
Running: E:/FPGA_Xilinx/Vivado/2021.1/bin/unwrapped/win64.o/xelab.exe -wto 0ff354c0675f402eb1c26cfcf5526aeb --incr --debug typical --relax --mt 2 -L xil_defaultlib -L unisims_ver -L unimacro_ver -L secureip --snapshot tb_top_uart_tx_behav xil_defaultlib.tb_top_uart_tx xil_defaultlib.glbl -log elaborate.log 
Using 2 slave threads.
Starting static elaboration
Pass Through NonSizing Optimizer
Completed static elaboration
Starting simulation data flow analysis
WARNING: [XSIM 43-4099] "D:/OneDrive/Desktop/FPGA/my_uart_tx/st/01_rtl/uart_top.v" Line 2. Module uart_top doesn't have a timescale but at least one module in design has a timescale.
WARNING: [XSIM 43-4099] "D:/OneDrive/Desktop/FPGA/my_uart_tx/st/01_rtl/uart_tx.v" Line 1. Module uart_tx(BAUD_DIV=867) doesn't have a timescale but at least one module in design has a timescale.
WARNING: [XSIM 43-4099] "D:/OneDrive/Desktop/FPGA/my_uart_tx/st/01_rtl/uart_top.v" Line 2. Module uart_top doesn't have a timescale but at least one module in design has a timescale.
WARNING: [XSIM 43-4099] "D:/OneDrive/Desktop/FPGA/my_uart_tx/st/01_rtl/uart_tx.v" Line 1. Module uart_tx(BAUD_DIV=867) doesn't have a timescale but at least one module in design has a timescale.
Completed simulation data flow analysis
Time Resolution for simulation is 1ps
Compiling module xil_defaultlib.uart_tx(BAUD_DIV=867)
Compiling module xil_defaultlib.uart_top
Compiling module xil_defaultlib.tb_top_uart_tx
Compiling module xil_defaultlib.glbl
Built simulation snapshot tb_top_uart_tx_behav
INFO: [USF-XSim-69] 'elaborate' step finished in '3' seconds
Time resolution is 1 ps
relaunch_sim: Time (s): cpu = 00:00:02 ; elapsed = 00:00:12 . Memory (MB): peak = 1943.664 ; gain = 0.000
run 50 ms
run: Time (s): cpu = 00:00:13 ; elapsed = 00:00:11 . Memory (MB): peak = 1943.664 ; gain = 0.000
relaunch_sim
Command: launch_simulation -simset sim_1 -mode behavioral
INFO: [Vivado 12-12493] Simulation top is 'tb_top_uart_tx'
INFO: [Vivado 12-5682] Launching behavioral simulation in 'D:/OneDrive/Desktop/FPGA/my_uart_tx/my_uart_tx.sim/sim_1/behav/xsim'
INFO: [SIM-utils-51] Simulation object is 'sim_1'
INFO: [SIM-utils-72] Using boost library from 'E:/FPGA_Xilinx/Vivado/2021.1/tps/boost_1_72_0'
INFO: [SIM-utils-54] Inspecting design source files for 'tb_top_uart_tx' in fileset 'sim_1'...
INFO: [USF-XSim-97] Finding global include files...
INFO: [USF-XSim-98] Fetching design files from 'sim_1'...
INFO: [USF-XSim-2] XSim::Compile design
INFO: [USF-XSim-61] Executing 'COMPILE and ANALYZE' step in 'D:/OneDrive/Desktop/FPGA/my_uart_tx/my_uart_tx.sim/sim_1/behav/xsim'
"xvlog --incr --relax -prj tb_top_uart_tx_vlog.prj"
INFO: [VRFC 10-2263] Analyzing Verilog file "D:/OneDrive/Desktop/FPGA/my_uart_tx/st/01_rtl/uart_top.v" into library xil_defaultlib
INFO: [VRFC 10-311] analyzing module uart_top
INFO: [VRFC 10-2263] Analyzing Verilog file "D:/OneDrive/Desktop/FPGA/my_uart_tx/st/01_rtl/uart_tx.v" into library xil_defaultlib
INFO: [VRFC 10-311] analyzing module uart_tx
INFO: [VRFC 10-2263] Analyzing Verilog file "D:/OneDrive/Desktop/FPGA/my_uart_tx/st/02_sim/tb_top_uart_tx.v" into library xil_defaultlib
INFO: [VRFC 10-311] analyzing module tb_top_uart_tx
INFO: [VRFC 10-2458] undeclared symbol uart_rx, assumed default net type wire [D:/OneDrive/Desktop/FPGA/my_uart_tx/st/02_sim/tb_top_uart_tx.v:15]
INFO: [USF-XSim-69] 'compile' step finished in '3' seconds
Command: launch_simulation -simset sim_1 -mode behavioral
INFO: [Vivado 12-12493] Simulation top is 'tb_top_uart_tx'
INFO: [Vivado 12-5682] Launching behavioral simulation in 'D:/OneDrive/Desktop/FPGA/my_uart_tx/my_uart_tx.sim/sim_1/behav/xsim'
INFO: [USF-XSim-3] XSim::Elaborate design
INFO: [USF-XSim-61] Executing 'ELABORATE' step in 'D:/OneDrive/Desktop/FPGA/my_uart_tx/my_uart_tx.sim/sim_1/behav/xsim'
"xelab -wto 0ff354c0675f402eb1c26cfcf5526aeb --incr --debug typical --relax --mt 2 -L xil_defaultlib -L unisims_ver -L unimacro_ver -L secureip --snapshot tb_top_uart_tx_behav xil_defaultlib.tb_top_uart_tx xil_defaultlib.glbl -log elaborate.log"
Vivado Simulator v2021.1
Copyright 1986-1999, 2001-2021 Xilinx, Inc. All Rights Reserved.
Running: E:/FPGA_Xilinx/Vivado/2021.1/bin/unwrapped/win64.o/xelab.exe -wto 0ff354c0675f402eb1c26cfcf5526aeb --incr --debug typical --relax --mt 2 -L xil_defaultlib -L unisims_ver -L unimacro_ver -L secureip --snapshot tb_top_uart_tx_behav xil_defaultlib.tb_top_uart_tx xil_defaultlib.glbl -log elaborate.log 
Using 2 slave threads.
Starting static elaboration
Pass Through NonSizing Optimizer
Completed static elaboration
Starting simulation data flow analysis
WARNING: [XSIM 43-4099] "D:/OneDrive/Desktop/FPGA/my_uart_tx/st/01_rtl/uart_top.v" Line 2. Module uart_top doesn't have a timescale but at least one module in design has a timescale.
WARNING: [XSIM 43-4099] "D:/OneDrive/Desktop/FPGA/my_uart_tx/st/01_rtl/uart_tx.v" Line 1. Module uart_tx(BAUD_DIV=867) doesn't have a timescale but at least one module in design has a timescale.
WARNING: [XSIM 43-4099] "D:/OneDrive/Desktop/FPGA/my_uart_tx/st/01_rtl/uart_top.v" Line 2. Module uart_top doesn't have a timescale but at least one module in design has a timescale.
WARNING: [XSIM 43-4099] "D:/OneDrive/Desktop/FPGA/my_uart_tx/st/01_rtl/uart_tx.v" Line 1. Module uart_tx(BAUD_DIV=867) doesn't have a timescale but at least one module in design has a timescale.
Completed simulation data flow analysis
Time Resolution for simulation is 1ps
Compiling module xil_defaultlib.uart_tx(BAUD_DIV=867)
Compiling module xil_defaultlib.uart_top
Compiling module xil_defaultlib.tb_top_uart_tx
Compiling module xil_defaultlib.glbl
Built simulation snapshot tb_top_uart_tx_behav
INFO: [USF-XSim-69] 'elaborate' step finished in '2' seconds
Time resolution is 1 ps
relaunch_sim: Time (s): cpu = 00:00:01 ; elapsed = 00:00:08 . Memory (MB): peak = 1943.664 ; gain = 0.000
run 50 ms
run: Time (s): cpu = 00:00:15 ; elapsed = 00:00:14 . Memory (MB): peak = 1943.664 ; gain = 0.000
save_wave_config {D:/OneDrive/Desktop/FPGA/my_uart_tx/tb_top_uart_tx_behav.wcfg}
close_sim
INFO: [Simtcl 6-16] Simulation closed
exit
INFO: [Common 17-206] Exiting Vivado at Wed Jul 29 13:44:59 2026...
