#-----------------------------------------------------------
# Vivado v2021.1 (64-bit)
# SW Build 3247384 on Thu Jun 10 19:36:33 MDT 2021
# IP Build 3246043 on Fri Jun 11 00:30:35 MDT 2021
# Start of session at: Fri Jul 31 16:07:04 2026
# Process ID: 5772
# Current directory: D:/OneDrive/Desktop/FPGA/my_uart_tx
# Command line: vivado.exe -gui_launcher_event rodinguilauncherevent26636 D:\OneDrive\Desktop\FPGA\my_uart_tx\my_uart_tx.xpr
# Log file: D:/OneDrive/Desktop/FPGA/my_uart_tx/vivado.log
# Journal file: D:/OneDrive/Desktop/FPGA/my_uart_tx\vivado.jou
#-----------------------------------------------------------
start_gui
open_project D:/OneDrive/Desktop/FPGA/my_uart_tx/my_uart_tx.xpr
WARNING: [filemgmt 56-3] Default IP Output Path : Could not find the directory 'D:/OneDrive/Desktop/FPGA/my_uart_tx/my_uart_tx.gen/sources_1'.
Scanning sources...
Finished scanning sources
INFO: [IP_Flow 19-234] Refreshing IP repositories
INFO: [IP_Flow 19-1704] No user IP repositories specified
INFO: [IP_Flow 19-2313] Loaded Vivado IP repository 'E:/FPGA_Xilinx/Vivado/2021.1/data/ip'.
open_project: Time (s): cpu = 00:00:16 ; elapsed = 00:00:07 . Memory (MB): peak = 1281.559 ; gain = 0.000
update_compile_order -fileset sources_1
launch_simulation
Command: launch_simulation 
INFO: [Vivado 12-12493] Simulation top is 'tb_top_uart_tx'
INFO: [Vivado 12-5682] Launching behavioral simulation in 'D:/OneDrive/Desktop/FPGA/my_uart_tx/my_uart_tx.sim/sim_1/behav/xsim'
INFO: [SIM-utils-51] Simulation object is 'sim_1'
INFO: [SIM-utils-72] Using boost library from 'E:/FPGA_Xilinx/Vivado/2021.1/tps/boost_1_72_0'
INFO: [SIM-utils-54] Inspecting design source files for 'tb_top_uart_tx' in fileset 'sim_1'...
INFO: [USF-XSim-97] Finding global include files...
INFO: [USF-XSim-98] Fetching design files from 'sim_1'...
INFO: [USF-XSim-2] XSim::Compile design
INFO: [USF-XSim-61] Executing 'COMPILE and ANALYZE' step in 'D:/OneDrive/Desktop/FPGA/my_uart_tx/my_uart_tx.sim/sim_1/behav/xsim'
"xvlog --incr --relax -prj tb_top_uart_tx_vlog.prj"
INFO: [VRFC 10-2263] Analyzing Verilog file "D:/OneDrive/Desktop/FPGA/my_uart_tx/st/01_rtl/uart_top.v" into library xil_defaultlib
INFO: [VRFC 10-311] analyzing module uart_top
INFO: [VRFC 10-2263] Analyzing Verilog file "D:/OneDrive/Desktop/FPGA/my_uart_tx/st/01_rtl/uart_tx.v" into library xil_defaultlib
INFO: [VRFC 10-311] analyzing module uart_tx
INFO: [VRFC 10-2263] Analyzing Verilog file "D:/OneDrive/Desktop/FPGA/my_uart_tx/st/02_sim/tb_top_uart_tx.v" into library xil_defaultlib
INFO: [VRFC 10-311] analyzing module tb_top_uart_tx
INFO: [USF-XSim-69] 'compile' step finished in '2' seconds
INFO: [USF-XSim-3] XSim::Elaborate design
INFO: [USF-XSim-61] Executing 'ELABORATE' step in 'D:/OneDrive/Desktop/FPGA/my_uart_tx/my_uart_tx.sim/sim_1/behav/xsim'
"xelab -wto 0ff354c0675f402eb1c26cfcf5526aeb --incr --debug typical --relax --mt 2 -L xil_defaultlib -L unisims_ver -L unimacro_ver -L secureip --snapshot tb_top_uart_tx_behav xil_defaultlib.tb_top_uart_tx xil_defaultlib.glbl -log elaborate.log"
Vivado Simulator v2021.1
Copyright 1986-1999, 2001-2021 Xilinx, Inc. All Rights Reserved.
Running: E:/FPGA_Xilinx/Vivado/2021.1/bin/unwrapped/win64.o/xelab.exe -wto 0ff354c0675f402eb1c26cfcf5526aeb --incr --debug typical --relax --mt 2 -L xil_defaultlib -L unisims_ver -L unimacro_ver -L secureip --snapshot tb_top_uart_tx_behav xil_defaultlib.tb_top_uart_tx xil_defaultlib.glbl -log elaborate.log 
Using 2 slave threads.
Starting static elaboration
Pass Through NonSizing Optimizer
Completed static elaboration
Starting simulation data flow analysis
WARNING: [XSIM 43-4099] "D:/OneDrive/Desktop/FPGA/my_uart_tx/st/01_rtl/uart_top.v" Line 1. Module uart_top_default doesn't have a timescale but at least one module in design has a timescale.
WARNING: [XSIM 43-4099] "D:/OneDrive/Desktop/FPGA/my_uart_tx/st/01_rtl/uart_tx.v" Line 1. Module uart_tx(BAUD_DIV=867) doesn't have a timescale but at least one module in design has a timescale.
WARNING: [XSIM 43-4099] "D:/OneDrive/Desktop/FPGA/my_uart_tx/st/01_rtl/uart_top.v" Line 1. Module uart_top_default doesn't have a timescale but at least one module in design has a timescale.
WARNING: [XSIM 43-4099] "D:/OneDrive/Desktop/FPGA/my_uart_tx/st/01_rtl/uart_tx.v" Line 1. Module uart_tx(BAUD_DIV=867) doesn't have a timescale but at least one module in design has a timescale.
Completed simulation data flow analysis
Time Resolution for simulation is 1ps
Compiling module xil_defaultlib.uart_tx(BAUD_DIV=867)
Compiling module xil_defaultlib.uart_top_default
Compiling module xil_defaultlib.tb_top_uart_tx
Compiling module xil_defaultlib.glbl
Built simulation snapshot tb_top_uart_tx_behav

****** Webtalk v2021.1 (64-bit)
  **** SW Build 3247384 on Thu Jun 10 19:36:33 MDT 2021
  **** IP Build 3246043 on Fri Jun 11 00:30:35 MDT 2021
    ** Copyright 1986-2021 Xilinx, Inc. All Rights Reserved.

source D:/OneDrive/Desktop/FPGA/my_uart_tx/my_uart_tx.sim/sim_1/behav/xsim/xsim.dir/tb_top_uart_tx_behav/webtalk/xsim_webtalk.tcl -notrace
INFO: [Common 17-206] Exiting Webtalk at Fri Jul 31 16:07:47 2026...
INFO: [USF-XSim-69] 'elaborate' step finished in '5' seconds
INFO: [USF-XSim-4] XSim::Simulate design
INFO: [USF-XSim-61] Executing 'SIMULATE' step in 'D:/OneDrive/Desktop/FPGA/my_uart_tx/my_uart_tx.sim/sim_1/behav/xsim'
INFO: [USF-XSim-98] *** Running xsim
   with args "tb_top_uart_tx_behav -key {Behavioral:sim_1:Functional:tb_top_uart_tx} -tclbatch {tb_top_uart_tx.tcl} -view {D:/OneDrive/Desktop/FPGA/my_uart_tx/tb_top_uart_tx_behav.wcfg} -log {simulate.log}"
INFO: [USF-XSim-8] Loading simulator feature
Time resolution is 1 ps
open_wave_config D:/OneDrive/Desktop/FPGA/my_uart_tx/tb_top_uart_tx_behav.wcfg
WARNING: Simulation object /tb_top_uart_tx/uatr_top_inst/sysclk_i was not found in the design.
WARNING: Simulation object /tb_top_uart_tx/uatr_top_inst/uart_wreq was not found in the design.
WARNING: Simulation object /tb_top_uart_tx/uatr_top_inst/uart_tx_o was not found in the design.
WARNING: Simulation object /tb_top_uart_tx/uatr_top_inst/uart_rstn_i was not found in the design.
WARNING: Simulation object /tb_top_uart_tx/uatr_top_inst/uart_tx_buf was not found in the design.
WARNING: Simulation object /tb_top_uart_tx/uatr_top_inst/uart_wdata was not found in the design.
WARNING: Simulation object /tb_top_uart_tx/uatr_top_inst/tx_index was not found in the design.
WARNING: Simulation object /tb_top_uart_tx/uatr_top_inst/uatr_tx_u/clk_i was not found in the design.
WARNING: Simulation object /tb_top_uart_tx/uatr_top_inst/uatr_tx_u/uart_rstn_i was not found in the design.
WARNING: Simulation object /tb_top_uart_tx/uatr_top_inst/uatr_tx_u/bps_en was not found in the design.
WARNING: Simulation object /tb_top_uart_tx/uatr_top_inst/uatr_tx_u/uart_wreq_i was not found in the design.
WARNING: Simulation object /tb_top_uart_tx/uatr_top_inst/uatr_tx_u/uart_wreq_r was not found in the design.
WARNING: Simulation object /tb_top_uart_tx/uatr_top_inst/uatr_tx_u/uart_wdata_i was not found in the design.
WARNING: Simulation object /tb_top_uart_tx/uatr_top_inst/uatr_tx_u/bps_start_en was not found in the design.
WARNING: Simulation object /tb_top_uart_tx/uatr_top_inst/uatr_tx_u/uart_tx_o was not found in the design.
source tb_top_uart_tx.tcl
# set curr_wave [current_wave_config]
# if { [string length $curr_wave] == 0 } {
#   if { [llength [get_objects]] > 0} {
#     add_wave /
#     set_property needs_save false [current_wave_config]
#   } else {
#      send_msg_id Add_Wave-1 WARNING "No top level signals found. Simulator will start without a wave window. If you want to open a wave window go to 'File->New Waveform Configuration' or type 'create_wave_config' in the TCL console."
#   }
# }
# run 1000ns
INFO: [USF-XSim-96] XSim completed. Design snapshot 'tb_top_uart_tx_behav' loaded.
INFO: [USF-XSim-97] XSim simulation ran for 1000ns
launch_simulation: Time (s): cpu = 00:00:08 ; elapsed = 00:00:10 . Memory (MB): peak = 1281.559 ; gain = 0.000
run 5 ms
relaunch_sim
Command: launch_simulation -simset sim_1 -mode behavioral
INFO: [Vivado 12-12493] Simulation top is 'tb_top_uart_tx'
INFO: [Vivado 12-5682] Launching behavioral simulation in 'D:/OneDrive/Desktop/FPGA/my_uart_tx/my_uart_tx.sim/sim_1/behav/xsim'
INFO: [SIM-utils-51] Simulation object is 'sim_1'
INFO: [SIM-utils-72] Using boost library from 'E:/FPGA_Xilinx/Vivado/2021.1/tps/boost_1_72_0'
INFO: [SIM-utils-54] Inspecting design source files for 'tb_top_uart_tx' in fileset 'sim_1'...
INFO: [USF-XSim-97] Finding global include files...
INFO: [USF-XSim-98] Fetching design files from 'sim_1'...
INFO: [USF-XSim-2] XSim::Compile design
INFO: [USF-XSim-61] Executing 'COMPILE and ANALYZE' step in 'D:/OneDrive/Desktop/FPGA/my_uart_tx/my_uart_tx.sim/sim_1/behav/xsim'
"xvlog --incr --relax -prj tb_top_uart_tx_vlog.prj"
INFO: [VRFC 10-2263] Analyzing Verilog file "D:/OneDrive/Desktop/FPGA/my_uart_tx/st/01_rtl/uart_top.v" into library xil_defaultlib
INFO: [VRFC 10-311] analyzing module uart_top
INFO: [VRFC 10-2263] Analyzing Verilog file "D:/OneDrive/Desktop/FPGA/my_uart_tx/st/01_rtl/uart_tx.v" into library xil_defaultlib
INFO: [VRFC 10-311] analyzing module uart_tx
INFO: [VRFC 10-2263] Analyzing Verilog file "D:/OneDrive/Desktop/FPGA/my_uart_tx/st/02_sim/tb_top_uart_tx.v" into library xil_defaultlib
INFO: [VRFC 10-311] analyzing module tb_top_uart_tx
INFO: [USF-XSim-69] 'compile' step finished in '2' seconds
Command: launch_simulation -simset sim_1 -mode behavioral
INFO: [Vivado 12-12493] Simulation top is 'tb_top_uart_tx'
INFO: [Vivado 12-5682] Launching behavioral simulation in 'D:/OneDrive/Desktop/FPGA/my_uart_tx/my_uart_tx.sim/sim_1/behav/xsim'
INFO: [USF-XSim-3] XSim::Elaborate design
INFO: [USF-XSim-61] Executing 'ELABORATE' step in 'D:/OneDrive/Desktop/FPGA/my_uart_tx/my_uart_tx.sim/sim_1/behav/xsim'
"xelab -wto 0ff354c0675f402eb1c26cfcf5526aeb --incr --debug typical --relax --mt 2 -L xil_defaultlib -L unisims_ver -L unimacro_ver -L secureip --snapshot tb_top_uart_tx_behav xil_defaultlib.tb_top_uart_tx xil_defaultlib.glbl -log elaborate.log"
Vivado Simulator v2021.1
Copyright 1986-1999, 2001-2021 Xilinx, Inc. All Rights Reserved.
Running: E:/FPGA_Xilinx/Vivado/2021.1/bin/unwrapped/win64.o/xelab.exe -wto 0ff354c0675f402eb1c26cfcf5526aeb --incr --debug typical --relax --mt 2 -L xil_defaultlib -L unisims_ver -L unimacro_ver -L secureip --snapshot tb_top_uart_tx_behav xil_defaultlib.tb_top_uart_tx xil_defaultlib.glbl -log elaborate.log 
Using 2 slave threads.
Starting static elaboration
Pass Through NonSizing Optimizer
Completed static elaboration
Starting simulation data flow analysis
WARNING: [XSIM 43-4099] "D:/OneDrive/Desktop/FPGA/my_uart_tx/st/01_rtl/uart_top.v" Line 1. Module uart_top_default doesn't have a timescale but at least one module in design has a timescale.
WARNING: [XSIM 43-4099] "D:/OneDrive/Desktop/FPGA/my_uart_tx/st/01_rtl/uart_tx.v" Line 1. Module uart_tx(BAUD_DIV=867) doesn't have a timescale but at least one module in design has a timescale.
WARNING: [XSIM 43-4099] "D:/OneDrive/Desktop/FPGA/my_uart_tx/st/01_rtl/uart_top.v" Line 1. Module uart_top_default doesn't have a timescale but at least one module in design has a timescale.
WARNING: [XSIM 43-4099] "D:/OneDrive/Desktop/FPGA/my_uart_tx/st/01_rtl/uart_tx.v" Line 1. Module uart_tx(BAUD_DIV=867) doesn't have a timescale but at least one module in design has a timescale.
Completed simulation data flow analysis
Time Resolution for simulation is 1ps
Compiling module xil_defaultlib.uart_tx(BAUD_DIV=867)
Compiling module xil_defaultlib.uart_top_default
Compiling module xil_defaultlib.tb_top_uart_tx
Compiling module xil_defaultlib.glbl
Built simulation snapshot tb_top_uart_tx_behav
INFO: [USF-XSim-69] 'elaborate' step finished in '2' seconds
Time resolution is 1 ps
relaunch_sim: Time (s): cpu = 00:00:01 ; elapsed = 00:00:09 . Memory (MB): peak = 1281.559 ; gain = 0.000
run 5 ms
run 5 ms
save_wave_config {D:/OneDrive/Desktop/FPGA/my_uart_tx/tb_top_uart_tx_behav.wcfg}
save_wave_config {D:/OneDrive/Desktop/FPGA/my_uart_tx/tb_top_uart_tx_behav.wcfg}
save_wave_config {D:/OneDrive/Desktop/FPGA/my_uart_tx/tb_top_uart_tx_behav.wcfg}
save_wave_config {D:/OneDrive/Desktop/FPGA/my_uart_tx/tb_top_uart_tx_behav.wcfg}
save_wave_config {D:/OneDrive/Desktop/FPGA/my_uart_tx/tb_top_uart_tx_behav.wcfg}
save_wave_config {D:/OneDrive/Desktop/FPGA/my_uart_tx/tb_top_uart_tx_behav.wcfg}
add_files -fileset constrs_1 -norecurse D:/OneDrive/Desktop/FPGA/my_uart_tx/st/04_pin/uart_tx_pin.xdc
launch_runs impl_1 -to_step write_bitstream -jobs 8
[Fri Jul 31 16:40:52 2026] Launched synth_1...
Run output will be captured here: D:/OneDrive/Desktop/FPGA/my_uart_tx/my_uart_tx.runs/synth_1/runme.log
[Fri Jul 31 16:40:52 2026] Launched impl_1...
Run output will be captured here: D:/OneDrive/Desktop/FPGA/my_uart_tx/my_uart_tx.runs/impl_1/runme.log
relaunch_sim
Command: launch_simulation -simset sim_1 -mode behavioral
INFO: [Vivado 12-12493] Simulation top is 'tb_top_uart_tx'
INFO: [Vivado 12-5682] Launching behavioral simulation in 'D:/OneDrive/Desktop/FPGA/my_uart_tx/my_uart_tx.sim/sim_1/behav/xsim'
INFO: [SIM-utils-51] Simulation object is 'sim_1'
INFO: [SIM-utils-72] Using boost library from 'E:/FPGA_Xilinx/Vivado/2021.1/tps/boost_1_72_0'
INFO: [SIM-utils-54] Inspecting design source files for 'tb_top_uart_tx' in fileset 'sim_1'...
INFO: [USF-XSim-97] Finding global include files...
INFO: [USF-XSim-98] Fetching design files from 'sim_1'...
INFO: [USF-XSim-2] XSim::Compile design
INFO: [USF-XSim-61] Executing 'COMPILE and ANALYZE' step in 'D:/OneDrive/Desktop/FPGA/my_uart_tx/my_uart_tx.sim/sim_1/behav/xsim'
"xvlog --incr --relax -prj tb_top_uart_tx_vlog.prj"
INFO: [VRFC 10-2263] Analyzing Verilog file "D:/OneDrive/Desktop/FPGA/my_uart_tx/st/01_rtl/uart_top.v" into library xil_defaultlib
INFO: [VRFC 10-311] analyzing module uart_top
INFO: [VRFC 10-2263] Analyzing Verilog file "D:/OneDrive/Desktop/FPGA/my_uart_tx/st/01_rtl/uart_tx.v" into library xil_defaultlib
INFO: [VRFC 10-311] analyzing module uart_tx
INFO: [VRFC 10-2263] Analyzing Verilog file "D:/OneDrive/Desktop/FPGA/my_uart_tx/st/02_sim/tb_top_uart_tx.v" into library xil_defaultlib
INFO: [VRFC 10-311] analyzing module tb_top_uart_tx
INFO: [USF-XSim-69] 'compile' step finished in '3' seconds
Command: launch_simulation -simset sim_1 -mode behavioral
INFO: [Vivado 12-12493] Simulation top is 'tb_top_uart_tx'
INFO: [Vivado 12-5682] Launching behavioral simulation in 'D:/OneDrive/Desktop/FPGA/my_uart_tx/my_uart_tx.sim/sim_1/behav/xsim'
INFO: [USF-XSim-3] XSim::Elaborate design
INFO: [USF-XSim-61] Executing 'ELABORATE' step in 'D:/OneDrive/Desktop/FPGA/my_uart_tx/my_uart_tx.sim/sim_1/behav/xsim'
"xelab -wto 0ff354c0675f402eb1c26cfcf5526aeb --incr --debug typical --relax --mt 2 -L xil_defaultlib -L unisims_ver -L unimacro_ver -L secureip --snapshot tb_top_uart_tx_behav xil_defaultlib.tb_top_uart_tx xil_defaultlib.glbl -log elaborate.log"
Vivado Simulator v2021.1
Copyright 1986-1999, 2001-2021 Xilinx, Inc. All Rights Reserved.
Running: E:/FPGA_Xilinx/Vivado/2021.1/bin/unwrapped/win64.o/xelab.exe -wto 0ff354c0675f402eb1c26cfcf5526aeb --incr --debug typical --relax --mt 2 -L xil_defaultlib -L unisims_ver -L unimacro_ver -L secureip --snapshot tb_top_uart_tx_behav xil_defaultlib.tb_top_uart_tx xil_defaultlib.glbl -log elaborate.log 
Using 2 slave threads.
Starting static elaboration
Pass Through NonSizing Optimizer
Completed static elaboration
Starting simulation data flow analysis
WARNING: [XSIM 43-4099] "D:/OneDrive/Desktop/FPGA/my_uart_tx/st/01_rtl/uart_top.v" Line 1. Module uart_top_default doesn't have a timescale but at least one module in design has a timescale.
WARNING: [XSIM 43-4099] "D:/OneDrive/Desktop/FPGA/my_uart_tx/st/01_rtl/uart_tx.v" Line 1. Module uart_tx(BAUD_DIV=867) doesn't have a timescale but at least one module in design has a timescale.
WARNING: [XSIM 43-4099] "D:/OneDrive/Desktop/FPGA/my_uart_tx/st/01_rtl/uart_top.v" Line 1. Module uart_top_default doesn't have a timescale but at least one module in design has a timescale.
WARNING: [XSIM 43-4099] "D:/OneDrive/Desktop/FPGA/my_uart_tx/st/01_rtl/uart_tx.v" Line 1. Module uart_tx(BAUD_DIV=867) doesn't have a timescale but at least one module in design has a timescale.
Completed simulation data flow analysis
Time Resolution for simulation is 1ps
Compiling module xil_defaultlib.uart_tx(BAUD_DIV=867)
Compiling module xil_defaultlib.uart_top_default
Compiling module xil_defaultlib.tb_top_uart_tx
Compiling module xil_defaultlib.glbl
Built simulation snapshot tb_top_uart_tx_behav
INFO: [USF-XSim-69] 'elaborate' step finished in '3' seconds
Time resolution is 1 ps
relaunch_sim: Time (s): cpu = 00:00:01 ; elapsed = 00:00:09 . Memory (MB): peak = 1532.074 ; gain = 0.000
run 5 ms
run 5 ms
relaunch_sim
Command: launch_simulation -simset sim_1 -mode behavioral
INFO: [Vivado 12-12493] Simulation top is 'tb_top_uart_tx'
INFO: [Vivado 12-5682] Launching behavioral simulation in 'D:/OneDrive/Desktop/FPGA/my_uart_tx/my_uart_tx.sim/sim_1/behav/xsim'
INFO: [SIM-utils-51] Simulation object is 'sim_1'
INFO: [SIM-utils-72] Using boost library from 'E:/FPGA_Xilinx/Vivado/2021.1/tps/boost_1_72_0'
INFO: [SIM-utils-54] Inspecting design source files for 'tb_top_uart_tx' in fileset 'sim_1'...
INFO: [USF-XSim-97] Finding global include files...
INFO: [USF-XSim-98] Fetching design files from 'sim_1'...
INFO: [USF-XSim-2] XSim::Compile design
INFO: [USF-XSim-61] Executing 'COMPILE and ANALYZE' step in 'D:/OneDrive/Desktop/FPGA/my_uart_tx/my_uart_tx.sim/sim_1/behav/xsim'
"xvlog --incr --relax -prj tb_top_uart_tx_vlog.prj"
INFO: [VRFC 10-2263] Analyzing Verilog file "D:/OneDrive/Desktop/FPGA/my_uart_tx/st/01_rtl/uart_top.v" into library xil_defaultlib
INFO: [VRFC 10-311] analyzing module uart_top
INFO: [VRFC 10-2263] Analyzing Verilog file "D:/OneDrive/Desktop/FPGA/my_uart_tx/st/01_rtl/uart_tx.v" into library xil_defaultlib
INFO: [VRFC 10-311] analyzing module uart_tx
INFO: [VRFC 10-2263] Analyzing Verilog file "D:/OneDrive/Desktop/FPGA/my_uart_tx/st/02_sim/tb_top_uart_tx.v" into library xil_defaultlib
INFO: [VRFC 10-311] analyzing module tb_top_uart_tx
INFO: [USF-XSim-69] 'compile' step finished in '2' seconds
Command: launch_simulation -simset sim_1 -mode behavioral
INFO: [Vivado 12-12493] Simulation top is 'tb_top_uart_tx'
INFO: [Vivado 12-5682] Launching behavioral simulation in 'D:/OneDrive/Desktop/FPGA/my_uart_tx/my_uart_tx.sim/sim_1/behav/xsim'
INFO: [USF-XSim-3] XSim::Elaborate design
INFO: [USF-XSim-61] Executing 'ELABORATE' step in 'D:/OneDrive/Desktop/FPGA/my_uart_tx/my_uart_tx.sim/sim_1/behav/xsim'
"xelab -wto 0ff354c0675f402eb1c26cfcf5526aeb --incr --debug typical --relax --mt 2 -L xil_defaultlib -L unisims_ver -L unimacro_ver -L secureip --snapshot tb_top_uart_tx_behav xil_defaultlib.tb_top_uart_tx xil_defaultlib.glbl -log elaborate.log"
Vivado Simulator v2021.1
Copyright 1986-1999, 2001-2021 Xilinx, Inc. All Rights Reserved.
Running: E:/FPGA_Xilinx/Vivado/2021.1/bin/unwrapped/win64.o/xelab.exe -wto 0ff354c0675f402eb1c26cfcf5526aeb --incr --debug typical --relax --mt 2 -L xil_defaultlib -L unisims_ver -L unimacro_ver -L secureip --snapshot tb_top_uart_tx_behav xil_defaultlib.tb_top_uart_tx xil_defaultlib.glbl -log elaborate.log 
Using 2 slave threads.
Starting static elaboration
Pass Through NonSizing Optimizer
Completed static elaboration
Starting simulation data flow analysis
WARNING: [XSIM 43-4099] "D:/OneDrive/Desktop/FPGA/my_uart_tx/st/01_rtl/uart_top.v" Line 1. Module uart_top_default doesn't have a timescale but at least one module in design has a timescale.
WARNING: [XSIM 43-4099] "D:/OneDrive/Desktop/FPGA/my_uart_tx/st/01_rtl/uart_tx.v" Line 1. Module uart_tx(BAUD_DIV=867) doesn't have a timescale but at least one module in design has a timescale.
WARNING: [XSIM 43-4099] "D:/OneDrive/Desktop/FPGA/my_uart_tx/st/01_rtl/uart_top.v" Line 1. Module uart_top_default doesn't have a timescale but at least one module in design has a timescale.
WARNING: [XSIM 43-4099] "D:/OneDrive/Desktop/FPGA/my_uart_tx/st/01_rtl/uart_tx.v" Line 1. Module uart_tx(BAUD_DIV=867) doesn't have a timescale but at least one module in design has a timescale.
Completed simulation data flow analysis
Time Resolution for simulation is 1ps
Compiling module xil_defaultlib.uart_tx(BAUD_DIV=867)
Compiling module xil_defaultlib.uart_top_default
Compiling module xil_defaultlib.tb_top_uart_tx
Compiling module xil_defaultlib.glbl
Built simulation snapshot tb_top_uart_tx_behav
INFO: [USF-XSim-69] 'elaborate' step finished in '2' seconds
Time resolution is 1 ps
relaunch_sim: Time (s): cpu = 00:00:01 ; elapsed = 00:00:08 . Memory (MB): peak = 1532.074 ; gain = 0.000
run 5 ms
run 5 ms
reset_run synth_1
WARNING: [Vivado 12-1017] Problems encountered:
1. Failed to delete one or more files in run directory D:/OneDrive/Desktop/FPGA/my_uart_tx/my_uart_tx.runs/synth_1

launch_runs impl_1 -to_step write_bitstream -jobs 8
[Fri Jul 31 16:52:52 2026] Launched synth_1...
Run output will be captured here: D:/OneDrive/Desktop/FPGA/my_uart_tx/my_uart_tx.runs/synth_1/runme.log
[Fri Jul 31 16:52:52 2026] Launched impl_1...
Run output will be captured here: D:/OneDrive/Desktop/FPGA/my_uart_tx/my_uart_tx.runs/impl_1/runme.log
open_hw_manager
connect_hw_server -allow_non_jtag
INFO: [Labtools 27-2285] Connecting to hw_server url TCP:localhost:3121
INFO: [Labtools 27-2222] Launching hw_server...
INFO: [Labtools 27-2221] Launch Output:

****** Xilinx hw_server v2021.1
  **** Build date : Jun 10 2021 at 20:17:23
    ** Copyright 1986-2021 Xilinx, Inc. All Rights Reserved.


INFO: [Labtools 27-3415] Connecting to cs_server url TCP:localhost:3042
INFO: [Labtools 27-3417] Launching cs_server...
INFO: [Labtools 27-2221] Launch Output:


******** Xilinx cs_server v2021.1
  ****** Build date   : May 27 2021-01:32:33
    **** Build number : 2021.1.1622050353
      ** Copyright 2017-2026 Xilinx, Inc. All Rights Reserved.



connect_hw_server: Time (s): cpu = 00:00:01 ; elapsed = 00:00:10 . Memory (MB): peak = 1532.074 ; gain = 0.000
open_hw_target
INFO: [Labtoolstcl 44-466] Opening hw_target localhost:3121/xilinx_tcf/Digilent/C30644E8ABCD
open_hw_target: Time (s): cpu = 00:00:04 ; elapsed = 00:00:07 . Memory (MB): peak = 3079.812 ; gain = 1547.738
set_property PROGRAM.FILE {D:/OneDrive/Desktop/FPGA/my_uart_tx/my_uart_tx.runs/impl_1/uart_top.bit} [get_hw_devices xc7z015_1]
current_hw_device [get_hw_devices xc7z015_1]
refresh_hw_device -update_hw_probes false [lindex [get_hw_devices xc7z015_1] 0]
INFO: [Labtools 27-2302] Device xc7z015 (JTAG device index = 1) is programmed with a design that has 2 ILA core(s).
set_property PROBES.FILE {} [get_hw_devices xc7z015_1]
set_property FULL_PROBES.FILE {} [get_hw_devices xc7z015_1]
set_property PROGRAM.FILE {D:/OneDrive/Desktop/FPGA/my_uart_tx/my_uart_tx.runs/impl_1/uart_top.bit} [get_hw_devices xc7z015_1]
program_hw_devices [get_hw_devices xc7z015_1]
INFO: [Labtools 27-3164] End of startup status: HIGH
refresh_hw_device [lindex [get_hw_devices xc7z015_1] 0]
INFO: [Labtools 27-1434] Device xc7z015 (JTAG device index = 1) is programmed with a design that has no supported debug core(s) in it.
ERROR: [Labtoolstcl 44-513] HW Target shutdown. Closing target: localhost:3121/xilinx_tcf/Digilent/C30644E8ABCD
INFO: [Labtoolstcl 44-466] Opening hw_target localhost:3121/xilinx_tcf/Digilent/C30644E8ABCD
WARNING: [Labtoolstcl 44-129] No matching hw_ila_data was found.
INFO: [Labtools 27-1434] Device xc7z015 (JTAG device index = 1) is programmed with a design that has no supported debug core(s) in it.
WARNING: [Labtoolstcl 44-129] No matching hw_ila_data was found.
reset_run synth_1
WARNING: [Vivado 12-1017] Problems encountered:
1. Failed to delete one or more files in run directory D:/OneDrive/Desktop/FPGA/my_uart_tx/my_uart_tx.runs/synth_1

launch_runs impl_1 -to_step write_bitstream -jobs 8
[Fri Jul 31 17:03:30 2026] Launched synth_1...
Run output will be captured here: D:/OneDrive/Desktop/FPGA/my_uart_tx/my_uart_tx.runs/synth_1/runme.log
[Fri Jul 31 17:03:30 2026] Launched impl_1...
Run output will be captured here: D:/OneDrive/Desktop/FPGA/my_uart_tx/my_uart_tx.runs/impl_1/runme.log
set_property PROBES.FILE {} [get_hw_devices xc7z015_1]
set_property FULL_PROBES.FILE {} [get_hw_devices xc7z015_1]
set_property PROGRAM.FILE {D:/OneDrive/Desktop/FPGA/my_uart_tx/my_uart_tx.runs/impl_1/uart_top.bit} [get_hw_devices xc7z015_1]
program_hw_devices [get_hw_devices xc7z015_1]
INFO: [Labtools 27-3164] End of startup status: HIGH
refresh_hw_device [lindex [get_hw_devices xc7z015_1] 0]
INFO: [Labtools 27-1434] Device xc7z015 (JTAG device index = 1) is programmed with a design that has no supported debug core(s) in it.
ERROR: [Labtoolstcl 44-513] HW Target shutdown. Closing target: localhost:3121/xilinx_tcf/Digilent/C30644E8ABCD
INFO: [Labtoolstcl 44-466] Opening hw_target localhost:3121/xilinx_tcf/Digilent/C30644E8ABCD
WARNING: [Labtoolstcl 44-129] No matching hw_ila_data was found.
INFO: [Labtools 27-1435] Device xc7z015 (JTAG device index = 1) is not programmed (DONE status = 0).
WARNING: [Labtoolstcl 44-129] No matching hw_ila_data was found.
close_sim
INFO: [Simtcl 6-16] Simulation closed
launch_simulation
Command: launch_simulation 
INFO: [Vivado 12-12493] Simulation top is 'tb_top_uart_tx'
boost::filesystem::remove: 另一个程序正在使用此文件，进程无法访问。: "D:/OneDrive/Desktop/FPGA/my_uart_tx/my_uart_tx.sim/sim_1/behav/xsim/simulate.log"
reset_run synth_1
WARNING: [Vivado 12-1017] Problems encountered:
1. Failed to delete one or more files in run directory D:/OneDrive/Desktop/FPGA/my_uart_tx/my_uart_tx.runs/synth_1

launch_runs impl_1 -to_step write_bitstream -jobs 8
[Fri Jul 31 17:07:23 2026] Launched synth_1...
Run output will be captured here: D:/OneDrive/Desktop/FPGA/my_uart_tx/my_uart_tx.runs/synth_1/runme.log
[Fri Jul 31 17:07:23 2026] Launched impl_1...
Run output will be captured here: D:/OneDrive/Desktop/FPGA/my_uart_tx/my_uart_tx.runs/impl_1/runme.log
set_property PROBES.FILE {} [get_hw_devices xc7z015_1]
set_property FULL_PROBES.FILE {} [get_hw_devices xc7z015_1]
set_property PROGRAM.FILE {D:/OneDrive/Desktop/FPGA/my_uart_tx/my_uart_tx.runs/impl_1/uart_top.bit} [get_hw_devices xc7z015_1]
program_hw_devices [get_hw_devices xc7z015_1]
INFO: [Labtools 27-3164] End of startup status: HIGH
refresh_hw_device [lindex [get_hw_devices xc7z015_1] 0]
INFO: [Labtools 27-1434] Device xc7z015 (JTAG device index = 1) is programmed with a design that has no supported debug core(s) in it.
reset_run synth_1
WARNING: [Vivado 12-1017] Problems encountered:
1. Failed to delete one or more files in run directory D:/OneDrive/Desktop/FPGA/my_uart_tx/my_uart_tx.runs/synth_1

launch_runs impl_1 -to_step write_bitstream -jobs 8
[Fri Jul 31 17:10:04 2026] Launched synth_1...
Run output will be captured here: D:/OneDrive/Desktop/FPGA/my_uart_tx/my_uart_tx.runs/synth_1/runme.log
[Fri Jul 31 17:10:04 2026] Launched impl_1...
Run output will be captured here: D:/OneDrive/Desktop/FPGA/my_uart_tx/my_uart_tx.runs/impl_1/runme.log
set_property PROBES.FILE {} [get_hw_devices xc7z015_1]
set_property FULL_PROBES.FILE {} [get_hw_devices xc7z015_1]
set_property PROGRAM.FILE {D:/OneDrive/Desktop/FPGA/my_uart_tx/my_uart_tx.runs/impl_1/uart_top.bit} [get_hw_devices xc7z015_1]
program_hw_devices [get_hw_devices xc7z015_1]
INFO: [Labtools 27-3164] End of startup status: HIGH
refresh_hw_device [lindex [get_hw_devices xc7z015_1] 0]
INFO: [Labtools 27-1434] Device xc7z015 (JTAG device index = 1) is programmed with a design that has no supported debug core(s) in it.
