#-----------------------------------------------------------
# Vivado v2021.1 (64-bit)
# SW Build 3247384 on Thu Jun 10 19:36:33 MDT 2021
# IP Build 3246043 on Fri Jun 11 00:30:35 MDT 2021
# Start of session at: Wed Jul 29 09:52:52 2026
# Process ID: 19016
# Current directory: D:/OneDrive/Desktop/FPGA/my_uart_tx
# Command line: vivado.exe -gui_launcher_event rodinguilauncherevent41252 D:\OneDrive\Desktop\FPGA\my_uart_tx\my_uart_tx.xpr
# Log file: D:/OneDrive/Desktop/FPGA/my_uart_tx/vivado.log
# Journal file: D:/OneDrive/Desktop/FPGA/my_uart_tx\vivado.jou
#-----------------------------------------------------------
start_gui
open_project D:/OneDrive/Desktop/FPGA/my_uart_tx/my_uart_tx.xpr
update_compile_order -fileset sources_1
update_compile_order -fileset sim_1
launch_simulation
launch_simulation
open_wave_config D:/OneDrive/Desktop/FPGA/my_uart_tx/tb_top_uart_tx_behav.wcfg
source uart_tx.tcl
update_compile_order -fileset sim_1
relaunch_sim
relaunch_sim
relaunch_sim
close_sim
launch_simulation
open_wave_config D:/OneDrive/Desktop/FPGA/my_uart_tx/tb_top_uart_tx_behav.wcfg
source tb_top_uart_tx.tcl
relaunch_sim
update_compile_order -fileset sim_1
update_compile_order -fileset sim_1
relaunch_sim
relaunch_sim
run 10 ms
relaunch_sim
relaunch_sim
relaunch_sim
run 10 ms
run 10 ms
run 10 ms
run 10 ms
run 10 ms
run 10 ms
run 10 ms
run 10 ms
run 10 ms
run 10 ms
run 10 ms
run 10 ms
run 10 ms
run 10 ms
run 10 ms
run 10 ms
run 50 ms
run 50 ms
run 50 ms
run 50 ms
add_files -norecurse D:/OneDrive/Desktop/FPGA/my_uart_tx/st/01_rtl/uart_top.v
update_compile_order -fileset sources_1
update_compile_order -fileset sources_1
relaunch_sim
relaunch_sim
relaunch_sim
relaunch_sim
run 50 ms
relaunch_sim
run 50 ms
relaunch_sim
run 50 ms
save_wave_config {D:/OneDrive/Desktop/FPGA/my_uart_tx/tb_top_uart_tx_behav.wcfg}
close_sim
