#-----------------------------------------------------------
# Vivado v2021.1 (64-bit)
# SW Build 3247384 on Thu Jun 10 19:36:33 MDT 2021
# IP Build 3246043 on Fri Jun 11 00:30:35 MDT 2021
# Start of session at: Thu Jul 23 18:06:42 2026
# Process ID: 27128
# Current directory: D:/OneDrive/Desktop/FPGA/my_led
# Command line: vivado.exe -gui_launcher_event rodinguilauncherevent3392 D:\OneDrive\Desktop\FPGA\my_led\my_led.xpr
# Log file: D:/OneDrive/Desktop/FPGA/my_led/vivado.log
# Journal file: D:/OneDrive/Desktop/FPGA/my_led\vivado.jou
#-----------------------------------------------------------
start_gui
open_project D:/OneDrive/Desktop/FPGA/my_led/my_led.xpr
WARNING: [filemgmt 56-3] Default IP Output Path : Could not find the directory 'D:/OneDrive/Desktop/FPGA/my_led/my_led.gen/sources_1'.
Scanning sources...
Finished scanning sources
INFO: [IP_Flow 19-234] Refreshing IP repositories
INFO: [IP_Flow 19-1704] No user IP repositories specified
INFO: [IP_Flow 19-2313] Loaded Vivado IP repository 'E:/FPGA_Xilinx/Vivado/2021.1/data/ip'.
open_project: Time (s): cpu = 00:00:17 ; elapsed = 00:00:08 . Memory (MB): peak = 1258.055 ; gain = 0.000
exit
INFO: [Common 17-206] Exiting Vivado at Thu Jul 23 18:07:21 2026...
