#-----------------------------------------------------------
# Vivado v2021.1 (64-bit)
# SW Build 3247384 on Thu Jun 10 19:36:33 MDT 2021
# IP Build 3246043 on Fri Jun 11 00:30:35 MDT 2021
# Start of session at: Fri Jul 24 13:47:42 2026
# Process ID: 23744
# Current directory: D:/OneDrive/Desktop/FPGA/my_led
# Command line: vivado.exe -gui_launcher_event rodinguilauncherevent38548 D:\OneDrive\Desktop\FPGA\my_led\my_led.xpr
# Log file: D:/OneDrive/Desktop/FPGA/my_led/vivado.log
# Journal file: D:/OneDrive/Desktop/FPGA/my_led\vivado.jou
#-----------------------------------------------------------
start_gui
open_project D:/OneDrive/Desktop/FPGA/my_led/my_led.xpr
WARNING: [filemgmt 56-3] Default IP Output Path : Could not find the directory 'D:/OneDrive/Desktop/FPGA/my_led/my_led.gen/sources_1'.
Scanning sources...
Finished scanning sources
INFO: [IP_Flow 19-234] Refreshing IP repositories
INFO: [IP_Flow 19-1704] No user IP repositories specified
INFO: [IP_Flow 19-2313] Loaded Vivado IP repository 'E:/FPGA_Xilinx/Vivado/2021.1/data/ip'.
open_project: Time (s): cpu = 00:00:18 ; elapsed = 00:00:08 . Memory (MB): peak = 1257.750 ; gain = 0.000
update_compile_order -fileset sources_1
launch_simulation
Command: launch_simulation 
INFO: [Vivado 12-12493] Simulation top is 'tb_led'
INFO: [Vivado 12-5682] Launching behavioral simulation in 'D:/OneDrive/Desktop/FPGA/my_led/my_led.sim/sim_1/behav/xsim'
INFO: [SIM-utils-51] Simulation object is 'sim_1'
INFO: [SIM-utils-72] Using boost library from 'E:/FPGA_Xilinx/Vivado/2021.1/tps/boost_1_72_0'
INFO: [SIM-utils-54] Inspecting design source files for 'tb_led' in fileset 'sim_1'...
INFO: [USF-XSim-97] Finding global include files...
INFO: [USF-XSim-98] Fetching design files from 'sim_1'...
INFO: [USF-XSim-2] XSim::Compile design
INFO: [USF-XSim-61] Executing 'COMPILE and ANALYZE' step in 'D:/OneDrive/Desktop/FPGA/my_led/my_led.sim/sim_1/behav/xsim'
"xvlog --incr --relax -prj tb_led_vlog.prj"
INFO: [VRFC 10-2263] Analyzing Verilog file "D:/OneDrive/Desktop/FPGA/my_led/st/01_rtl/led.v" into library xil_defaultlib
INFO: [VRFC 10-311] analyzing module led
INFO: [VRFC 10-2263] Analyzing Verilog file "D:/OneDrive/Desktop/FPGA/my_led/st/02_sim/tb_led.v" into library xil_defaultlib
INFO: [VRFC 10-311] analyzing module tb_led
INFO: [USF-XSim-69] 'compile' step finished in '2' seconds
INFO: [USF-XSim-3] XSim::Elaborate design
INFO: [USF-XSim-61] Executing 'ELABORATE' step in 'D:/OneDrive/Desktop/FPGA/my_led/my_led.sim/sim_1/behav/xsim'
"xelab -wto 6794bbb930624fa4b8dc7184d48f390d --incr --debug typical --relax --mt 2 -L xil_defaultlib -L unisims_ver -L unimacro_ver -L secureip --snapshot tb_led_behav xil_defaultlib.tb_led xil_defaultlib.glbl -log elaborate.log"
Vivado Simulator v2021.1
Copyright 1986-1999, 2001-2021 Xilinx, Inc. All Rights Reserved.
Running: E:/FPGA_Xilinx/Vivado/2021.1/bin/unwrapped/win64.o/xelab.exe -wto 6794bbb930624fa4b8dc7184d48f390d --incr --debug typical --relax --mt 2 -L xil_defaultlib -L unisims_ver -L unimacro_ver -L secureip --snapshot tb_led_behav xil_defaultlib.tb_led xil_defaultlib.glbl -log elaborate.log 
Using 2 slave threads.
Starting static elaboration
Pass Through NonSizing Optimizer
Completed static elaboration
Starting simulation data flow analysis
WARNING: [XSIM 43-4099] "D:/OneDrive/Desktop/FPGA/my_led/st/01_rtl/led.v" Line 1. Module led(CNT_MAX=9) doesn't have a timescale but at least one module in design has a timescale.
WARNING: [XSIM 43-4099] "D:/OneDrive/Desktop/FPGA/my_led/st/01_rtl/led.v" Line 1. Module led(CNT_MAX=9) doesn't have a timescale but at least one module in design has a timescale.
Completed simulation data flow analysis
Time Resolution for simulation is 1ps
Compiling module xil_defaultlib.led(CNT_MAX=9)
Compiling module xil_defaultlib.tb_led
Compiling module xil_defaultlib.glbl
Built simulation snapshot tb_led_behav
INFO: [USF-XSim-69] 'elaborate' step finished in '5' seconds
INFO: [USF-XSim-4] XSim::Simulate design
INFO: [USF-XSim-61] Executing 'SIMULATE' step in 'D:/OneDrive/Desktop/FPGA/my_led/my_led.sim/sim_1/behav/xsim'
INFO: [USF-XSim-98] *** Running xsim
   with args "tb_led_behav -key {Behavioral:sim_1:Functional:tb_led} -tclbatch {tb_led.tcl} -view {D:/OneDrive/Desktop/FPGA/my_led/tb_led_behav.wcfg} -log {simulate.log}"
INFO: [USF-XSim-8] Loading simulator feature
Time resolution is 1 ps
open_wave_config D:/OneDrive/Desktop/FPGA/my_led/tb_led_behav.wcfg
source tb_led.tcl
# set curr_wave [current_wave_config]
# if { [string length $curr_wave] == 0 } {
#   if { [llength [get_objects]] > 0} {
#     add_wave /
#     set_property needs_save false [current_wave_config]
#   } else {
#      send_msg_id Add_Wave-1 WARNING "No top level signals found. Simulator will start without a wave window. If you want to open a wave window go to 'File->New Waveform Configuration' or type 'create_wave_config' in the TCL console."
#   }
# }
# run 1000ns
INFO: [USF-XSim-96] XSim completed. Design snapshot 'tb_led_behav' loaded.
INFO: [USF-XSim-97] XSim simulation ran for 1000ns
launch_simulation: Time (s): cpu = 00:00:08 ; elapsed = 00:00:12 . Memory (MB): peak = 1257.750 ; gain = 0.000
close_sim
INFO: [Simtcl 6-16] Simulation closed
close_project
