C51 COMPILER V9.54   MAIN                                                                  08/03/2026 17:29:52 PAGE 1   


C51 COMPILER V9.54, COMPILATION OF MODULE MAIN
OBJECT MODULE PLACED IN .\Objects\main.obj
COMPILER INVOKED BY: D:\Keil_v5\C51\BIN\C51.EXE main.c OPTIMIZE(8,SPEED) BROWSE DEBUG OBJECTEXTEND PRINT(.\Listings\main
                    -.lst) OBJECT(.\Objects\main.obj)

line level    source

   1          #include <REGX52.H>
   2          #include "Delay.h"
   3          #include "LCD1602.h"
   4          #include "MatrixKey.h"
   5          
   6          unsigned char KeyNum = 0;
   7          unsigned int password = 0,Count = 0;
   8          
   9          void main(){
  10   1              
  11   1              LCD_Init();
  12   1              LCD_ShowString(1,1,"password:");
  13   1              
  14   1              while(1){
  15   2                      
  16   2                      KeyNum = KeyDown();
  17   2                      if(KeyNum){
  18   3                              if(KeyNum <= 10){ //S1-S12按键为密码锁功能范围，S1-S10是密码其余4个按键没用到
  19   4                                      if(Count < 4){                           //限制次数
  20   5                                              password *= 10;                  //拼接密码
  21   5                                              password += KeyNum % 10; //获取一位密码
  22   5                                              Count ++;
  23   5                                      }
  24   4                                      LCD_ShowNum(2,1,password,4);
  25   4                              }
  26   3                              if(KeyNum == 11){//确认键
  27   4                                      if(password == 2345){
  28   5                                              LCD_ShowString(1,14," OK");
  29   5                                              password = 0;
  30   5                                              Count = 0;
  31   5                                              LCD_ShowNum(2,1,password,4);
  32   5                                      }
  33   4                                      else{
  34   5                                              LCD_ShowString(1,14,"ERR");
  35   5                                              password = 0;
  36   5                                              Count = 0;
  37   5                                              LCD_ShowNum(2,1,password,4);
  38   5                                      }
  39   4                              }
  40   3                              if(KeyNum == 12){//取消键
  41   4                                      password = 0;
  42   4                                      Count = 0;
  43   4                                      LCD_ShowString(1,14,"   ");
  44   4                                      LCD_ShowNum(2,1,password,4);
  45   4                              }
  46   3                      }
  47   2                              
  48   2              }
  49   1      }


MODULE INFORMATION:   STATIC OVERLAYABLE
   CODE SIZE        =    202    ----
   CONSTANT SIZE    =     22    ----
C51 COMPILER V9.54   MAIN                                                                  08/03/2026 17:29:52 PAGE 2   

   XDATA SIZE       =   ----    ----
   PDATA SIZE       =   ----    ----
   DATA SIZE        =      5    ----
   IDATA SIZE       =   ----    ----
   BIT SIZE         =   ----    ----
END OF MODULE INFORMATION.


C51 COMPILATION COMPLETE.  0 WARNING(S),  0 ERROR(S)
