C51 COMPILER V9.54   MATRIXKEY                                                             08/03/2026 17:27:21 PAGE 1   


C51 COMPILER V9.54, COMPILATION OF MODULE MATRIXKEY
OBJECT MODULE PLACED IN .\Objects\MatrixKey.obj
COMPILER INVOKED BY: D:\Keil_v5\C51\BIN\C51.EXE MatrixKey.c OPTIMIZE(8,SPEED) BROWSE DEBUG OBJECTEXTEND PRINT(.\Listings
                    -\MatrixKey.lst) OBJECT(.\Objects\MatrixKey.obj)

line level    source

   1          #include "MatrixKey.h"
   2          
   3          unsigned char KeyDown(){
   4   1              char a = 0;
   5   1              unsigned char KeyVal = 0;
   6   1              
   7   1              P1 = 0x0f;// 0000 1111  行置低 列置高
   8   1              
   9   1              if(P1 != 0x0f){
  10   2                      Delay(20);
  11   2                      if(P1 != 0x0f){
  12   3                              //测试列
  13   3                              switch(P1){
  14   4                                      case(0x07): KeyVal = 1;break; // 0000  0111         8 4 2 1
  15   4                                      case(0x0B): KeyVal = 2;break; // 0000  1011         8 4 2 1
  16   4                                      case(0x0D): KeyVal = 3;break; // 0000  1101         8 4 2 1
  17   4                                      case(0x0E): KeyVal = 4;break; // 0000  1110         8 4 2 1
  18   4                              }
  19   3                              //测试行
  20   3                              P1 = 0xF0;
  21   3                              switch(P1){
  22   4                                      case(0x70): KeyVal = KeyVal;break;              // 0111  0000         8 4 2 1
  23   4                                      case(0xB0): KeyVal = KeyVal + 4;break;  // 1011  0000         8 4 2 1
  24   4                                      case(0xD0): KeyVal = KeyVal + 8;break;  // 1101  0000         8 4 2 1
  25   4                                      case(0xE0): KeyVal = KeyVal + 12;break; // 1101  0000         8 4 2 1
  26   4                              }
  27   3                              while((a < 50) && (P1 != 0xF0))
  28   3                              {
  29   4                                      Delay(20);
  30   4                                      a++;
  31   4                              }
  32   3                      }
  33   2                      return KeyVal;
  34   2              }else{
  35   2                      return 0;
  36   2              }
  37   1      }
  38          
  39          


MODULE INFORMATION:   STATIC OVERLAYABLE
   CODE SIZE        =    136    ----
   CONSTANT SIZE    =   ----    ----
   XDATA SIZE       =   ----    ----
   PDATA SIZE       =   ----    ----
   DATA SIZE        =   ----       2
   IDATA SIZE       =   ----    ----
   BIT SIZE         =   ----    ----
END OF MODULE INFORMATION.


C51 COMPILATION COMPLETE.  0 WARNING(S),  0 ERROR(S)
