C51 COMPILER V9.54   MAIN                                                                  07/16/2026 16:32:19 PAGE 1   


C51 COMPILER V9.54, COMPILATION OF MODULE MAIN
OBJECT MODULE PLACED IN .\Objects\main.obj
COMPILER INVOKED BY: D:\Keil_v5\C51\BIN\C51.EXE main.c OPTIMIZE(8,SPEED) BROWSE DEBUG OBJECTEXTEND PRINT(.\Listings\main
                    -.lst) OBJECT(.\Objects\main.obj)

line level    source

   1          #include <REGX52.H>
   2          #include <string.h>
   3          
   4          unsigned char str[8] = {0XFE,0XFD,0XFB,0XF7,0XEF,0XDF,0XBF,0X7F};
   5          
   6          void Delay1ms(unsigned int xms) //@12.000MHz
   7          {
   8   1              unsigned char data i, j;
   9   1              while(xms){
  10   2                      i = 2;
  11   2                      j = 239;
  12   2                      do
  13   2                      {
  14   3                              while (--j);
  15   3                      } while (--i);
  16   2                      xms --;
  17   2              }
  18   1      }
  19          
  20          void main(){
  21   1              
  22   1              P2 = 0XFE;
  23   1              while(1){
  24   2                      int i = 0;
  25   2                      for(;i < strlen(str);i ++){
  26   3                              P2 = str[i];
  27   3                              Delay1ms(100);
  28   3                      }
  29   2                      for(i = strlen(str) - 1;i >= 0;i --){
  30   3                              P2 = str[i];
  31   3                              Delay1ms(50);
  32   3                      }
  33   2              }
  34   1      }


MODULE INFORMATION:   STATIC OVERLAYABLE
   CODE SIZE        =    124    ----
   CONSTANT SIZE    =   ----    ----
   XDATA SIZE       =   ----    ----
   PDATA SIZE       =   ----    ----
   DATA SIZE        =      8       2
   IDATA SIZE       =   ----    ----
   BIT SIZE         =   ----    ----
END OF MODULE INFORMATION.


C51 COMPILATION COMPLETE.  0 WARNING(S),  0 ERROR(S)
