#-----------------------------------------------------------
# Vivado v2021.1 (64-bit)
# SW Build 3247384 on Thu Jun 10 19:36:33 MDT 2021
# IP Build 3246043 on Fri Jun 11 00:30:35 MDT 2021
# Start of session at: Thu Jul 23 09:01:39 2026
# Process ID: 30260
# Current directory: D:/OneDrive/Desktop/FPGA/my_demo
# Command line: vivado.exe -gui_launcher_event rodinguilauncherevent17924 D:\OneDrive\Desktop\FPGA\my_demo\my_demo.xpr
# Log file: D:/OneDrive/Desktop/FPGA/my_demo/vivado.log
# Journal file: D:/OneDrive/Desktop/FPGA/my_demo\vivado.jou
#-----------------------------------------------------------
start_gui
open_project D:/OneDrive/Desktop/FPGA/my_demo/my_demo.xpr
update_compile_order -fileset sources_1
launch_simulation
launch_simulation
open_wave_config D:/OneDrive/Desktop/FPGA/my_demo/tb_demo_behav.wcfg
source tb_demo.tcl
close_sim
remove_files  -fileset utils_1 D:/OneDrive/Desktop/FPGA/my_demo/post_flow.tcl
reset_run synth_1
launch_simulation
open_wave_config D:/OneDrive/Desktop/FPGA/my_demo/tb_demo_behav.wcfg
source tb_demo.tcl
relaunch_sim
run 10 us
relaunch_sim
relaunch_sim
relaunch_sim
relaunch_sim
relaunch_sim
relaunch_sim
relaunch_sim
relaunch_sim
relaunch_sim
relaunch_sim
relaunch_sim
relaunch_sim
relaunch_sim
relaunch_sim
relaunch_sim
relaunch_sim
relaunch_sim
relaunch_sim
relaunch_sim
relaunch_sim
relaunch_sim
relaunch_sim
relaunch_sim
relaunch_sim
relaunch_sim
relaunch_sim
relaunch_sim
relaunch_sim
relaunch_sim
relaunch_sim
relaunch_sim
relaunch_sim
relaunch_sim
relaunch_sim
relaunch_sim
save_wave_config {D:/OneDrive/Desktop/FPGA/my_demo/tb_demo_behav.wcfg}
close_sim
