#-----------------------------------------------------------
# Vivado v2021.1 (64-bit)
# SW Build 3247384 on Thu Jun 10 19:36:33 MDT 2021
# IP Build 3246043 on Fri Jun 11 00:30:35 MDT 2021
# Start of session at: Sun Jul 26 12:12:51 2026
# Process ID: 30108
# Current directory: D:/OneDrive/Desktop/FPGA/my_key
# Command line: vivado.exe -gui_launcher_event rodinguilauncherevent41940 D:\OneDrive\Desktop\FPGA\my_key\my_key.xpr
# Log file: D:/OneDrive/Desktop/FPGA/my_key/vivado.log
# Journal file: D:/OneDrive/Desktop/FPGA/my_key\vivado.jou
#-----------------------------------------------------------
start_gui
open_project D:/OneDrive/Desktop/FPGA/my_key/my_key.xpr
WARNING: [filemgmt 56-3] Default IP Output Path : Could not find the directory 'D:/OneDrive/Desktop/FPGA/my_key/my_key.gen/sources_1'.
Scanning sources...
Finished scanning sources
INFO: [IP_Flow 19-234] Refreshing IP repositories
INFO: [IP_Flow 19-1704] No user IP repositories specified
INFO: [IP_Flow 19-2313] Loaded Vivado IP repository 'E:/FPGA_Xilinx/Vivado/2021.1/data/ip'.
open_project: Time (s): cpu = 00:00:17 ; elapsed = 00:00:12 . Memory (MB): peak = 1282.473 ; gain = 0.000
update_compile_order -fileset sources_1
launch_simulation
Command: launch_simulation 
INFO: [Vivado 12-12493] Simulation top is 'tb_top_key'
INFO: [Vivado 12-5682] Launching behavioral simulation in 'D:/OneDrive/Desktop/FPGA/my_key/my_key.sim/sim_1/behav/xsim'
INFO: [SIM-utils-51] Simulation object is 'sim_1'
INFO: [SIM-utils-72] Using boost library from 'E:/FPGA_Xilinx/Vivado/2021.1/tps/boost_1_72_0'
INFO: [SIM-utils-54] Inspecting design source files for 'tb_top_key' in fileset 'sim_1'...
INFO: [USF-XSim-97] Finding global include files...
INFO: [USF-XSim-98] Fetching design files from 'sim_1'...
INFO: [USF-XSim-2] XSim::Compile design
INFO: [USF-XSim-61] Executing 'COMPILE and ANALYZE' step in 'D:/OneDrive/Desktop/FPGA/my_key/my_key.sim/sim_1/behav/xsim'
"xvlog --incr --relax -prj tb_top_key_vlog.prj"
INFO: [VRFC 10-2263] Analyzing Verilog file "D:/OneDrive/Desktop/FPGA/my_key/st/01_rtl/key.v" into library xil_defaultlib
INFO: [VRFC 10-311] analyzing module key
INFO: [VRFC 10-2263] Analyzing Verilog file "D:/OneDrive/Desktop/FPGA/my_key/st/02_sim/tb_top_key.v" into library xil_defaultlib
INFO: [VRFC 10-311] analyzing module tb_top_key
ERROR: [VRFC 10-8414] extra comma in port association list is not allowed [D:/OneDrive/Desktop/FPGA/my_key/st/02_sim/tb_top_key.v:60]
ERROR: [VRFC 10-2989] 't_key_down' is not declared [D:/OneDrive/Desktop/FPGA/my_key/st/02_sim/tb_top_key.v:16]
ERROR: [VRFC 10-2865] module 'tb_top_key' ignored due to previous errors [D:/OneDrive/Desktop/FPGA/my_key/st/02_sim/tb_top_key.v:3]
INFO: [USF-XSim-69] 'compile' step finished in '4' seconds
INFO: [USF-XSim-99] Step results log file:'D:/OneDrive/Desktop/FPGA/my_key/my_key.sim/sim_1/behav/xsim/xvlog.log'
ERROR: [USF-XSim-62] 'compile' step failed with error(s). Please check the Tcl console output or 'D:/OneDrive/Desktop/FPGA/my_key/my_key.sim/sim_1/behav/xsim/xvlog.log' file for more information.
ERROR: [Vivado 12-4473] Detected error while running simulation. Please correct the issue and retry this operation.
launch_simulation: Time (s): cpu = 00:00:01 ; elapsed = 00:00:05 . Memory (MB): peak = 1282.473 ; gain = 0.000
ERROR: [Common 17-39] 'launch_simulation' failed due to earlier errors.
launch_simulation
Command: launch_simulation 
INFO: [Vivado 12-12493] Simulation top is 'tb_top_key'
INFO: [Vivado 12-5682] Launching behavioral simulation in 'D:/OneDrive/Desktop/FPGA/my_key/my_key.sim/sim_1/behav/xsim'
INFO: [Common 17-41] Interrupt caught. Command should exit soon.
