BL51 BANKED LINKER/LOCATER V6.22                                                        07/16/2026  16:46:19  PAGE 1


BL51 BANKED LINKER/LOCATER V6.22, INVOKED BY:
D:\KEIL_V5\C51\BIN\BL51.EXE .\Objects\main.obj TO .\Objects\Project PRINT (.\Listings\Project.m51) RAMSIZE (256)


MEMORY MODEL: SMALL


INPUT MODULES INCLUDED:
  .\Objects\main.obj (MAIN)
  D:\KEIL_V5\C51\LIB\C51S.LIB (?C_STARTUP)


LINK MAP OF MODULE:  .\Objects\Project (MAIN)


            TYPE    BASE      LENGTH    RELOCATION   SEGMENT NAME
            -----------------------------------------------------

            * * * * * * *   D A T A   M E M O R Y   * * * * * * *
            REG     0000H     0008H     ABSOLUTE     "REG BANK 0"
            IDATA   0008H     0001H     UNIT         ?STACK

            * * * * * * *   C O D E   M E M O R Y   * * * * * * *
            CODE    0000H     0003H     ABSOLUTE     
                    0003H     07FDH                  *** GAP ***
            CODE    0800H     000EH     UNIT         ?PR?MAIN?MAIN
            CODE    080EH     000CH     UNIT         ?C_C51STARTUP



OVERLAY MAP OF MODULE:   .\Objects\Project (MAIN)


SEGMENT
  +--> CALLED SEGMENT
---------------------
?C_C51STARTUP
  +--> ?PR?MAIN?MAIN



SYMBOL TABLE OF MODULE:  .\Objects\Project (MAIN)

  VALUE           TYPE          NAME
  ----------------------------------

  -------         MODULE        MAIN
  C:0000H         SYMBOL        _ICE_DUMMY_
  B:00A0H.0       PUBLIC        P2_0
  B:00B0H.0       PUBLIC        P3_0
  C:0800H         PUBLIC        main
  -------         PROC          MAIN
  C:0800H         LINE#         3
  C:0800H         LINE#         7
  C:0800H         LINE#         8
  C:0803H         LINE#         9
  C:0805H         LINE#         10
  C:0807H         LINE#         11
BL51 BANKED LINKER/LOCATER V6.22                                                      07/16/2026  16:46:19  PAGE 2


  C:080AH         LINE#         12
  C:080CH         LINE#         13
  C:080CH         LINE#         14
  -------         ENDPROC       MAIN
  -------         ENDMOD        MAIN

******************************************************************************
* RESTRICTED VERSION WITH 0800H BYTE CODE SIZE LIMIT; USED: 000EH BYTE ( 0%) *
******************************************************************************

Program Size: data=9.0 xdata=0 code=29
LINK/LOCATE RUN COMPLETE.  0 WARNING(S),  0 ERROR(S)
